14:25:54 **** Incremental Build of configuration Debug for project ledprac_CPU0 ****
make -r --output-sync -j7 all 
Building file: ../src/hal_entry.c
../src/hal_entry.c:21:13: warning: unused variable 'index' [-Wunused-variable]
   21 |    uint32_t index = 0;
      |             ^~~~~
1 warning generated.
Building target: ledprac_CPU0.elf
llvm-size --format=berkeley "ledprac_CPU0.elf"
   text	   data	    bss	    dec	    hex	filename
   5810	      0	   1184	   6994	   1b52	ledprac_CPU0.elf
llvm-objcopy "ledprac_CPU0.elf" -O srec  "ledprac_CPU0.srec"

14:25:54 Build Finished. 0 errors, 1 warnings. (took 548ms)

