16:19:36 **** Build of configuration Debug for project e2studio ****
make -r -j7 all 
Building file: ../src/images/user_font_title/D.c
Building file: ../src/images/user_font_title/E.c
Building file: ../src/images/user_font_title/C.c
Building file: ../src/images/user_font_title/A.c
Building file: ../src/images/user_font_title/B.c
Building file: ../src/images/user_font_title/G.c
Building file: ../src/images/user_font_title/F.c
Building file: ../src/images/user_font_title/H.c
Building file: ../src/images/user_font_title/I.c
Building file: ../src/images/user_font_title/J.c
Building file: ../src/images/user_font_title/L.c
Building file: ../src/images/user_font_title/K.c
Building file: ../src/images/user_font_title/M.c
Building file: ../src/images/user_font_title/MINUS.c
Building file: ../src/images/user_font_title/N.c
Building file: ../src/images/user_font_title/P.c
Building file: ../src/images/user_font_title/O.c
Building file: ../src/images/user_font_title/Q.c
Building file: ../src/images/user_font_title/R.c
Building file: ../src/images/user_font_title/SPACE.c
Building file: ../src/images/user_font_title/S.c
Building file: ../src/images/user_font_title/T.c
Building file: ../src/images/user_font_title/U.c
Building file: ../src/images/user_font_title/UNDERSCORE.c
Building file: ../src/images/user_font_title/V.c
Building file: ../src/images/user_font_title/W.c
Building file: ../src/images/user_font_title/X.c
Building file: ../src/images/user_font_title/Y.c
Building file: ../src/images/user_font_title/Z.c
Building file: ../src/images/user_font_title/user_font_title_if.c
Building file: ../src/images/user_font_body/uc/A.c
Building file: ../src/images/user_font_body/uc/B.c
Building file: ../src/images/user_font_body/uc/C.c
Building file: ../src/images/user_font_body/uc/D.c
Building file: ../src/images/user_font_body/uc/E.c
Building file: ../src/images/user_font_body/uc/G.c
Building file: ../src/images/user_font_body/uc/F.c
Building file: ../src/images/user_font_body/uc/H.c
Building file: ../src/images/user_font_body/uc/I.c
Building file: ../src/images/user_font_body/uc/J.c
Building file: ../src/images/user_font_body/uc/K.c
Building file: ../src/images/user_font_body/uc/L.c
Building file: ../src/images/user_font_body/uc/N.c
Building file: ../src/images/user_font_body/uc/M.c
Building file: ../src/images/user_font_body/uc/O.c
Building file: ../src/images/user_font_body/uc/P.c
Building file: ../src/images/user_font_body/uc/Q.c
Building file: ../src/images/user_font_body/uc/R.c
Building file: ../src/images/user_font_body/uc/S.c
Building file: ../src/images/user_font_body/uc/T.c
Building file: ../src/images/user_font_body/uc/V.c
Building file: ../src/images/user_font_body/uc/U.c
Building file: ../src/images/user_font_body/uc/W.c
Building file: ../src/images/user_font_body/uc/X.c
Building file: ../src/images/user_font_body/uc/Y.c
Building file: ../src/images/user_font_body/uc/Z.c
Building file: ../src/images/user_font_body/lc/a.c
Building file: ../src/images/user_font_body/lc/b.c
Building file: ../src/images/user_font_body/lc/c.c
Building file: ../src/images/user_font_body/lc/d.c
Building file: ../src/images/user_font_body/lc/e.c
Building file: ../src/images/user_font_body/lc/g.c
Building file: ../src/images/user_font_body/lc/f.c
Building file: ../src/images/user_font_body/lc/h.c
Building file: ../src/images/user_font_body/lc/i.c
Building file: ../src/images/user_font_body/lc/j.c
Building file: ../src/images/user_font_body/lc/k.c
Building file: ../src/images/user_font_body/lc/l.c
Building file: ../src/images/user_font_body/lc/m.c
Building file: ../src/images/user_font_body/lc/n.c
Building file: ../src/images/user_font_body/lc/o.c
Building file: ../src/images/user_font_body/lc/p.c
Building file: ../src/images/user_font_body/lc/r.c
Building file: ../src/images/user_font_body/lc/q.c
Building file: ../src/images/user_font_body/lc/s.c
Building file: ../src/images/user_font_body/lc/t.c
Building file: ../src/images/user_font_body/lc/u.c
Building file: ../src/images/user_font_body/lc/v.c
Building file: ../src/images/user_font_body/lc/w.c
Building file: ../src/images/user_font_body/lc/x.c
Building file: ../src/images/user_font_body/lc/y.c
Building file: ../src/images/user_font_body/lc/z.c
Building file: ../src/images/user_font_body/0.c
Building file: ../src/images/user_font_body/1.c
Building file: ../src/images/user_font_body/3.c
Building file: ../src/images/user_font_body/2.c
Building file: ../src/images/user_font_body/4.c
Building file: ../src/images/user_font_body/5.c
Building file: ../src/images/user_font_body/6.c
Building file: ../src/images/user_font_body/7.c
Building file: ../src/images/user_font_body/8.c
Building file: ../src/images/user_font_body/AND.c
Building file: ../src/images/user_font_body/9.c
Building file: ../src/images/user_font_body/CLOSED_CURVED.c
Building file: ../src/images/user_font_body/CLOSED_SQUARE.c
Building file: ../src/images/user_font_body/COLON.c
Building file: ../src/images/user_font_body/COMMA.c
Building file: ../src/images/user_font_body/DEGREES.c
Building file: ../src/images/user_font_body/FULL_STOP.c
Building file: ../src/images/user_font_body/MINUS.c
Building file: ../src/images/user_font_body/OPEN_CURVED.c
Building file: ../src/images/user_font_body/OPEN_SQUARE.c
Building file: ../src/images/user_font_body/PERCENT.c
Building file: ../src/images/user_font_body/SLASH.c
Building file: ../src/images/user_font_body/SPACE.c
Building file: ../src/images/user_font_body/UNDERSCORE.c
Building file: ../src/images/user_font_body/user_font_body_if.c
Building file: ../src/images/overlays/menu_overlay.c
Building file: ../src/images/backgrounds/user_led_background_1024x600.c
Building file: ../src/images/backgrounds/welcome_screen_1024x600.c
Building file: ../src/blinky_thread_entry.c
Building file: ../src/board_cfg_switch.c
Building file: ../src/board_greenpak.c
Building file: ../src/board_hw_cfg.c
Building file: ../src/board_i2c_master.c
Building file: ../src/board_mon_thread_entry.c
Building file: ../src/board_sdram.c
Building file: ../src/camera_thread_entry.c
Building file: ../src/common_init.c
Building file: ../src/common_utils.c
Building file: ../src/display_thread_entry.c
Building file: ../src/hal_entry.c
Building file: ../src/jlink_console.c
Building file: ../src/main_menu_thread_entry.c
Building file: ../src/menu_ext.c
Building file: ../src/menu_kis.c
Building file: ../src/menu_lcd.c
Building file: ../src/menu_led.c
Building file: ../src/menu_main.c
Building file: ../src/menu_ns.c
Building file: ../src/ospi_b_commands.c
Building file: ../src/ospi_b_ep.c
Building file: ../src/ov5640.c
Building file: ../src/ospi_commands.c
Building file: ../src/touch_FT5316.c
Building file: ../src/tp_thread_entry.c
Building file: ../ra_gen/blinky_thread.c
Building file: ../ra_gen/board_mon_thread.c
Building file: ../ra_gen/camera_thread.c
Building file: ../ra_gen/common_data.c
Building file: ../ra_gen/display_thread.c
Building file: ../ra_gen/main.c
Building file: ../ra_gen/hal_data.c
Building file: ../ra_gen/main_menu_thread.c
Building file: ../ra_gen/pin_data.c
Building file: ../ra_gen/tp_thread.c
Building file: ../ra_gen/vector_data.c
Building file: ../ra/tes/dave2d/src/dave_64bitoperation.c
Building file: ../ra/tes/dave2d/src/dave_base.c
Building file: ../ra/tes/dave2d/src/dave_blit.c
Building file: ../ra/tes/dave2d/src/dave_box.c
../ra/tes/dave2d/src/dave_blit.c: In function 'd2_blitcopy':
../ra/tes/dave2d/src/dave_blit.c:417:33: warning: this statement may fall through [-Wimplicit-fallthrough=]
  417 |             blitcontext->texbpp = 1;
      |             ~~~~~~~~~~~~~~~~~~~~^~~
../ra/tes/dave2d/src/dave_blit.c:419:10: note: here
  419 |          case d2_mode_alpha8 :
      |          ^~~~
Building file: ../ra/tes/dave2d/src/dave_circle.c
In file included from ../ra/tes/dave2d/src/dave_intern.h:104,
                 from ../ra/tes/dave2d/src/dave_box.c:20:
../ra/tes/dave2d/src/dave_box.c: In function 'd2_renderbox_inline':
/Users/kim_kyoungkun/Desktop/technonia/r20an0799eu0101-ek-ra8p1-exampleprojects/ek_ra8p1/_quickstart/quickstart_ek_ra8p1_ep/e2studio/ra/tes/dave2d/inc/dave_math.h:52:30: warning: left shift of negative value [-Wshift-negative-value]
   52 | #define D2_FIX16(x)     ((x) << 16)                         /* PRQA S 4131 */ /* $Misra: #PERF_ARITHMETIC_SHIFT_LEFT $*/
      |                              ^~
../ra/tes/dave2d/src/dave_dlist.h:30:63: note: in definition of macro 'D2_DLISTWRITES'
   30 | #define D2_DLISTWRITES(x, y)  d2_add2dlist_intern( handle, x, y )             /* PRQA S 3453 */ /* $Misra: #MACRO_FXN_FORWARD $*/
      |                                                               ^
../ra/tes/dave2d/src/dave_box.c:123:41: note: in expansion of macro 'D2_FIX16'
  123 |             D2_DLISTWRITES( D2_L2YADD , D2_FIX16(-1) );   /* PRQA S 4131 */ /* $Misra: #PERF_ARITHMETIC_SHIFT_LEFT $*/
      |                                         ^~~~~~~~
/Users/kim_kyoungkun/Desktop/technonia/r20an0799eu0101-ek-ra8p1-exampleprojects/ek_ra8p1/_quickstart/quickstart_ek_ra8p1_ep/e2studio/ra/tes/dave2d/inc/dave_math.h:52:30: warning: left shift of negative value [-Wshift-negative-value]
   52 | #define D2_FIX16(x)     ((x) << 16)                         /* PRQA S 4131 */ /* $Misra: #PERF_ARITHMETIC_SHIFT_LEFT $*/
      |                              ^~
../ra/tes/dave2d/src/dave_dlist.h:30:63: note: in definition of macro 'D2_DLISTWRITES'
   30 | #define D2_DLISTWRITES(x, y)  d2_add2dlist_intern( handle, x, y )             /* PRQA S 3453 */ /* $Misra: #MACRO_FXN_FORWARD $*/
      |                                                               ^
../ra/tes/dave2d/src/dave_box.c:138:41: note: in expansion of macro 'D2_FIX16'
  138 |             D2_DLISTWRITES( D2_L2XADD , D2_FIX16(-1) );  /* PRQA S 4131 */ /* $Misra: #PERF_ARITHMETIC_SHIFT_LEFT $*/
      |                                         ^~~~~~~~
/Users/kim_kyoungkun/Desktop/technonia/r20an0799eu0101-ek-ra8p1-exampleprojects/ek_ra8p1/_quickstart/quickstart_ek_ra8p1_ep/e2studio/ra/tes/dave2d/inc/dave_math.h:52:30: warning: left shift of negative value [-Wshift-negative-value]
   52 | #define D2_FIX16(x)     ((x) << 16)                         /* PRQA S 4131 */ /* $Misra: #PERF_ARITHMETIC_SHIFT_LEFT $*/
      |                              ^~
../ra/tes/dave2d/src/dave_dlist.h:30:63: note: in definition of macro 'D2_DLISTWRITES'
   30 | #define D2_DLISTWRITES(x, y)  d2_add2dlist_intern( handle, x, y )             /* PRQA S 3453 */ /* $Misra: #MACRO_FXN_FORWARD $*/
      |                                                               ^
../ra/tes/dave2d/src/dave_box.c:152:41: note: in expansion of macro 'D2_FIX16'
  152 |             D2_DLISTWRITES( D2_L2XADD , D2_FIX16(-1) );  /* PRQA S 4131 */ /* $Misra: #PERF_ARITHMETIC_SHIFT_LEFT $*/
      |                                         ^~~~~~~~
/Users/kim_kyoungkun/Desktop/technonia/r20an0799eu0101-ek-ra8p1-exampleprojects/ek_ra8p1/_quickstart/quickstart_ek_ra8p1_ep/e2studio/ra/tes/dave2d/inc/dave_math.h:52:30: warning: left shift of negative value [-Wshift-negative-value]
   52 | #define D2_FIX16(x)     ((x) << 16)                         /* PRQA S 4131 */ /* $Misra: #PERF_ARITHMETIC_SHIFT_LEFT $*/
      |                              ^~
../ra/tes/dave2d/src/dave_dlist.h:30:63: note: in definition of macro 'D2_DLISTWRITES'
   30 | #define D2_DLISTWRITES(x, y)  d2_add2dlist_intern( handle, x, y )             /* PRQA S 3453 */ /* $Misra: #MACRO_FXN_FORWARD $*/
      |                                                               ^
../ra/tes/dave2d/src/dave_box.c:161:41: note: in expansion of macro 'D2_FIX16'
  161 |             D2_DLISTWRITES( D2_L4YADD , D2_FIX16(-1) );  /* PRQA S 4131 */ /* $Misra: #PERF_ARITHMETIC_SHIFT_LEFT $*/
      |                                         ^~~~~~~~
Building file: ../ra/tes/dave2d/src/dave_curve.c
Building file: ../ra/tes/dave2d/src/dave_dlist.c
Building file: ../ra/tes/dave2d/src/dave_context.c
Building file: ../ra/tes/dave2d/src/dave_driver.c
Building file: ../ra/tes/dave2d/src/dave_edge.c
Building file: ../ra/tes/dave2d/src/dave_errorcodes.c
In file included from /Users/kim_kyoungkun/Desktop/technonia/r20an0799eu0101-ek-ra8p1-exampleprojects/ek_ra8p1/_quickstart/quickstart_ek_ra8p1_ep/e2studio/ra/tes/dave2d/inc/dave_driver.h:659,
                 from ../ra/tes/dave2d/src/dave_edge.c:15:
../ra/tes/dave2d/src/dave_edge.c: In function 'd2_lineedge_setup3_intern':
/Users/kim_kyoungkun/Desktop/technonia/r20an0799eu0101-ek-ra8p1-exampleprojects/ek_ra8p1/_quickstart/quickstart_ek_ra8p1_ep/e2studio/ra/tes/dave2d/inc/dave_math.h:52:30: warning: left shift of negative value [-Wshift-negative-value]
   52 | #define D2_FIX16(x)     ((x) << 16)                         /* PRQA S 4131 */ /* $Misra: #PERF_ARITHMETIC_SHIFT_LEFT $*/
      |                              ^~
../ra/tes/dave2d/src/dave_edge.c:173:18: note: in expansion of macro 'D2_FIX16'
  173 |             ya = D2_FIX16( -1 );                                       /* PRQA S 4131 */ /* $Misra: #PERF_ARITHMETIC_SHIFT_LEFT $*/
      |                  ^~~~~~~~
/Users/kim_kyoungkun/Desktop/technonia/r20an0799eu0101-ek-ra8p1-exampleprojects/ek_ra8p1/_quickstart/quickstart_ek_ra8p1_ep/e2studio/ra/tes/dave2d/inc/dave_math.h:52:30: warning: left shift of negative value [-Wshift-negative-value]
   52 | #define D2_FIX16(x)     ((x) << 16)                         /* PRQA S 4131 */ /* $Misra: #PERF_ARITHMETIC_SHIFT_LEFT $*/
      |                              ^~
../ra/tes/dave2d/src/dave_edge.c:213:18: note: in expansion of macro 'D2_FIX16'
  213 |             ya = D2_FIX16( -1 );                                     /* PRQA S 4131 */ /* $Misra: #PERF_ARITHMETIC_SHIFT_LEFT $*/
      |                  ^~~~~~~~
/Users/kim_kyoungkun/Desktop/technonia/r20an0799eu0101-ek-ra8p1-exampleprojects/ek_ra8p1/_quickstart/quickstart_ek_ra8p1_ep/e2studio/ra/tes/dave2d/inc/dave_math.h:52:30: warning: left shift of negative value [-Wshift-negative-value]
   52 | #define D2_FIX16(x)     ((x) << 16)                         /* PRQA S 4131 */ /* $Misra: #PERF_ARITHMETIC_SHIFT_LEFT $*/
      |                              ^~
../ra/tes/dave2d/src/dave_edge.c:230:18: note: in expansion of macro 'D2_FIX16'
  230 |             xa = D2_FIX16( -1 );                                    /* PRQA S 4131 */ /* $Misra: #PERF_ARITHMETIC_SHIFT_LEFT $*/
      |                  ^~~~~~~~
/Users/kim_kyoungkun/Desktop/technonia/r20an0799eu0101-ek-ra8p1-exampleprojects/ek_ra8p1/_quickstart/quickstart_ek_ra8p1_ep/e2studio/ra/tes/dave2d/inc/dave_math.h:52:30: warning: left shift of negative value [-Wshift-negative-value]
   52 | #define D2_FIX16(x)     ((x) << 16)                         /* PRQA S 4131 */ /* $Misra: #PERF_ARITHMETIC_SHIFT_LEFT $*/
      |                              ^~
../ra/tes/dave2d/src/dave_edge.c:313:18: note: in expansion of macro 'D2_FIX16'
  313 |             xa = D2_FIX16( -1 );                                    /* PRQA S 4131 */ /* $Misra: #PERF_ARITHMETIC_SHIFT_LEFT $*/
      |                  ^~~~~~~~
../ra/tes/dave2d/src/dave_edge.c: In function 'd2_triedge_setup_intern':
/Users/kim_kyoungkun/Desktop/technonia/r20an0799eu0101-ek-ra8p1-exampleprojects/ek_ra8p1/_quickstart/quickstart_ek_ra8p1_ep/e2studio/ra/tes/dave2d/inc/dave_math.h:52:30: warning: left shift of negative value [-Wshift-negative-value]
   52 | #define D2_FIX16(x)     ((x) << 16)                         /* PRQA S 4131 */ /* $Misra: #PERF_ARITHMETIC_SHIFT_LEFT $*/
      |                              ^~
../ra/tes/dave2d/src/dave_edge.c:371:18: note: in expansion of macro 'D2_FIX16'
  371 |             ya = D2_FIX16( -1 );                      /* PRQA S 4131 */ /* $Misra: #PERF_ARITHMETIC_SHIFT_LEFT $*/
      |                  ^~~~~~~~
/Users/kim_kyoungkun/Desktop/technonia/r20an0799eu0101-ek-ra8p1-exampleprojects/ek_ra8p1/_quickstart/quickstart_ek_ra8p1_ep/e2studio/ra/tes/dave2d/inc/dave_math.h:52:30: warning: left shift of negative value [-Wshift-negative-value]
   52 | #define D2_FIX16(x)     ((x) << 16)                         /* PRQA S 4131 */ /* $Misra: #PERF_ARITHMETIC_SHIFT_LEFT $*/
      |                              ^~
../ra/tes/dave2d/src/dave_edge.c:384:18: note: in expansion of macro 'D2_FIX16'
  384 |             ya = D2_FIX16( -1 );                      /* PRQA S 4131 */ /* $Misra: #PERF_ARITHMETIC_SHIFT_LEFT $*/
      |                  ^~~~~~~~
/Users/kim_kyoungkun/Desktop/technonia/r20an0799eu0101-ek-ra8p1-exampleprojects/ek_ra8p1/_quickstart/quickstart_ek_ra8p1_ep/e2studio/ra/tes/dave2d/inc/dave_math.h:52:30: warning: left shift of negative value [-Wshift-negative-value]
   52 | #define D2_FIX16(x)     ((x) << 16)                         /* PRQA S 4131 */ /* $Misra: #PERF_ARITHMETIC_SHIFT_LEFT $*/
      |                              ^~
../ra/tes/dave2d/src/dave_edge.c:391:18: note: in expansion of macro 'D2_FIX16'
  391 |             xa = D2_FIX16( -1 );                      /* PRQA S 4131 */ /* $Misra: #PERF_ARITHMETIC_SHIFT_LEFT $*/
      |                  ^~~~~~~~
/Users/kim_kyoungkun/Desktop/technonia/r20an0799eu0101-ek-ra8p1-exampleprojects/ek_ra8p1/_quickstart/quickstart_ek_ra8p1_ep/e2studio/ra/tes/dave2d/inc/dave_math.h:52:30: warning: left shift of negative value [-Wshift-negative-value]
   52 | #define D2_FIX16(x)     ((x) << 16)                         /* PRQA S 4131 */ /* $Misra: #PERF_ARITHMETIC_SHIFT_LEFT $*/
      |                              ^~
../ra/tes/dave2d/src/dave_edge.c:439:18: note: in expansion of macro 'D2_FIX16'
  439 |             xa = D2_FIX16( -1 );                     /* PRQA S 4131 */ /* $Misra: #PERF_ARITHMETIC_SHIFT_LEFT $*/
      |                  ^~~~~~~~
Building file: ../ra/tes/dave2d/src/dave_gradient.c
Building file: ../ra/tes/dave2d/src/dave_hardware.c
Building file: ../ra/tes/dave2d/src/dave_line.c
Building file: ../ra/tes/dave2d/src/dave_math.c
Building file: ../ra/tes/dave2d/src/dave_memory.c
Building file: ../ra/tes/dave2d/src/dave_pattern.c
Building file: ../ra/tes/dave2d/src/dave_perfcount.c
Building file: ../ra/tes/dave2d/src/dave_polyline.c
Building file: ../ra/tes/dave2d/src/dave_quad.c
Building file: ../ra/tes/dave2d/src/dave_rbuffer.c
Building file: ../ra/tes/dave2d/src/dave_render.c
Building file: ../ra/tes/dave2d/src/dave_texture.c
Building file: ../ra/tes/dave2d/src/dave_triangle.c
Building file: ../ra/tes/dave2d/src/dave_utility.c
Building file: ../ra/tes/dave2d/src/dave_viewport.c
Building file: ../ra/tes/dave2d/src/dave_wedge.c
Building file: ../ra/fsp/src/rm_freertos_port/port.c
Building file: ../ra/fsp/src/r_vin/r_vin.c
Building file: ../ra/fsp/src/r_sci_b_uart/r_sci_b_uart.c
Building file: ../ra/fsp/src/r_ospi_b/r_ospi_b.c
Building file: ../ra/fsp/src/r_mipi_phy/r_mipi_phy.c
Building file: ../ra/fsp/src/r_mipi_csi/r_mipi_csi.c
Building file: ../ra/fsp/src/r_ioport/r_ioport.c
Building file: ../ra/fsp/src/r_iic_master/r_iic_master.c
Building file: ../ra/fsp/src/r_icu/r_icu.c
Building file: ../ra/fsp/src/r_gpt/r_gpt.c
Building file: ../ra/fsp/src/r_glcdc/r_glcdc.c
Building file: ../ra/fsp/src/r_drw/r_drw_base.c
Building file: ../ra/fsp/src/r_drw/r_drw_irq.c
Building file: ../ra/fsp/src/r_drw/r_drw_memory.c
Building file: ../ra/fsp/src/r_adc_b/r_adc_b.c
Building file: ../ra/fsp/src/bsp/mcu/ra8p1/bsp_linker.c
Building file: ../ra/fsp/src/bsp/mcu/all/bsp_clocks.c
Building file: ../ra/fsp/src/bsp/mcu/all/bsp_common.c
Building file: ../ra/fsp/src/bsp/mcu/all/bsp_delay.c
Building file: ../ra/fsp/src/bsp/mcu/all/bsp_group_irq.c
Building file: ../ra/fsp/src/bsp/mcu/all/bsp_guard.c
Building file: ../ra/fsp/src/bsp/mcu/all/bsp_io.c
Building file: ../ra/fsp/src/bsp/mcu/all/bsp_ipc.c
Building file: ../ra/fsp/src/bsp/mcu/all/bsp_irq.c
Building file: ../ra/fsp/src/bsp/mcu/all/bsp_macl.c
Building file: ../ra/fsp/src/bsp/mcu/all/bsp_register_protection.c
Building file: ../ra/fsp/src/bsp/mcu/all/bsp_sbrk.c
Building file: ../ra/fsp/src/bsp/mcu/all/bsp_sdram.c
Building file: ../ra/fsp/src/bsp/mcu/all/bsp_security.c
Building file: ../ra/fsp/src/bsp/cmsis/Device/RENESAS/Source/system.c
Building file: ../ra/fsp/src/bsp/cmsis/Device/RENESAS/Source/startup.c
Building file: ../ra/board/ra8p1_ek/board_init.c
Building file: ../ra/board/ra8p1_ek/board_leds.c
Building file: ../ra/aws/FreeRTOS/FreeRTOS/Source/portable/MemMang/heap_4.c
Building file: ../ra/aws/FreeRTOS/FreeRTOS/Source/event_groups.c
Building file: ../ra/aws/FreeRTOS/FreeRTOS/Source/list.c
Building file: ../ra/aws/FreeRTOS/FreeRTOS/Source/queue.c
Building file: ../ra/aws/FreeRTOS/FreeRTOS/Source/stream_buffer.c
Building file: ../ra/aws/FreeRTOS/FreeRTOS/Source/tasks.c
Building file: ../ra/aws/FreeRTOS/FreeRTOS/Source/timers.c
Building target: e2studio.elf
arm-none-eabi-objcopy -O ihex "e2studio.elf"  "e2studio.hex"
arm-none-eabi-size --format=berkeley "e2studio.elf"
   text	   data	    bss	    dec	    hex	filename
5736308	  15080	18142165	23893553	16c9631	e2studio.elf

16:19:42 Build Finished. 0 errors, 13 warnings. (took 5s.360ms)

