     VMA      LMA     Size Align Out     In      Symbol
       0        0        0     1 RAM_START = 0x22000000
       0        0        0     1 RAM_LENGTH = 0x001d4000
       0        0        0     1 FLASH_START = 0x02000000
       0        0        0     1 FLASH_LENGTH = 0x00100000
       0        0        0     1 DATA_FLASH_START = 0x27000000
       0        0        0     1 DATA_FLASH_LENGTH = 0x00000000
       0        0        0     1 SDRAM_START = 0x68000000
       0        0        0     1 SDRAM_LENGTH = 0x08000000
       0        0        0     1 OSPI0_CS0_START = 0x80000000
       0        0        0     1 OSPI0_CS0_LENGTH = 0x10000000
       0        0        0     1 OSPI0_CS1_START = 0x90000000
       0        0        0     1 OSPI0_CS1_LENGTH = 0x10000000
       0        0        0     1 OSPI1_CS0_START = 0x70000000
       0        0        0     1 OSPI1_CS0_LENGTH = 0x08000000
       0        0        0     1 OSPI1_CS1_START = 0x78000000
       0        0        0     1 OSPI1_CS1_LENGTH = 0x08000000
       0        0        0     1 OPTION_SETTING_OFS0_START = 0x02c9f040
       0        0        0     1 OPTION_SETTING_OFS0_LENGTH = 0x00000004
       0        0        0     1 OPTION_SETTING_OFS2_START = 0x02c9f044
       0        0        0     1 OPTION_SETTING_OFS2_LENGTH = 0x00000004
       0        0        0     1 OPTION_SETTING_SAS_START = 0x02c9f074
       0        0        0     1 OPTION_SETTING_SAS_LENGTH = 0x00000004
       0        0        0     1 OPTION_SETTING_OFS1_START = 0x12c9f4c0
       0        0        0     1 OPTION_SETTING_OFS1_LENGTH = 0x00000004
       0        0        0     1 OPTION_SETTING_OFS1_SEC_START = 0x02c9f0c0
       0        0        0     1 OPTION_SETTING_OFS1_SEC_LENGTH = 0x00000004
       0        0        0     1 OPTION_SETTING_OFS1_SEL_START = 0x02c9f120
       0        0        0     1 OPTION_SETTING_OFS1_SEL_LENGTH = 0x00000004
       0        0        0     1 OPTION_SETTING_OFS3_START = 0x12c9f4c4
       0        0        0     1 OPTION_SETTING_OFS3_LENGTH = 0x00000004
       0        0        0     1 OPTION_SETTING_OFS3_SEC_START = 0x02c9f0c4
       0        0        0     1 OPTION_SETTING_OFS3_SEC_LENGTH = 0x00000004
       0        0        0     1 OPTION_SETTING_OFS3_SEL_START = 0x02c9f124
       0        0        0     1 OPTION_SETTING_OFS3_SEL_LENGTH = 0x00000004
       0        0        0     1 OPTION_SETTING_BPS_START = 0x12c9f600
       0        0        0     1 OPTION_SETTING_BPS_LENGTH = 0x00000080
       0        0        0     1 OPTION_SETTING_BPS_SEC_START = 0x02c9f200
       0        0        0     1 OPTION_SETTING_BPS_SEC_LENGTH = 0x00000080
       0        0        0     1 OPTION_SETTING_OTP_PBPS_SEC_START = 0x02e07700
       0        0        0     1 OPTION_SETTING_OTP_PBPS_SEC_LENGTH = 0x00000080
       0        0        0     1 OPTION_SETTING_OTP_PBPS_START = 0x12e07780
       0        0        0     1 OPTION_SETTING_OTP_PBPS_LENGTH = 0x00000080
       0        0        0     1 ITCM_START = 0x00000000
       0        0        0     1 ITCM_LENGTH = 0x00020000
       0        0        0     1 DTCM_START = 0x20000000
       0        0        0     1 DTCM_LENGTH = 0x00020000
90000000 90000000        0     1 .ospi0_cs1.startof
90000000 90000000        0     1         __ddsc_OSPI0_CS1_START = .
68000000 68000000        0     1 .sdram.startof
68000000 68000000        0     1         __ddsc_SDRAM_START = .
68000000 68000000        0     1 __sdram_from_ospi0_cs1$$
68000000 68000000        0     1         __sdram_from_ospi0_cs1$$Base = .
68000000 68000000        0     1         __sdram_from_ospi0_cs1$$Load = LOADADDR ( __sdram_from_ospi0_cs1$$ )
68000000 68000000        0     1         __sdram_from_ospi0_cs1$$Limit = .
80000000 80000000        0     1 .ospi0_cs0.startof
80000000 80000000        0     1         __ddsc_OSPI0_CS0_START = .
80000000 80000000        0     1 __ospi0_cs0_from_ospi0_cs1$$
80000000 80000000        0     1         __ospi0_cs0_from_ospi0_cs1$$Base = .
80000000 80000000        0     1         __ospi0_cs0_from_ospi0_cs1$$Load = LOADADDR ( __ospi0_cs0_from_ospi0_cs1$$ )
80000000 80000000        0     1         __ospi0_cs0_from_ospi0_cs1$$Limit = .
70000000 70000000        0     1 .ospi1_cs0.startof
70000000 70000000        0     1         __ddsc_OSPI1_CS0_START = .
70000000 70000000        0     1 __ospi1_cs0_from_ospi0_cs1$$
70000000 70000000        0     1         __ospi1_cs0_from_ospi0_cs1$$Base = .
70000000 70000000        0     1         __ospi1_cs0_from_ospi0_cs1$$Load = LOADADDR ( __ospi1_cs0_from_ospi0_cs1$$ )
70000000 70000000        0     1         __ospi1_cs0_from_ospi0_cs1$$Limit = .
       0        0        0     1 .itcm.startof
       0        0        0     1         __ddsc_ITCM_START = .
       0        0        0     1 __itcm_from_ospi0_cs1$$
       0        0        0     1         __itcm_from_ospi0_cs1$$Base = .
       0        0        0     1         __itcm_from_ospi0_cs1$$Load = LOADADDR ( __itcm_from_ospi0_cs1$$ )
       0        0        0     1         __itcm_from_ospi0_cs1$$Limit = .
20000000 20000000        0     1 .dtcm.startof
20000000 20000000        0     1         __ddsc_DTCM_START = .
20000000 20000000        0     1 __dtcm_from_ospi0_cs1$$
20000000 20000000        0     1         __dtcm_from_ospi0_cs1$$Base = .
20000000 20000000        0     1         __dtcm_from_ospi0_cs1$$Load = LOADADDR ( __dtcm_from_ospi0_cs1$$ )
20000000 20000000        0     1         __dtcm_from_ospi0_cs1$$Limit = .
22000000 22000000        0     1 .ram.startof
22000000 22000000        0     1         __ddsc_RAM_START = .
22000000 22000000        0     1 __ram_dtc_vector$$
22000000 22000000        0     1         __ram_dtc_vector$$Base = .
22000000 22000000        0     1         __ram_dtc_vector$$Limit = .
22000000 22000000        0     1 __ram_from_ospi0_cs1$$
22000000 22000000        0     1         __ram_from_ospi0_cs1$$Base = .
22000000 22000000        0     1         __ram_from_ospi0_cs1$$Load = LOADADDR ( __ram_from_ospi0_cs1$$ )
22000000 22000000        0     1         __ram_from_ospi0_cs1$$Limit = .
90000000 90000000        0     1 __ospi0_cs1_readonly$$
90000000 90000000        0     1         __ospi0_cs1_readonly$$Base = .
90000000 90000000        0     1         __ospi0_cs1_readonly$$Limit = .
90000000 90000000        0     1 __ospi0_cs1_noinit$$
90000000 90000000        0     1         __ospi0_cs1_noinit$$Base = .
90000000 90000000        0     1         __ospi0_cs1_noinit$$Limit = .
90000000 90000000        0     1 .ospi0_cs1.endof
90000000 90000000        0     1         __ddsc_OSPI0_CS1_END = .
78000000 78000000        0     1 .ospi1_cs1.startof
78000000 78000000        0     1         __ddsc_OSPI1_CS1_START = .
68000000 68000000        0     1 __sdram_from_ospi1_cs1$$
68000000 68000000        0     1         __sdram_from_ospi1_cs1$$Base = .
68000000 68000000        0     1         __sdram_from_ospi1_cs1$$Load = LOADADDR ( __sdram_from_ospi1_cs1$$ )
68000000 68000000        0     1         __sdram_from_ospi1_cs1$$Limit = .
80000000 80000000        0     1 __ospi0_cs0_from_ospi1_cs1$$
80000000 80000000        0     1         __ospi0_cs0_from_ospi1_cs1$$Base = .
80000000 80000000        0     1         __ospi0_cs0_from_ospi1_cs1$$Load = LOADADDR ( __ospi0_cs0_from_ospi1_cs1$$ )
80000000 80000000        0     1         __ospi0_cs0_from_ospi1_cs1$$Limit = .
70000000 70000000        0     1 __ospi1_cs0_from_ospi1_cs1$$
70000000 70000000        0     1         __ospi1_cs0_from_ospi1_cs1$$Base = .
70000000 70000000        0     1         __ospi1_cs0_from_ospi1_cs1$$Load = LOADADDR ( __ospi1_cs0_from_ospi1_cs1$$ )
70000000 70000000        0     1         __ospi1_cs0_from_ospi1_cs1$$Limit = .
       0        0        0     1 __itcm_from_ospi1_cs1$$
       0        0        0     1         __itcm_from_ospi1_cs1$$Base = .
       0        0        0     1         __itcm_from_ospi1_cs1$$Load = LOADADDR ( __itcm_from_ospi1_cs1$$ )
       0        0        0     1         __itcm_from_ospi1_cs1$$Limit = .
20000000 20000000        0     1 __dtcm_from_ospi1_cs1$$
20000000 20000000        0     1         __dtcm_from_ospi1_cs1$$Base = .
20000000 20000000        0     1         __dtcm_from_ospi1_cs1$$Load = LOADADDR ( __dtcm_from_ospi1_cs1$$ )
20000000 20000000        0     1         __dtcm_from_ospi1_cs1$$Limit = .
22000000 22000000        0     1 __ram_from_ospi1_cs1$$
22000000 22000000        0     1         __ram_from_ospi1_cs1$$Base = .
22000000 22000000        0     1         __ram_from_ospi1_cs1$$Load = LOADADDR ( __ram_from_ospi1_cs1$$ )
22000000 22000000        0     1         __ram_from_ospi1_cs1$$Limit = .
78000000 78000000        0     1 __ospi1_cs1_readonly$$
78000000 78000000        0     1         __ospi1_cs1_readonly$$Base = .
78000000 78000000        0     1         __ospi1_cs1_readonly$$Limit = .
78000000 78000000        0     1 __ospi1_cs1_noinit$$
78000000 78000000        0     1         __ospi1_cs1_noinit$$Base = .
78000000 78000000        0     1         __ospi1_cs1_noinit$$Limit = .
78000000 78000000        0     1 .ospi1_cs1.endof
78000000 78000000        0     1         __ddsc_OSPI1_CS1_END = .
27000000 27000000        0     1 .data_flash.startof
27000000 27000000        0     1         __ddsc_DATA_FLASH_START = .
68000000 68000000        0     1 __sdram_from_data_flash$$
68000000 68000000        0     1         __sdram_from_data_flash$$Base = .
68000000 68000000        0     1         __sdram_from_data_flash$$Load = LOADADDR ( __sdram_from_data_flash$$ )
68000000 68000000        0     1         __sdram_from_data_flash$$Limit = .
80000000 80000000        0     1 __ospi0_cs0_from_data_flash$$
80000000 80000000        0     1         __ospi0_cs0_from_data_flash$$Base = .
80000000 80000000        0     1         __ospi0_cs0_from_data_flash$$Load = LOADADDR ( __ospi0_cs0_from_data_flash$$ )
80000000 80000000        0     1         __ospi0_cs0_from_data_flash$$Limit = .
70000000 70000000        0     1 __ospi1_cs0_from_data_flash$$
70000000 70000000        0     1         __ospi1_cs0_from_data_flash$$Base = .
70000000 70000000        0     1         __ospi1_cs0_from_data_flash$$Load = LOADADDR ( __ospi1_cs0_from_data_flash$$ )
70000000 70000000        0     1         __ospi1_cs0_from_data_flash$$Limit = .
       0        0        0     1 __itcm_from_data_flash$$
       0        0        0     1         __itcm_from_data_flash$$Base = .
       0        0        0     1         __itcm_from_data_flash$$Load = LOADADDR ( __itcm_from_data_flash$$ )
       0        0        0     1         __itcm_from_data_flash$$Limit = .
20000000 20000000        0     1 __dtcm_from_data_flash$$
20000000 20000000        0     1         __dtcm_from_data_flash$$Base = .
20000000 20000000        0     1         __dtcm_from_data_flash$$Load = LOADADDR ( __dtcm_from_data_flash$$ )
20000000 20000000        0     1         __dtcm_from_data_flash$$Limit = .
22000000 22000000        0     1 __ram_from_data_flash$$
22000000 22000000        0     1         __ram_from_data_flash$$Base = .
22000000 22000000        0     1         __ram_from_data_flash$$Load = LOADADDR ( __ram_from_data_flash$$ )
22000000 22000000        0     1         __ram_from_data_flash$$Limit = .
27000000 27000000        0     1 __data_flash_readonly$$
27000000 27000000        0     1         __data_flash_readonly$$Base = .
27000000 27000000        0     1         __data_flash_readonly$$Limit = .
27000000 27000000        0     1 __data_flash_noinit$$
27000000 27000000        0     1         __data_flash_noinit$$Base = .
27000000 27000000        0     1         __data_flash_noinit$$Limit = .
27000000 27000000        0     1 .data_flash.endof
27000000 27000000        0     1         __ddsc_DATA_FLASH_END = .
 2000000  2000000        0     1 .flash.startof
 2000000  2000000        0     1         __ddsc_FLASH_START = .
 2000000  2000000       44     4 __flash_vectors$$
 2000000  2000000        0     1         __flash_vectors$$Base = .
 2000000  2000000        0     1         _VECTORS = .
 2000000  2000000       40     4         ./ra/fsp/src/bsp/cmsis/Device/RENESAS/Source/startup.o:(.fixed_vectors)
 2000000  2000000       40     1                 __Vectors
 2000040  2000040        4     4         ./ra_gen/vector_data.o:(.application_vectors)
 2000040  2000040        4     1                 g_vector_table
 2000044  2000044        0     1         __flash_vectors$$Limit = .
 2000044  2000044       18     4 .eh_frame
 2000044  2000044       14     1         /Applications/Renesas e2 studio with RA FSP v6.0.0/toolchains/LLVM-ET-Arm-18.1.3-Darwin-universal/bin/../lib/clang-runtimes/arm-none-eabi/armv8.1m.main_hard_fpdp_nomve_exn_rtti/lib/libc.a(strlen.S.o):(.eh_frame+0x0)
 200005c  200005c        0     1 __flash_noinit$$
 200005c  200005c        0     1         __flash_noinit$$Base = .
 200005c  200005c        0     1         __flash_noinit$$Limit = .
68000000 68000000        0     1 __sdram_from_flash$$
68000000 68000000        0     1         __sdram_from_flash$$Base = .
68000000 68000000        0     1         __sdram_from_flash$$Load = LOADADDR ( __sdram_from_flash$$ )
68000000 68000000        0     1         __sdram_from_flash$$Limit = .
68000000 68000000        0     1 __sdram_noinit_nocache$$
68000000 68000000        0     1         __sdram_noinit_nocache$$Base = .
68000000 68000000        0     1         __sdram_noinit_nocache$$Limit = .
68000000 68000000        0     1 __sdram_zero_nocache$$
68000000 68000000        0     1         __sdram_zero_nocache$$Base = .
68000000 68000000        0     1         . = ALIGN ( 32 )
68000000 68000000        0     1         __sdram_zero_nocache$$Limit = .
68000000 68000000        0     1 __sdram_noinit$$
68000000 68000000        0     1         __sdram_noinit$$Base = .
68000000 68000000        0     1         __sdram_noinit$$Limit = .
68000000 68000000        0     1 __sdram_zero$$
68000000 68000000        0     1         __sdram_zero$$Base = .
68000000 68000000        0     1         __sdram_zero$$Limit = .
68000000 68000000        0     1 .sdram.endof
68000000 68000000        0     1         __ddsc_SDRAM_END = .
80000000 80000000        0     1 __ospi0_cs0_from_flash$$
80000000 80000000        0     1         __ospi0_cs0_from_flash$$Base = .
80000000 80000000        0     1         __ospi0_cs0_from_flash$$Load = LOADADDR ( __ospi0_cs0_from_flash$$ )
80000000 80000000        0     1         __ospi0_cs0_from_flash$$Limit = .
80000000 80000000        0     1 __ospi0_cs0_noinit_nocache$$
80000000 80000000        0     1         __ospi0_cs0_noinit_nocache$$Base = .
80000000 80000000        0     1         __ospi0_cs0_noinit_nocache$$Limit = .
80000000 80000000        0     1 __ospi0_cs0_zero_nocache$$
80000000 80000000        0     1         __ospi0_cs0_zero_nocache$$Base = .
80000000 80000000        0     1         . = ALIGN ( 32 )
80000000 80000000        0     1         __ospi0_cs0_zero_nocache$$Limit = .
80000000 80000000        0     1 __ospi0_cs0_noinit$$
80000000 80000000        0     1         __ospi0_cs0_noinit$$Base = .
80000000 80000000        0     1         __ospi0_cs0_noinit$$Limit = .
80000000 80000000        0     1 __ospi0_cs0_zero$$
80000000 80000000        0     1         __ospi0_cs0_zero$$Base = .
80000000 80000000        0     1         __ospi0_cs0_zero$$Limit = .
80000000 80000000        0     1 .ospi0_cs0.endof
80000000 80000000        0     1         __ddsc_OSPI0_CS0_END = .
70000000 70000000        0     1 __ospi1_cs0_from_flash$$
70000000 70000000        0     1         __ospi1_cs0_from_flash$$Base = .
70000000 70000000        0     1         __ospi1_cs0_from_flash$$Load = LOADADDR ( __ospi1_cs0_from_flash$$ )
70000000 70000000        0     1         __ospi1_cs0_from_flash$$Limit = .
70000000 70000000        0     1 __ospi1_cs0_noinit_nocache$$
70000000 70000000        0     1         __ospi1_cs0_noinit_nocache$$Base = .
70000000 70000000        0     1         __ospi1_cs0_noinit_nocache$$Limit = .
70000000 70000000        0     1 __ospi1_cs0_zero_nocache$$
70000000 70000000        0     1         __ospi1_cs0_zero_nocache$$Base = .
70000000 70000000        0     1         . = ALIGN ( 32 )
70000000 70000000        0     1         __ospi1_cs0_zero_nocache$$Limit = .
70000000 70000000        0     1 __ospi1_cs0_noinit$$
70000000 70000000        0     1         __ospi1_cs0_noinit$$Base = .
70000000 70000000        0     1         __ospi1_cs0_noinit$$Limit = .
70000000 70000000        0     1 __ospi1_cs0_zero$$
70000000 70000000        0     1         __ospi1_cs0_zero$$Base = .
70000000 70000000        0     1         __ospi1_cs0_zero$$Limit = .
70000000 70000000        0     1 .ospi1_cs0.endof
70000000 70000000        0     1         __ddsc_OSPI1_CS0_END = .
       0        0        0     1 __itcm_from_flash$$
       0        0        0     1         __itcm_from_flash$$Base = .
       0        0        0     1         __itcm_from_flash$$Load = LOADADDR ( __itcm_from_flash$$ )
       0        0        0     1         __itcm_from_flash$$Limit = .
       0        0        0     1 __itcm_noinit$$
       0        0        0     1         __itcm_noinit$$Base = .
       0        0        0     1         __itcm_noinit$$Limit = .
       0        0        0     1 __itcm_zero$$
       0        0        0     1         __itcm_zero$$Base = .
       0        0        0     1         __itcm_zero$$Limit = .
       0        0        0     1 .itcm.endof
       0        0        0     1         __ddsc_ITCM_END = .
20000000 20000000        0     1 __dtcm_from_flash$$
20000000 20000000        0     1         __dtcm_from_flash$$Base = .
20000000 20000000        0     1         __dtcm_from_flash$$Load = LOADADDR ( __dtcm_from_flash$$ )
20000000 20000000        0     1         __dtcm_from_flash$$Limit = .
20000000 20000000        0     1 __dtcm_noinit$$
20000000 20000000        0     1         __dtcm_noinit$$Base = .
20000000 20000000        0     1         __dtcm_noinit$$Limit = .
20000000 20000000        0     1 __dtcm_zero$$
20000000 20000000        0     1         __dtcm_zero$$Base = .
20000000 20000000        0     1         __dtcm_zero$$Limit = .
20000000 20000000        0     1 .dtcm.endof
20000000 20000000        0     1         __ddsc_DTCM_END = .
22000000 22000000        0     1 __ram_from_flash$$
22000000 22000000        0     1         __ram_from_flash$$Base = .
22000000 22000000        0     1         __ram_from_flash$$Load = LOADADDR ( __ram_from_flash$$ )
22000000 22000000        0     1         __ram_from_flash$$Limit = .
22000000 22000000        0     1 __ram_noinit_nocache$$
22000000 22000000        0     1         __ram_noinit_nocache$$Base = .
22000000 22000000        0     1         __ram_noinit_nocache$$Limit = .
22000000 22000000        0     1 __ram_zero_nocache$$
22000000 22000000        0     1         __ram_zero_nocache$$Base = .
22000000 22000000        0     1         . = ALIGN ( 32 )
22000000 22000000        0     1         __ram_zero_nocache$$Limit = .
22000000 22000000      42c     8 __ram_noinit$$
22000000 22000000        0     1         __ram_noinit$$Base = .
22000000 22000000      400     8         ./ra/fsp/src/bsp/cmsis/Device/RENESAS/Source/startup.o:(.bss.g_main_stack)
22000000 22000000      400     1                 g_main_stack
22000400 22000400       2c     4         ./ra/fsp/src/bsp/mcu/all/bsp_clocks.o:(.ram_noinit)
22000400 22000400       2c     1                 g_clock_freq
2200042c 2200042c        0     1         __ram_noinit$$Limit = .
22000430 22000430      544    16 __ram_zero$$
22000430 22000430        0     1         __ram_zero$$Base = .
22000430 22000430       a8     4         ./src/SEGGER_RTT/SEGGER_RTT.o:(.bss._SEGGER_RTT)
22000430 22000430       a8     1                 _SEGGER_RTT
220004d8 220004d8      400     1         ./src/SEGGER_RTT/SEGGER_RTT.o:(.bss._acUpBuffer)
220004d8 220004d8      400     1                 _acUpBuffer
220008d8 220008d8       10     1         ./src/SEGGER_RTT/SEGGER_RTT.o:(.bss._acDownBuffer)
220008d8 220008d8       10     1                 _acDownBuffer
220008e8 220008e8        1     1         ./src/icu_ep.o:(.bss.g_sw_press)
220008e8 220008e8        1     1                 g_sw_press
220008ec 220008ec       10     4         ./ra_gen/common_data.o:(.bss.g_external_irq_ctrl)
220008ec 220008ec       10     1                 g_external_irq_ctrl
220008fc 220008fc        8     4         ./ra_gen/common_data.o:(.bss.g_ioport_ctrl)
220008fc 220008fc        8     1                 g_ioport_ctrl
22000904 22000904       54     4         ./ra/fsp/src/bsp/mcu/all/bsp_group_irq.o:(.bss.g_bsp_group_irq_sources)
22000904 22000904       54     1                 g_bsp_group_irq_sources
22000958 22000958        4     4         ./ra/fsp/src/bsp/mcu/all/bsp_io.o:(.bss.g_protect_pfswe_counter)
22000958 22000958        4     1                 g_protect_pfswe_counter
2200095c 2200095c        4     4         ./ra/fsp/src/bsp/mcu/all/bsp_irq.o:(.bss.gp_renesas_isr_context)
2200095c 2200095c        4     1                 gp_renesas_isr_context
22000960 22000960        8     2         ./ra/fsp/src/bsp/mcu/all/bsp_register_protection.o:(.bss.g_protect_counters)
22000960 22000960        8     1                 g_protect_counters
22000968 22000968        4     4         ./ra/fsp/src/bsp/cmsis/Device/RENESAS/Source/system.o:(.bss.SystemCoreClock)
22000968 22000968        4     1                 SystemCoreClock
22000970 22000970        4    16         /Applications/Renesas e2 studio with RA FSP v6.0.0/toolchains/LLVM-ET-Arm-18.1.3-Darwin-universal/bin/../lib/clang-runtimes/arm-none-eabi/armv8.1m.main_hard_fpdp_nomve_exn_rtti/lib/libc.a(libc_picolib_machine_arm_read_tp.S.o):(.bss)
22000970 22000970        4     1                 __tls
22000974 22000974        0     1         __ram_zero$$Limit = .
22000974 22000974        0     1 __ram_tdata$$
22000974 22000974        0     1         __ram_tdata$$Base = .
22000974 22000974        0     1         __ram_tdata$$Load = LOADADDR ( __ram_tdata$$ )
22000974 22000974        0     1         __ram_tdata$$Limit = .
22000974 22000974        0     1 __ram_tbss$$
22000974 22000974        0     1         __ram_tbss$$Base = .
22000974 22000974        0     1         __ram_tbss$$Limit = .
22000978 22000978        0     1 __ram_thread_stack$$
22000978 22000978        0     1         __ram_thread_stack$$Base = .
22000978 22000978        0     1         __ram_thread_stack$$Limit = .
22002000 22002000        0     1 .ram.endof
22002000 22002000        0     1         __ddsc_RAM_END = .
22002000 22002000        0     1 .ram.flat_nsc
22002000 22002000        0     1         __sau_ddsc_RAM_NSC = .
 2000060  2000060     22a2    16 __flash_readonly$$
 2000060  2000060        0     1         __flash_readonly$$Base = .
 2000060  2000060      186     2         ./src/SEGGER_RTT/SEGGER_RTT.o:(.text.SEGGER_RTT_WriteNoLock)
 2000060  2000060        0     1                 $t.6
 2000061  2000061      186     1                 SEGGER_RTT_WriteNoLock
 20001e6  20001e6       a6     2         ./src/SEGGER_RTT/SEGGER_RTT.o:(.text.SEGGER_RTT_Write)
 20001e6  20001e6        0     1                 $t.8
 20001e7  20001e7       a6     1                 SEGGER_RTT_Write
 200028c  200028c      488     4         ./src/SEGGER_RTT/SEGGER_RTT_printf.o:(.text.SEGGER_RTT_vprintf)
 200028c  200028c        0     1                 $t.0
 200028d  200028d      488     1                 SEGGER_RTT_vprintf
 2000326  2000326        0     1                 $d.1
 2000334  2000334        0     1                 $t.2
 20003ea  20003ea        0     1                 $d.3
 200040c  200040c        0     1                 $t.4
 2000714  2000714      180     2         ./src/SEGGER_RTT/SEGGER_RTT_printf.o:(.text._PrintUnsigned)
 2000714  2000714        0     1                 $t.5
 2000715  2000715      180     1                 _PrintUnsigned
 2000894  2000894       22     2         ./src/SEGGER_RTT/SEGGER_RTT_printf.o:(.text.SEGGER_RTT_printf)
 2000894  2000894        0     1                 $t.6
 2000895  2000895       22     1                 SEGGER_RTT_printf
 20008b6  20008b6      1ce     2         ./src/hal_entry.o:(.text.hal_entry)
 20008b6  20008b6        0     1                 $t.0
 20008b7  20008b7      1ce     1                 hal_entry
 2000a84  2000a84       1a     2         ./src/hal_entry.o:(.text.R_BSP_WarmStart)
 2000a84  2000a84        0     1                 $t.1
 2000a85  2000a85       1a     1                 R_BSP_WarmStart
 2000a9e  2000a9e       42     2         ./src/icu_ep.o:(.text.icu_init)
 2000a9e  2000a9e        0     1                 $t.0
 2000a9f  2000a9f       42     1                 icu_init
 2000ae0  2000ae0       3a     2         ./src/icu_ep.o:(.text.icu_enable)
 2000ae0  2000ae0        0     1                 $t.1
 2000ae1  2000ae1       3a     1                 icu_enable
 2000b1a  2000b1a       38     2         ./src/icu_ep.o:(.text.icu_deinit)
 2000b1a  2000b1a        0     1                 $t.2
 2000b1b  2000b1b       38     1                 icu_deinit
 2000b52  2000b52       16     2         ./src/icu_ep.o:(.text.irq_ep_callback)
 2000b52  2000b52        0     1                 $t.3
 2000b53  2000b53       16     1                 irq_ep_callback
 2000b68  2000b68        c     2         ./ra_gen/main.o:(.text.main)
 2000b68  2000b68        0     1                 $t.0
 2000b69  2000b69        c     1                 main
 2000b74  2000b74       18     2         ./ra/fsp/src/r_ioport/r_ioport.o:(.text.R_IOPORT_Open)
 2000b74  2000b74        0     1                 $t.0
 2000b75  2000b75       18     1                 R_IOPORT_Open
 2000b8c  2000b8c       22     2         ./ra/fsp/src/r_ioport/r_ioport.o:(.text.R_IOPORT_PinRead)
 2000b8c  2000b8c        0     1                 $t.6
 2000b8d  2000b8d       22     1                 R_IOPORT_PinRead
 2000bae  2000bae       34     2         ./ra/fsp/src/r_ioport/r_ioport.o:(.text.R_IOPORT_PinWrite)
 2000bae  2000bae        0     1                 $t.7
 2000baf  2000baf       34     1                 R_IOPORT_PinWrite
 2000be2  2000be2       ce     2         ./ra/fsp/src/r_ioport/r_ioport.o:(.text.r_ioport_pins_config)
 2000be2  2000be2        0     1                 $t.13
 2000be3  2000be3       ce     1                 r_ioport_pins_config
 2000cb0  2000cb0       de     2         ./ra/fsp/src/r_ioport/r_ioport.o:(.text.bsp_vbatt_init)
 2000cb0  2000cb0        0     1                 $t.14
 2000cb1  2000cb1       de     1                 bsp_vbatt_init
 2000d8e  2000d8e       9c     2         ./ra/fsp/src/r_icu/r_icu.o:(.text.R_ICU_ExternalIrqOpen)
 2000d8e  2000d8e        0     1                 $t.0
 2000d8f  2000d8f       9c     1                 R_ICU_ExternalIrqOpen
 2000e2a  2000e2a       44     2         ./ra/fsp/src/r_icu/r_icu.o:(.text.R_ICU_ExternalIrqEnable)
 2000e2a  2000e2a        0     1                 $t.1
 2000e2b  2000e2b       44     1                 R_ICU_ExternalIrqEnable
 2000e6e  2000e6e       48     2         ./ra/fsp/src/r_icu/r_icu.o:(.text.R_ICU_ExternalIrqClose)
 2000e6e  2000e6e        0     1                 $t.4
 2000e6f  2000e6f       48     1                 R_ICU_ExternalIrqClose
 2000eb6  2000eb6       8e     2         ./ra/fsp/src/r_icu/r_icu.o:(.text.r_icu_isr)
 2000eb6  2000eb6        0     1                 $t.5
 2000eb7  2000eb7       8e     1                 r_icu_isr
 2000f44  2000f44       aa     4         ./ra/fsp/src/bsp/mcu/all/bsp_clocks.o:(.text.SystemCoreClockUpdate)
 2000f44  2000f44        0     1                 $t.2
 2000f45  2000f45       aa     1                 SystemCoreClockUpdate
 2000f60  2000f60        0     1                 $d.3
 2000f64  2000f64        0     1                 $t.4
 2000ff0  2000ff0      610    16         ./ra/fsp/src/bsp/mcu/all/bsp_clocks.o:(.text.bsp_clock_init)
 2000ff0  2000ff0        0     1                 $t.15
 2000ff1  2000ff1      610     1                 bsp_clock_init
 200106c  200106c        0     1                 $d.16
 2001070  2001070        0     1                 $t.17
 20011ec  20011ec        0     1                 $d.18
 20011f0  20011f0        0     1                 $t.19
 2001278  2001278        0     1                 $d.20
 200127c  200127c        0     1                 $t.21
 20015e0  20015e0        0     1                 $d.22
 2001600  2001600        2     2         ./ra/fsp/src/bsp/mcu/all/bsp_clocks.o:(.text.R_BSP_SubClockStabilizeWaitAfterReset)
 2001600  2001600        0     1                 $t.25
 2001601  2001601        2     1                 R_BSP_SubClockStabilizeWaitAfterReset
 2001602  2001602       80     2         ./ra/fsp/src/bsp/mcu/all/bsp_clocks.o:(.text.R_BSP_Init_RTC)
 2001602  2001602        0     1                 $t.27
 2001603  2001603       80     1                 R_BSP_Init_RTC
 2001682  2001682        c     2         ./ra/fsp/src/bsp/mcu/all/bsp_common.o:(.text.R_FSP_VersionGet)
 2001682  2001682        0     1                 $t.1
 2001683  2001683        c     1                 R_FSP_VersionGet
 200168e  200168e       7c     2         ./ra/fsp/src/bsp/mcu/all/bsp_delay.o:(.text.R_BSP_SoftwareDelay)
 200168e  200168e        0     1                 $t.0
 200168f  200168f       7c     1                 R_BSP_SoftwareDelay
 2001710  2001710        8     8         ./ra/fsp/src/bsp/mcu/all/bsp_delay.o:(.text.bsp_prv_software_delay_loop)
 2001710  2001710        0     1                 sw_delay_loop
 2001710  2001710        0     1                 $t.1
 2001711  2001711        8     1                 bsp_prv_software_delay_loop
 2001718  2001718       56     2         ./ra/fsp/src/bsp/mcu/all/bsp_group_irq.o:(.text.NMI_Handler)
 2001718  2001718        0     1                 $t.1
 2001719  2001719       56     1                 NMI_Handler
 200176e  200176e       1c     2         ./ra/fsp/src/bsp/mcu/all/bsp_irq.o:(.text.bsp_irq_cfg)
 200176e  200176e        0     1                 $t.0
 200176f  200176f       1c     1                 bsp_irq_cfg
 200178a  200178a       54     2         ./ra/fsp/src/bsp/mcu/all/bsp_register_protection.o:(.text.R_BSP_RegisterProtectEnable)
 200178a  200178a        0     1                 $t.0
 200178b  200178b       54     1                 R_BSP_RegisterProtectEnable
 20017de  20017de       4e     2         ./ra/fsp/src/bsp/mcu/all/bsp_register_protection.o:(.text.R_BSP_RegisterProtectDisable)
 20017de  20017de        0     1                 $t.1
 20017df  20017df       4e     1                 R_BSP_RegisterProtectDisable
 200182c  200182c        e     2         ./ra/fsp/src/bsp/cmsis/Device/RENESAS/Source/startup.o:(.text.Reset_Handler)
 200182c  200182c        0     1                 $t.0
 200182d  200182d        e     1                 Reset_Handler
 200183a  200183a        4     2         ./ra/fsp/src/bsp/cmsis/Device/RENESAS/Source/startup.o:(.text.Default_Handler)
 200183a  200183a        0     1                 $t.1
 200183b  200183b        4     1                 Default_Handler
 200183b  200183b        4     1                 HardFault_Handler
 200183b  200183b        4     1                 MemManage_Handler
 200183b  200183b        4     1                 BusFault_Handler
 200183b  200183b        4     1                 UsageFault_Handler
 200183b  200183b        4     1                 SecureFault_Handler
 200183b  200183b        4     1                 SVC_Handler
 200183b  200183b        4     1                 DebugMon_Handler
 200183b  200183b        4     1                 PendSV_Handler
 200183b  200183b        4     1                 SysTick_Handler
 2001840  2001840      2c6     8         ./ra/fsp/src/bsp/cmsis/Device/RENESAS/Source/system.o:(.text.SystemInit)
 2001840  2001840        0     1                 $t.0
 2001841  2001841      2c6     1                 SystemInit
 2001920  2001920        0     1                 memset_64_loop_start_0
 2001928  2001928        0     1                 memset_64_loop_end_0
 2001930  2001930        0     1                 memset_64_loop_start_1
 2001938  2001938        0     1                 memset_64_loop_end_1
 2001b06  2001b06        2     2         ./ra/board/ra8p1_ek/board_init.o:(.text.bsp_init)
 2001b06  2001b06        0     1                 $t.0
 2001b07  2001b07        2     1                 bsp_init
 2001b08  2001b08       2c     4         /Applications/Renesas e2 studio with RA FSP v6.0.0/toolchains/LLVM-ET-Arm-18.1.3-Darwin-universal/bin/../lib/clang-runtimes/arm-none-eabi/armv8.1m.main_hard_fpdp_nomve_exn_rtti/lib/libc.a(libc_picolib_inittls.c.o):(.text._init_tls)
 2001b08  2001b08        0     1                 $t.0
 2001b09  2001b09       2c     1                 _init_tls
 2001b24  2001b24        0     1                 $d.1
 2001b34  2001b34       14     4         /Applications/Renesas e2 studio with RA FSP v6.0.0/toolchains/LLVM-ET-Arm-18.1.3-Darwin-universal/bin/../lib/clang-runtimes/arm-none-eabi/armv8.1m.main_hard_fpdp_nomve_exn_rtti/lib/libc.a(libc_picolib_machine_arm_tls.c.o):(.text._set_tls)
 2001b34  2001b34        0     1                 $t.0
 2001b35  2001b35       14     1                 _set_tls
 2001b40  2001b40        0     1                 $d.1
 2001b48  2001b48        8     2         /Applications/Renesas e2 studio with RA FSP v6.0.0/toolchains/LLVM-ET-Arm-18.1.3-Darwin-universal/bin/../lib/clang-runtimes/arm-none-eabi/armv8.1m.main_hard_fpdp_nomve_exn_rtti/lib/libc.a(bzero.c.o):(.text.bzero)
 2001b48  2001b48        0     1                 $t.0
 2001b49  2001b49        8     1                 bzero
 2001b49  2001b49        8     1                 __aeabi_memclr4
 2001b49  2001b49        8     1                 __aeabi_memclr8
 2001b49  2001b49        8     1                 __aeabi_memclr
 2001b50  2001b50       14     2         /Applications/Renesas e2 studio with RA FSP v6.0.0/toolchains/LLVM-ET-Arm-18.1.3-Darwin-universal/bin/../lib/clang-runtimes/arm-none-eabi/armv8.1m.main_hard_fpdp_nomve_exn_rtti/lib/libc.a(memcpy.c.o):(.text.memcpy)
 2001b50  2001b50        0     1                 $t.0
 2001b51  2001b51       14     1                 memcpy
 2001b51  2001b51       14     1                 __aeabi_memcpy4
 2001b51  2001b51       14     1                 __aeabi_memcpy8
 2001b51  2001b51       14     1                 __aeabi_memcpy
 2001b64  2001b64        e     2         /Applications/Renesas e2 studio with RA FSP v6.0.0/toolchains/LLVM-ET-Arm-18.1.3-Darwin-universal/bin/../lib/clang-runtimes/arm-none-eabi/armv8.1m.main_hard_fpdp_nomve_exn_rtti/lib/libc.a(memset.c.o):(.text.memset)
 2001b64  2001b64        0     1                 $t.0
 2001b65  2001b65        e     1                 memset
 2001b72  2001b72       11     1         ./src/SEGGER_RTT/SEGGER_RTT.o:(.rodata._DoInit._aInitStr)
 2001b72  2001b72       11     1                 _DoInit._aInitStr
 2001b83  2001b83      463     1         <internal>:(.rodata.str1.1)
 2001fe6  2001fe6       10     1         <internal>:(.rodata.cst16)
 2001ff6  2001ff6        1     1         ./ra_gen/common_data.o:(.rodata.g_external_irq_ext_cfg)
 2001ff6  2001ff6        1     1                 g_external_irq_ext_cfg
 2001ff8  2001ff8       14     4         ./ra_gen/common_data.o:(.rodata.g_external_irq_cfg)
 2001ff8  2001ff8       14     1                 g_external_irq_cfg
 200200c  200200c       30     4         ./ra_gen/pin_data.o:(.rodata.g_bsp_pin_cfg_data)
 200200c  200200c       30     1                 g_bsp_pin_cfg_data
 200203c  200203c        c     4         ./ra_gen/pin_data.o:(.rodata.g_bsp_pin_cfg)
 200203c  200203c        c     1                 g_bsp_pin_cfg
 2002048  2002048        2     2         ./ra_gen/vector_data.o:(.rodata.g_interrupt_event_link_select)
 2002048  2002048        2     1                 g_interrupt_event_link_select
 200204a  200204a        6     2         ./ra/fsp/src/r_ioport/r_ioport.o:(.rodata.g_vbatt_pins_input)
 200204a  200204a        6     1                 g_vbatt_pins_input
 2002050  2002050       20     4         ./ra/fsp/src/bsp/mcu/ra8p1/bsp_linker.o:(.rodata.nocache_list)
 2002050  2002050       20     1                 nocache_list
 2002070  2002070       18     4         ./ra/fsp/src/bsp/mcu/ra8p1/bsp_linker.o:(.rodata.g_init_info)
 2002070  2002070       18     1                 g_init_info
 2002088  2002088       84     4         ./ra/fsp/src/bsp/mcu/ra8p1/bsp_linker.o:(.rodata.zero_list)
 2002088  2002088       84     1                 zero_list
 200210c  200210c      190     4         ./ra/fsp/src/bsp/mcu/ra8p1/bsp_linker.o:(.rodata.copy_list)
 200210c  200210c      190     1                 copy_list
 200229c  200229c        8     2         <internal>:(.rodata.cst8)
 20022a4  20022a4        6     2         ./ra/board/ra8p1_ek/board_leds.o:(.rodata.g_bsp_prv_leds)
 20022a4  20022a4        6     1                 g_bsp_prv_leds
 20022ac  20022ac        8     4         ./ra/board/ra8p1_ek/board_leds.o:(.rodata.g_bsp_leds)
 20022ac  20022ac        8     1                 g_bsp_leds
 20022b4  20022b4       4e     4         ./ra/fsp/src/bsp/mcu/all/bsp_common.o:(.version)
 20022b4  20022b4        4     1                 g_fsp_version
 20022b8  20022b8        6     1                 g_fsp_version_string
 20022be  20022be       44     1                 g_fsp_version_build_string
 2002302  2002302        0     1         __flash_readonly$$Limit = .
 2002302  2002302        0     1 __flash_preinit_array$$
 2002302  2002302        0     1         __preinit_array_start = .
 2002302  2002302        0     1         __preinit_array_end = .
 2002302  2002302        0     1 __flash_init_array$$
 2002302  2002302        0     1         __init_array_start = .
 2002302  2002302        0     1         __init_array_end = .
 2002302  2002302        0     1 __flash_fini_array$$
 2002302  2002302        0     1         __fini_array_start = .
 2002302  2002302        0     1         __fini_array_end = .
 2002302  2002302        0     1 __flash_arm.exidx$$
 2002302  2002302        0     1         __exidx_start = .
 2002302  2002302        0     1         __exidx_end = .
 2008000  2008000        0     1 .flash.endof
 2008000  2008000        0     1         __ddsc_FLASH_END = .
 2008000  2008000        0     1 .flash.flat_nsc
 2008000  2008000        0     1         __sau_ddsc_FLASH_NSC = .
 2c9f040  2c9f040        0     1 .option_setting_ofs0.startof
 2c9f040  2c9f040        0     1         __ddsc_OPTION_SETTING_OFS0_START = .
 2c9f040  2c9f040        0     1 __option_setting_ofs0_reg$$
 2c9f040  2c9f040        0     1         __option_setting_ofs0_reg$$Base = .
 2c9f040  2c9f040        0     1         __option_setting_ofs0_reg$$Limit = .
 2c9f040  2c9f040        0     1 .option_setting_ofs0.endof
 2c9f040  2c9f040        0     1         __ddsc_OPTION_SETTING_OFS0_END = .
 2c9f044  2c9f044        0     1 .option_setting_ofs2.startof
 2c9f044  2c9f044        0     1         __ddsc_OPTION_SETTING_OFS2_START = .
 2c9f044  2c9f044        0     1 __option_setting_ofs2_reg$$
 2c9f044  2c9f044        0     1         __option_setting_ofs2_reg$$Base = .
 2c9f044  2c9f044        0     1         __option_setting_ofs2_reg$$Limit = .
 2c9f044  2c9f044        0     1 .option_setting_ofs2.endof
 2c9f044  2c9f044        0     1         __ddsc_OPTION_SETTING_OFS2_END = .
 2c9f074  2c9f074        0     1 .option_setting_sas.startof
 2c9f074  2c9f074        0     1         __ddsc_OPTION_SETTING_SAS_START = .
 2c9f074  2c9f074        0     1 __option_setting_sas_reg$$
 2c9f074  2c9f074        0     1         __option_setting_sas_reg$$Base = .
 2c9f074  2c9f074        0     1         __option_setting_sas_reg$$Limit = .
 2c9f074  2c9f074        0     1 .option_setting_sas.endof
 2c9f074  2c9f074        0     1         __ddsc_OPTION_SETTING_SAS_END = .
12c9f4c0 12c9f4c0        0     1 .option_setting_ofs1.startof
12c9f4c0 12c9f4c0        0     1         __ddsc_OPTION_SETTING_OFS1_START = .
12c9f4c0 12c9f4c0        0     1 __option_setting_ofs1_reg$$
12c9f4c0 12c9f4c0        0     1         __option_setting_ofs1_reg$$Base = .
12c9f4c0 12c9f4c0        0     1         __option_setting_ofs1_reg$$Limit = .
12c9f4c0 12c9f4c0        0     1 .option_setting_ofs1.endof
12c9f4c0 12c9f4c0        0     1         __ddsc_OPTION_SETTING_OFS1_END = .
 2c9f0c0  2c9f0c0        0     1 .option_setting_ofs1_sec.startof
 2c9f0c0  2c9f0c0        0     1         __ddsc_OPTION_SETTING_OFS1_SEC_START = .
 2c9f0c0  2c9f0c0        0     1 __option_setting_ofs1_sec_reg$$
 2c9f0c0  2c9f0c0        0     1         __option_setting_ofs1_sec_reg$$Base = .
 2c9f0c0  2c9f0c0        0     1         __option_setting_ofs1_sec_reg$$Limit = .
 2c9f0c0  2c9f0c0        0     1 .option_setting_ofs1_sec.endof
 2c9f0c0  2c9f0c0        0     1         __ddsc_OPTION_SETTING_OFS1_SEC_END = .
 2c9f120  2c9f120        0     1 .option_setting_ofs1_sel.startof
 2c9f120  2c9f120        0     1         __ddsc_OPTION_SETTING_OFS1_SEL_START = .
 2c9f120  2c9f120        0     1 __option_setting_ofs1_sel_reg$$
 2c9f120  2c9f120        0     1         __option_setting_ofs1_sel_reg$$Base = .
 2c9f120  2c9f120        0     1         __option_setting_ofs1_sel_reg$$Limit = .
 2c9f120  2c9f120        0     1 .option_setting_ofs1_sel.endof
 2c9f120  2c9f120        0     1         __ddsc_OPTION_SETTING_OFS1_SEL_END = .
12c9f4c4 12c9f4c4        0     1 .option_setting_ofs3.startof
12c9f4c4 12c9f4c4        0     1         __ddsc_OPTION_SETTING_OFS3_START = .
12c9f4c4 12c9f4c4        0     1 __option_setting_ofs3_reg$$
12c9f4c4 12c9f4c4        0     1         __option_setting_ofs3_reg$$Base = .
12c9f4c4 12c9f4c4        0     1         __option_setting_ofs3_reg$$Limit = .
12c9f4c4 12c9f4c4        0     1 .option_setting_ofs3.endof
12c9f4c4 12c9f4c4        0     1         __ddsc_OPTION_SETTING_OFS3_END = .
 2c9f0c4  2c9f0c4        0     1 .option_setting_ofs3_sec.startof
 2c9f0c4  2c9f0c4        0     1         __ddsc_OPTION_SETTING_OFS3_SEC_START = .
 2c9f0c4  2c9f0c4        0     1 __option_setting_ofs3_sec_reg$$
 2c9f0c4  2c9f0c4        0     1         __option_setting_ofs3_sec_reg$$Base = .
 2c9f0c4  2c9f0c4        0     1         __option_setting_ofs3_sec_reg$$Limit = .
 2c9f0c4  2c9f0c4        0     1 .option_setting_ofs3_sec.endof
 2c9f0c4  2c9f0c4        0     1         __ddsc_OPTION_SETTING_OFS3_SEC_END = .
 2c9f124  2c9f124        0     1 .option_setting_ofs3_sel.startof
 2c9f124  2c9f124        0     1         __ddsc_OPTION_SETTING_OFS3_SEL_START = .
 2c9f124  2c9f124        0     1 __option_setting_ofs3_sel_reg$$
 2c9f124  2c9f124        0     1         __option_setting_ofs3_sel_reg$$Base = .
 2c9f124  2c9f124        0     1         __option_setting_ofs3_sel_reg$$Limit = .
 2c9f124  2c9f124        0     1 .option_setting_ofs3_sel.endof
 2c9f124  2c9f124        0     1         __ddsc_OPTION_SETTING_OFS3_SEL_END = .
12c9f600 12c9f600        0     1 .option_setting_bps.startof
12c9f600 12c9f600        0     1         __ddsc_OPTION_SETTING_BPS_START = .
12c9f600 12c9f600        0     1 __option_setting_bps_reg$$
12c9f600 12c9f600        0     1         __option_setting_bps_reg$$Base = .
12c9f600 12c9f600        0     1         __option_setting_bps_reg$$Limit = .
12c9f600 12c9f600        0     1 .option_setting_bps.endof
12c9f600 12c9f600        0     1         __ddsc_OPTION_SETTING_BPS_END = .
 2c9f200  2c9f200        0     1 .option_setting_bps_sec.startof
 2c9f200  2c9f200        0     1         __ddsc_OPTION_SETTING_BPS_SEC_START = .
 2c9f200  2c9f200        0     1 __option_setting_bps_sec_reg$$
 2c9f200  2c9f200        0     1         __option_setting_bps_sec_reg$$Base = .
 2c9f200  2c9f200        0     1         __option_setting_bps_sec_reg$$Limit = .
 2c9f200  2c9f200        0     1 .option_setting_bps_sec.endof
 2c9f200  2c9f200        0     1         __ddsc_OPTION_SETTING_BPS_SEC_END = .
 2e07700  2e07700        0     1 .option_setting_otp_pbps_sec.startof
 2e07700  2e07700        0     1         __ddsc_OPTION_SETTING_OTP_PBPS_SEC_START = .
 2e07700  2e07700        0     1 __option_setting_otp_pbps_sec_reg$$
 2e07700  2e07700        0     1         __option_setting_otp_pbps_sec_reg$$Base = .
 2e07700  2e07700        0     1         __option_setting_otp_pbps_sec_reg$$Limit = .
 2e07700  2e07700        0     1 .option_setting_otp_pbps_sec.endof
 2e07700  2e07700        0     1         __ddsc_OPTION_SETTING_OTP_PBPS_SEC_END = .
12e07780 12e07780        0     1 .option_setting_otp_pbps.startof
12e07780 12e07780        0     1         __ddsc_OPTION_SETTING_OTP_PBPS_START = .
12e07780 12e07780        0     1 __option_setting_otp_pbps_reg$$
12e07780 12e07780        0     1         __option_setting_otp_pbps_reg$$Base = .
12e07780 12e07780        0     1         __option_setting_otp_pbps_reg$$Limit = .
12e07780 12e07780        0     1 .option_setting_otp_pbps.endof
12e07780 12e07780        0     1         __ddsc_OPTION_SETTING_OTP_PBPS_END = .
12e07780 12e07780        0     1 PROVIDE ( __tls_base = ADDR ( __ram_tdata$$ ) )
12e07780 12e07780        0     1 PROVIDE ( __tdata_source = LOADADDR ( __ram_tdata$$ ) )
12e07780 12e07780        0     1 PROVIDE ( __tdata_size = SIZEOF ( __ram_tdata$$ ) )
12e07780 12e07780        0     1 PROVIDE ( __tbss_offset = ADDR ( __ram_tbss$$ ) - ADDR ( __ram_tdata$$ ) )
12e07780 12e07780        0     1 PROVIDE ( __tbss_size = SIZEOF ( __ram_tbss$$ ) )
12e07780 12e07780        0     1 PROVIDE ( __arm32_tls_tcb_offset = 8 )
       0        0     53fd     1 .debug_loc
       0        0     2cd5     1         ./src/SEGGER_RTT/SEGGER_RTT.o:(.debug_loc)
    2cd5     2cd5      cbc     1         ./src/SEGGER_RTT/SEGGER_RTT_printf.o:(.debug_loc)
    3991     3991       b1     1         ./src/hal_entry.o:(.debug_loc)
    3a42     3a42       b4     1         ./src/icu_ep.o:(.debug_loc)
    3af6     3af6      8ff     1         ./ra/fsp/src/r_ioport/r_ioport.o:(.debug_loc)
    43f5     43f5      347     1         ./ra/fsp/src/r_icu/r_icu.o:(.debug_loc)
    473c     473c      771     1         ./ra/fsp/src/bsp/mcu/all/bsp_clocks.o:(.debug_loc)
    4ead     4ead       26     1         ./ra/fsp/src/bsp/mcu/all/bsp_common.o:(.debug_loc)
    4ed3     4ed3      1cb     1         ./ra/fsp/src/bsp/mcu/all/bsp_delay.o:(.debug_loc)
    509e     509e       5c     1         ./ra/fsp/src/bsp/mcu/all/bsp_group_irq.o:(.debug_loc)
    50fa     50fa       a4     1         ./ra/fsp/src/bsp/mcu/all/bsp_ipc.o:(.debug_loc)
    519e     519e       9d     1         ./ra/fsp/src/bsp/mcu/all/bsp_register_protection.o:(.debug_loc)
    523b     523b       21     1         ./ra/fsp/src/bsp/mcu/all/bsp_sbrk.o:(.debug_loc)
    525c     525c       30     1         ./ra/fsp/src/bsp/mcu/all/bsp_sdram.o:(.debug_loc)
    528c     528c      171     1         ./ra/fsp/src/bsp/cmsis/Device/RENESAS/Source/system.o:(.debug_loc)
       0        0     23a1     1 .debug_abbrev
       0        0      20b     1         ./src/SEGGER_RTT/SEGGER_RTT.o:(.debug_abbrev)
     20b      20b      1dd     1         ./src/SEGGER_RTT/SEGGER_RTT_printf.o:(.debug_abbrev)
     3e8      3e8      145     1         ./src/hal_entry.o:(.debug_abbrev)
     52d      52d      146     1         ./src/icu_ep.o:(.debug_abbrev)
     673      673       d9     1         ./ra_gen/common_data.o:(.debug_abbrev)
     74c      74c       4b     1         ./ra_gen/hal_data.o:(.debug_abbrev)
     797      797       39     1         ./ra_gen/main.o:(.debug_abbrev)
     7d0      7d0       a8     1         ./ra_gen/pin_data.o:(.debug_abbrev)
     878      878       8e     1         ./ra_gen/vector_data.o:(.debug_abbrev)
     906      906      2d8     1         ./ra/fsp/src/r_ioport/r_ioport.o:(.debug_abbrev)
     bde      bde      301     1         ./ra/fsp/src/r_icu/r_icu.o:(.debug_abbrev)
     edf      edf       9e     1         ./ra/fsp/src/bsp/mcu/ra8p1/bsp_linker.o:(.debug_abbrev)
     f7d      f7d      2ce     1         ./ra/fsp/src/bsp/mcu/all/bsp_clocks.o:(.debug_abbrev)
    124b     124b      12f     1         ./ra/fsp/src/bsp/mcu/all/bsp_common.o:(.debug_abbrev)
    137a     137a       a7     1         ./ra/fsp/src/bsp/mcu/all/bsp_delay.o:(.debug_abbrev)
    1421     1421      1d0     1         ./ra/fsp/src/bsp/mcu/all/bsp_group_irq.o:(.debug_abbrev)
    15f1     15f1       40     1         ./ra/fsp/src/bsp/mcu/all/bsp_io.o:(.debug_abbrev)
    1631     1631      19e     1         ./ra/fsp/src/bsp/mcu/all/bsp_ipc.o:(.debug_abbrev)
    17cf     17cf      150     1         ./ra/fsp/src/bsp/mcu/all/bsp_irq.o:(.debug_abbrev)
    191f     191f      1df     1         ./ra/fsp/src/bsp/mcu/all/bsp_register_protection.o:(.debug_abbrev)
    1afe     1afe       61     1         ./ra/fsp/src/bsp/mcu/all/bsp_sbrk.o:(.debug_abbrev)
    1b5f     1b5f      176     1         ./ra/fsp/src/bsp/mcu/all/bsp_sdram.o:(.debug_abbrev)
    1cd5     1cd5       a2     1         ./ra/fsp/src/bsp/cmsis/Device/RENESAS/Source/startup.o:(.debug_abbrev)
    1d77     1d77      25e     1         ./ra/fsp/src/bsp/cmsis/Device/RENESAS/Source/system.o:(.debug_abbrev)
    1fd5     1fd5       40     1         ./ra/board/ra8p1_ek/board_init.o:(.debug_abbrev)
    2015     2015       8d     1         ./ra/board/ra8p1_ek/board_leds.o:(.debug_abbrev)
    20a2     20a2       2e     1         /Applications/Renesas e2 studio with RA FSP v6.0.0/toolchains/LLVM-ET-Arm-18.1.3-Darwin-universal/bin/../lib/clang-runtimes/arm-none-eabi/armv8.1m.main_hard_fpdp_nomve_exn_rtti/lib/libc.a(libc_errno_errno.c.o):(.debug_abbrev)
    20d0     20d0       74     1         /Applications/Renesas e2 studio with RA FSP v6.0.0/toolchains/LLVM-ET-Arm-18.1.3-Darwin-universal/bin/../lib/clang-runtimes/arm-none-eabi/armv8.1m.main_hard_fpdp_nomve_exn_rtti/lib/libc.a(libc_picolib_inittls.c.o):(.debug_abbrev)
    2144     2144       62     1         /Applications/Renesas e2 studio with RA FSP v6.0.0/toolchains/LLVM-ET-Arm-18.1.3-Darwin-universal/bin/../lib/clang-runtimes/arm-none-eabi/armv8.1m.main_hard_fpdp_nomve_exn_rtti/lib/libc.a(libc_picolib_machine_arm_tls.c.o):(.debug_abbrev)
    21a6     21a6       21     1         /Applications/Renesas e2 studio with RA FSP v6.0.0/toolchains/LLVM-ET-Arm-18.1.3-Darwin-universal/bin/../lib/clang-runtimes/arm-none-eabi/armv8.1m.main_hard_fpdp_nomve_exn_rtti/lib/libc.a(libc_picolib_machine_arm_read_tp.S.o):(.debug_abbrev)
    21c7     21c7       94     1         /Applications/Renesas e2 studio with RA FSP v6.0.0/toolchains/LLVM-ET-Arm-18.1.3-Darwin-universal/bin/../lib/clang-runtimes/arm-none-eabi/armv8.1m.main_hard_fpdp_nomve_exn_rtti/lib/libc.a(bzero.c.o):(.debug_abbrev)
    225b     225b       a0     1         /Applications/Renesas e2 studio with RA FSP v6.0.0/toolchains/LLVM-ET-Arm-18.1.3-Darwin-universal/bin/../lib/clang-runtimes/arm-none-eabi/armv8.1m.main_hard_fpdp_nomve_exn_rtti/lib/libc.a(memcpy.c.o):(.debug_abbrev)
    22fb     22fb       85     1         /Applications/Renesas e2 studio with RA FSP v6.0.0/toolchains/LLVM-ET-Arm-18.1.3-Darwin-universal/bin/../lib/clang-runtimes/arm-none-eabi/armv8.1m.main_hard_fpdp_nomve_exn_rtti/lib/libc.a(memset.c.o):(.debug_abbrev)
    2380     2380       21     1         /Applications/Renesas e2 studio with RA FSP v6.0.0/toolchains/LLVM-ET-Arm-18.1.3-Darwin-universal/bin/../lib/clang-runtimes/arm-none-eabi/armv8.1m.main_hard_fpdp_nomve_exn_rtti/lib/libc.a(strlen.S.o):(.debug_abbrev)
       0        0    36af5     1 .debug_info
       0        0     1d34     1         ./src/SEGGER_RTT/SEGGER_RTT.o:(.debug_info)
    1d34     1d34      5d4     1         ./src/SEGGER_RTT/SEGGER_RTT_printf.o:(.debug_info)
    2308     2308     115d     1         ./src/hal_entry.o:(.debug_info)
    3465     3465      998     1         ./src/icu_ep.o:(.debug_info)
    3dfd     3dfd     14c0     1         ./ra_gen/common_data.o:(.debug_info)
    52bd     52bd       49     1         ./ra_gen/hal_data.o:(.debug_info)
    5306     5306       43     1         ./ra_gen/main.o:(.debug_info)
    5349     5349      7a8     1         ./ra_gen/pin_data.o:(.debug_info)
    5af1     5af1      e07     1         ./ra_gen/vector_data.o:(.debug_info)
    68f8     68f8     976b     1         ./ra/fsp/src/r_ioport/r_ioport.o:(.debug_info)
   10063    10063     21a7     1         ./ra/fsp/src/r_icu/r_icu.o:(.debug_info)
   1220a    1220a      233     1         ./ra/fsp/src/bsp/mcu/ra8p1/bsp_linker.o:(.debug_info)
   1243d    1243d     9202     1         ./ra/fsp/src/bsp/mcu/all/bsp_clocks.o:(.debug_info)
   1b63f    1b63f      8bb     1         ./ra/fsp/src/bsp/mcu/all/bsp_common.o:(.debug_info)
   1befa    1befa      169     1         ./ra/fsp/src/bsp/mcu/all/bsp_delay.o:(.debug_info)
   1c063    1c063     16c8     1         ./ra/fsp/src/bsp/mcu/all/bsp_group_irq.o:(.debug_info)
   1d72b    1d72b       52     1         ./ra/fsp/src/bsp/mcu/all/bsp_io.o:(.debug_info)
   1d77d    1d77d     1ba8     1         ./ra/fsp/src/bsp/mcu/all/bsp_ipc.o:(.debug_info)
   1f325    1f325     1c88     1         ./ra/fsp/src/bsp/mcu/all/bsp_irq.o:(.debug_info)
   20fad    20fad     5f12     1         ./ra/fsp/src/bsp/mcu/all/bsp_register_protection.o:(.debug_info)
   26ebf    26ebf       76     1         ./ra/fsp/src/bsp/mcu/all/bsp_sbrk.o:(.debug_info)
   26f35    26f35     7a39     1         ./ra/fsp/src/bsp/mcu/all/bsp_sdram.o:(.debug_info)
   2e96e    2e96e       dd     1         ./ra/fsp/src/bsp/cmsis/Device/RENESAS/Source/startup.o:(.debug_info)
   2ea4b    2ea4b     7acd     1         ./ra/fsp/src/bsp/cmsis/Device/RENESAS/Source/system.o:(.debug_info)
   36518    36518       47     1         ./ra/board/ra8p1_ek/board_init.o:(.debug_info)
   3655f    3655f       ac     1         ./ra/board/ra8p1_ek/board_leds.o:(.debug_info)
   3660b    3660b       2e     1         /Applications/Renesas e2 studio with RA FSP v6.0.0/toolchains/LLVM-ET-Arm-18.1.3-Darwin-universal/bin/../lib/clang-runtimes/arm-none-eabi/armv8.1m.main_hard_fpdp_nomve_exn_rtti/lib/libc.a(libc_errno_errno.c.o):(.debug_info)
   36639    36639       64     1         /Applications/Renesas e2 studio with RA FSP v6.0.0/toolchains/LLVM-ET-Arm-18.1.3-Darwin-universal/bin/../lib/clang-runtimes/arm-none-eabi/armv8.1m.main_hard_fpdp_nomve_exn_rtti/lib/libc.a(libc_picolib_inittls.c.o):(.debug_info)
   3669d    3669d       60     1         /Applications/Renesas e2 studio with RA FSP v6.0.0/toolchains/LLVM-ET-Arm-18.1.3-Darwin-universal/bin/../lib/clang-runtimes/arm-none-eabi/armv8.1m.main_hard_fpdp_nomve_exn_rtti/lib/libc.a(libc_picolib_machine_arm_tls.c.o):(.debug_info)
   366fd    366fd      13d     1         /Applications/Renesas e2 studio with RA FSP v6.0.0/toolchains/LLVM-ET-Arm-18.1.3-Darwin-universal/bin/../lib/clang-runtimes/arm-none-eabi/armv8.1m.main_hard_fpdp_nomve_exn_rtti/lib/libc.a(libc_picolib_machine_arm_read_tp.S.o):(.debug_info)
   3683a    3683a       76     1         /Applications/Renesas e2 studio with RA FSP v6.0.0/toolchains/LLVM-ET-Arm-18.1.3-Darwin-universal/bin/../lib/clang-runtimes/arm-none-eabi/armv8.1m.main_hard_fpdp_nomve_exn_rtti/lib/libc.a(bzero.c.o):(.debug_info)
   368b0    368b0       97     1         /Applications/Renesas e2 studio with RA FSP v6.0.0/toolchains/LLVM-ET-Arm-18.1.3-Darwin-universal/bin/../lib/clang-runtimes/arm-none-eabi/armv8.1m.main_hard_fpdp_nomve_exn_rtti/lib/libc.a(memcpy.c.o):(.debug_info)
   36947    36947       78     1         /Applications/Renesas e2 studio with RA FSP v6.0.0/toolchains/LLVM-ET-Arm-18.1.3-Darwin-universal/bin/../lib/clang-runtimes/arm-none-eabi/armv8.1m.main_hard_fpdp_nomve_exn_rtti/lib/libc.a(memset.c.o):(.debug_info)
   369bf    369bf      136     1         /Applications/Renesas e2 studio with RA FSP v6.0.0/toolchains/LLVM-ET-Arm-18.1.3-Darwin-universal/bin/../lib/clang-runtimes/arm-none-eabi/armv8.1m.main_hard_fpdp_nomve_exn_rtti/lib/libc.a(strlen.S.o):(.debug_info)
       0        0      848     1 .debug_ranges
       0        0      308     1         ./src/SEGGER_RTT/SEGGER_RTT.o:(.debug_ranges)
     308      308      110     1         ./src/SEGGER_RTT/SEGGER_RTT_printf.o:(.debug_ranges)
     418      418       18     1         ./src/hal_entry.o:(.debug_ranges)
     430      430       28     1         ./src/icu_ep.o:(.debug_ranges)
     458      458       d0     1         ./ra/fsp/src/r_ioport/r_ioport.o:(.debug_ranges)
     528      528       88     1         ./ra/fsp/src/r_icu/r_icu.o:(.debug_ranges)
     5b0      5b0      140     1         ./ra/fsp/src/bsp/mcu/all/bsp_clocks.o:(.debug_ranges)
     6f0      6f0       20     1         ./ra/fsp/src/bsp/mcu/all/bsp_common.o:(.debug_ranges)
     710      710       18     1         ./ra/fsp/src/bsp/mcu/all/bsp_delay.o:(.debug_ranges)
     728      728       18     1         ./ra/fsp/src/bsp/mcu/all/bsp_group_irq.o:(.debug_ranges)
     740      740       30     1         ./ra/fsp/src/bsp/mcu/all/bsp_ipc.o:(.debug_ranges)
     770      770       18     1         ./ra/fsp/src/bsp/mcu/all/bsp_irq.o:(.debug_ranges)
     788      788       30     1         ./ra/fsp/src/bsp/mcu/all/bsp_register_protection.o:(.debug_ranges)
     7b8      7b8       20     1         ./ra/fsp/src/bsp/mcu/all/bsp_sdram.o:(.debug_ranges)
     7d8      7d8       18     1         ./ra/fsp/src/bsp/cmsis/Device/RENESAS/Source/startup.o:(.debug_ranges)
     7f0      7f0       58     1         ./ra/fsp/src/bsp/cmsis/Device/RENESAS/Source/system.o:(.debug_ranges)
       0        0     e173     1 .debug_str
       0        0     e173     1         <internal>:(.debug_str)
       0        0       29     1 .comment
       0        0       29     1         <internal>:(.comment)
       0        0       50     1 .ARM.attributes
       0        0       50     1         ./src/SEGGER_RTT/SEGGER_RTT.o:(.ARM.attributes)
       0        0      d94     4 .debug_frame
       0        0      448     4         ./src/SEGGER_RTT/SEGGER_RTT.o:(.debug_frame)
     448      448       8c     4         ./src/SEGGER_RTT/SEGGER_RTT_printf.o:(.debug_frame)
     4d4      4d4       40     4         ./src/hal_entry.o:(.debug_frame)
     514      514       80     4         ./src/icu_ep.o:(.debug_frame)
     594      594       24     4         ./ra_gen/common_data.o:(.debug_frame)
     5b8      5b8       24     4         ./ra_gen/hal_data.o:(.debug_frame)
     5dc      5dc       30     4         ./ra_gen/main.o:(.debug_frame)
     60c      60c      18c     4         ./ra/fsp/src/r_ioport/r_ioport.o:(.debug_frame)
     798      798       9c     4         ./ra/fsp/src/r_icu/r_icu.o:(.debug_frame)
     834      834      188     4         ./ra/fsp/src/bsp/mcu/all/bsp_clocks.o:(.debug_frame)
     9bc      9bc       44     4         ./ra/fsp/src/bsp/mcu/all/bsp_common.o:(.debug_frame)
     a00      a00       34     4         ./ra/fsp/src/bsp/mcu/all/bsp_delay.o:(.debug_frame)
     a34      a34       48     4         ./ra/fsp/src/bsp/mcu/all/bsp_group_irq.o:(.debug_frame)
     a7c      a7c       70     4         ./ra/fsp/src/bsp/mcu/all/bsp_ipc.o:(.debug_frame)
     aec      aec       24     4         ./ra/fsp/src/bsp/mcu/all/bsp_irq.o:(.debug_frame)
     b10      b10       44     4         ./ra/fsp/src/bsp/mcu/all/bsp_register_protection.o:(.debug_frame)
     b54      b54       30     4         ./ra/fsp/src/bsp/mcu/all/bsp_sbrk.o:(.debug_frame)
     b84      b84       68     4         ./ra/fsp/src/bsp/mcu/all/bsp_sdram.o:(.debug_frame)
     bec      bec       40     4         ./ra/fsp/src/bsp/cmsis/Device/RENESAS/Source/startup.o:(.debug_frame)
     c2c      c2c       4c     4         ./ra/fsp/src/bsp/cmsis/Device/RENESAS/Source/system.o:(.debug_frame)
     c78      c78       24     4         ./ra/board/ra8p1_ek/board_init.o:(.debug_frame)
     c9c      c9c       34     4         /Applications/Renesas e2 studio with RA FSP v6.0.0/toolchains/LLVM-ET-Arm-18.1.3-Darwin-universal/bin/../lib/clang-runtimes/arm-none-eabi/armv8.1m.main_hard_fpdp_nomve_exn_rtti/lib/libc.a(libc_picolib_inittls.c.o):(.debug_frame)
     cd0      cd0       24     4         /Applications/Renesas e2 studio with RA FSP v6.0.0/toolchains/LLVM-ET-Arm-18.1.3-Darwin-universal/bin/../lib/clang-runtimes/arm-none-eabi/armv8.1m.main_hard_fpdp_nomve_exn_rtti/lib/libc.a(libc_picolib_machine_arm_tls.c.o):(.debug_frame)
     cf4      cf4       24     4         /Applications/Renesas e2 studio with RA FSP v6.0.0/toolchains/LLVM-ET-Arm-18.1.3-Darwin-universal/bin/../lib/clang-runtimes/arm-none-eabi/armv8.1m.main_hard_fpdp_nomve_exn_rtti/lib/libc.a(libc_picolib_machine_arm_read_tp.S.o):(.debug_frame)
     d18      d18       24     4         /Applications/Renesas e2 studio with RA FSP v6.0.0/toolchains/LLVM-ET-Arm-18.1.3-Darwin-universal/bin/../lib/clang-runtimes/arm-none-eabi/armv8.1m.main_hard_fpdp_nomve_exn_rtti/lib/libc.a(bzero.c.o):(.debug_frame)
     d3c      d3c       34     4         /Applications/Renesas e2 studio with RA FSP v6.0.0/toolchains/LLVM-ET-Arm-18.1.3-Darwin-universal/bin/../lib/clang-runtimes/arm-none-eabi/armv8.1m.main_hard_fpdp_nomve_exn_rtti/lib/libc.a(memcpy.c.o):(.debug_frame)
     d70      d70       24     4         /Applications/Renesas e2 studio with RA FSP v6.0.0/toolchains/LLVM-ET-Arm-18.1.3-Darwin-universal/bin/../lib/clang-runtimes/arm-none-eabi/armv8.1m.main_hard_fpdp_nomve_exn_rtti/lib/libc.a(memset.c.o):(.debug_frame)
       0        0     7744     1 .debug_line
       0        0     183b     1         ./src/SEGGER_RTT/SEGGER_RTT.o:(.debug_line)
    183b     183b      6be     1         ./src/SEGGER_RTT/SEGGER_RTT_printf.o:(.debug_line)
    1ef9     1ef9      41b     1         ./src/hal_entry.o:(.debug_line)
    2314     2314      358     1         ./src/icu_ep.o:(.debug_line)
    266c     266c      348     1         ./ra_gen/common_data.o:(.debug_line)
    29b4     29b4       57     1         ./ra_gen/hal_data.o:(.debug_line)
    2a0b     2a0b       47     1         ./ra_gen/main.o:(.debug_line)
    2a52     2a52      26b     1         ./ra_gen/pin_data.o:(.debug_line)
    2cbd     2cbd      131     1         ./ra_gen/vector_data.o:(.debug_line)
    2dee     2dee      918     1         ./ra/fsp/src/r_ioport/r_ioport.o:(.debug_line)
    3706     3706      640     1         ./ra/fsp/src/r_icu/r_icu.o:(.debug_line)
    3d46     3d46      1d4     1         ./ra/fsp/src/bsp/mcu/ra8p1/bsp_linker.o:(.debug_line)
    3f1a     3f1a      cbf     1         ./ra/fsp/src/bsp/mcu/all/bsp_clocks.o:(.debug_line)
    4bd9     4bd9      2b3     1         ./ra/fsp/src/bsp/mcu/all/bsp_common.o:(.debug_line)
    4e8c     4e8c      2ff     1         ./ra/fsp/src/bsp/mcu/all/bsp_delay.o:(.debug_line)
    518b     518b      38a     1         ./ra/fsp/src/bsp/mcu/all/bsp_group_irq.o:(.debug_line)
    5515     5515      1e3     1         ./ra/fsp/src/bsp/mcu/all/bsp_io.o:(.debug_line)
    56f8     56f8      3dd     1         ./ra/fsp/src/bsp/mcu/all/bsp_ipc.o:(.debug_line)
    5ad5     5ad5      330     1         ./ra/fsp/src/bsp/mcu/all/bsp_irq.o:(.debug_line)
    5e05     5e05      3d3     1         ./ra/fsp/src/bsp/mcu/all/bsp_register_protection.o:(.debug_line)
    61d8     61d8      1c2     1         ./ra/fsp/src/bsp/mcu/all/bsp_sbrk.o:(.debug_line)
    639a     639a      3ea     1         ./ra/fsp/src/bsp/mcu/all/bsp_sdram.o:(.debug_line)
    6784     6784      223     1         ./ra/fsp/src/bsp/cmsis/Device/RENESAS/Source/startup.o:(.debug_line)
    69a7     69a7      6e8     1         ./ra/fsp/src/bsp/cmsis/Device/RENESAS/Source/system.o:(.debug_line)
    708f     708f       55     1         ./ra/board/ra8p1_ek/board_init.o:(.debug_line)
    70e4     70e4      264     1         ./ra/board/ra8p1_ek/board_leds.o:(.debug_line)
    7348     7348       43     1         /Applications/Renesas e2 studio with RA FSP v6.0.0/toolchains/LLVM-ET-Arm-18.1.3-Darwin-universal/bin/../lib/clang-runtimes/arm-none-eabi/armv8.1m.main_hard_fpdp_nomve_exn_rtti/lib/libc.a(libc_errno_errno.c.o):(.debug_line)
    738b     738b       a2     1         /Applications/Renesas e2 studio with RA FSP v6.0.0/toolchains/LLVM-ET-Arm-18.1.3-Darwin-universal/bin/../lib/clang-runtimes/arm-none-eabi/armv8.1m.main_hard_fpdp_nomve_exn_rtti/lib/libc.a(libc_picolib_inittls.c.o):(.debug_line)
    742d     742d       ad     1         /Applications/Renesas e2 studio with RA FSP v6.0.0/toolchains/LLVM-ET-Arm-18.1.3-Darwin-universal/bin/../lib/clang-runtimes/arm-none-eabi/armv8.1m.main_hard_fpdp_nomve_exn_rtti/lib/libc.a(libc_picolib_machine_arm_tls.c.o):(.debug_line)
    74da     74da       45     1         /Applications/Renesas e2 studio with RA FSP v6.0.0/toolchains/LLVM-ET-Arm-18.1.3-Darwin-universal/bin/../lib/clang-runtimes/arm-none-eabi/armv8.1m.main_hard_fpdp_nomve_exn_rtti/lib/libc.a(libc_picolib_machine_arm_read_tp.S.o):(.debug_line)
    751f     751f       a1     1         /Applications/Renesas e2 studio with RA FSP v6.0.0/toolchains/LLVM-ET-Arm-18.1.3-Darwin-universal/bin/../lib/clang-runtimes/arm-none-eabi/armv8.1m.main_hard_fpdp_nomve_exn_rtti/lib/libc.a(bzero.c.o):(.debug_line)
    75c0     75c0       9f     1         /Applications/Renesas e2 studio with RA FSP v6.0.0/toolchains/LLVM-ET-Arm-18.1.3-Darwin-universal/bin/../lib/clang-runtimes/arm-none-eabi/armv8.1m.main_hard_fpdp_nomve_exn_rtti/lib/libc.a(memcpy.c.o):(.debug_line)
    765f     765f       96     1         /Applications/Renesas e2 studio with RA FSP v6.0.0/toolchains/LLVM-ET-Arm-18.1.3-Darwin-universal/bin/../lib/clang-runtimes/arm-none-eabi/armv8.1m.main_hard_fpdp_nomve_exn_rtti/lib/libc.a(memset.c.o):(.debug_line)
    76f5     76f5       4f     1         /Applications/Renesas e2 studio with RA FSP v6.0.0/toolchains/LLVM-ET-Arm-18.1.3-Darwin-universal/bin/../lib/clang-runtimes/arm-none-eabi/armv8.1m.main_hard_fpdp_nomve_exn_rtti/lib/libc.a(strlen.S.o):(.debug_line)
       0        0      120     1 .debug_str_offsets
       0        0       1c     1         /Applications/Renesas e2 studio with RA FSP v6.0.0/toolchains/LLVM-ET-Arm-18.1.3-Darwin-universal/bin/../lib/clang-runtimes/arm-none-eabi/armv8.1m.main_hard_fpdp_nomve_exn_rtti/lib/libc.a(libc_errno_errno.c.o):(.debug_str_offsets)
      1c       1c       30     1         /Applications/Renesas e2 studio with RA FSP v6.0.0/toolchains/LLVM-ET-Arm-18.1.3-Darwin-universal/bin/../lib/clang-runtimes/arm-none-eabi/armv8.1m.main_hard_fpdp_nomve_exn_rtti/lib/libc.a(libc_picolib_inittls.c.o):(.debug_str_offsets)
      4c       4c       30     1         /Applications/Renesas e2 studio with RA FSP v6.0.0/toolchains/LLVM-ET-Arm-18.1.3-Darwin-universal/bin/../lib/clang-runtimes/arm-none-eabi/armv8.1m.main_hard_fpdp_nomve_exn_rtti/lib/libc.a(libc_picolib_machine_arm_tls.c.o):(.debug_str_offsets)
      7c       7c       30     1         /Applications/Renesas e2 studio with RA FSP v6.0.0/toolchains/LLVM-ET-Arm-18.1.3-Darwin-universal/bin/../lib/clang-runtimes/arm-none-eabi/armv8.1m.main_hard_fpdp_nomve_exn_rtti/lib/libc.a(bzero.c.o):(.debug_str_offsets)
      ac       ac       3c     1         /Applications/Renesas e2 studio with RA FSP v6.0.0/toolchains/LLVM-ET-Arm-18.1.3-Darwin-universal/bin/../lib/clang-runtimes/arm-none-eabi/armv8.1m.main_hard_fpdp_nomve_exn_rtti/lib/libc.a(memcpy.c.o):(.debug_str_offsets)
      e8       e8       38     1         /Applications/Renesas e2 studio with RA FSP v6.0.0/toolchains/LLVM-ET-Arm-18.1.3-Darwin-universal/bin/../lib/clang-runtimes/arm-none-eabi/armv8.1m.main_hard_fpdp_nomve_exn_rtti/lib/libc.a(memset.c.o):(.debug_str_offsets)
       0        0      463     1 .debug_line_str
       0        0      463     1         <internal>:(.debug_line_str)
       0        0       fd     1 .debug_loclists
       0        0       2a     1         /Applications/Renesas e2 studio with RA FSP v6.0.0/toolchains/LLVM-ET-Arm-18.1.3-Darwin-universal/bin/../lib/clang-runtimes/arm-none-eabi/armv8.1m.main_hard_fpdp_nomve_exn_rtti/lib/libc.a(libc_picolib_inittls.c.o):(.debug_loclists)
      2a       2a       1b     1         /Applications/Renesas e2 studio with RA FSP v6.0.0/toolchains/LLVM-ET-Arm-18.1.3-Darwin-universal/bin/../lib/clang-runtimes/arm-none-eabi/armv8.1m.main_hard_fpdp_nomve_exn_rtti/lib/libc.a(bzero.c.o):(.debug_loclists)
      45       45       7a     1         /Applications/Renesas e2 studio with RA FSP v6.0.0/toolchains/LLVM-ET-Arm-18.1.3-Darwin-universal/bin/../lib/clang-runtimes/arm-none-eabi/armv8.1m.main_hard_fpdp_nomve_exn_rtti/lib/libc.a(memcpy.c.o):(.debug_loclists)
      bf       bf       3e     1         /Applications/Renesas e2 studio with RA FSP v6.0.0/toolchains/LLVM-ET-Arm-18.1.3-Darwin-universal/bin/../lib/clang-runtimes/arm-none-eabi/armv8.1m.main_hard_fpdp_nomve_exn_rtti/lib/libc.a(memset.c.o):(.debug_loclists)
       0        0       40     1 .debug_addr
       0        0        c     1         /Applications/Renesas e2 studio with RA FSP v6.0.0/toolchains/LLVM-ET-Arm-18.1.3-Darwin-universal/bin/../lib/clang-runtimes/arm-none-eabi/armv8.1m.main_hard_fpdp_nomve_exn_rtti/lib/libc.a(libc_picolib_inittls.c.o):(.debug_addr)
       c        c        c     1         /Applications/Renesas e2 studio with RA FSP v6.0.0/toolchains/LLVM-ET-Arm-18.1.3-Darwin-universal/bin/../lib/clang-runtimes/arm-none-eabi/armv8.1m.main_hard_fpdp_nomve_exn_rtti/lib/libc.a(libc_picolib_machine_arm_tls.c.o):(.debug_addr)
      18       18       10     1         /Applications/Renesas e2 studio with RA FSP v6.0.0/toolchains/LLVM-ET-Arm-18.1.3-Darwin-universal/bin/../lib/clang-runtimes/arm-none-eabi/armv8.1m.main_hard_fpdp_nomve_exn_rtti/lib/libc.a(bzero.c.o):(.debug_addr)
      28       28        c     1         /Applications/Renesas e2 studio with RA FSP v6.0.0/toolchains/LLVM-ET-Arm-18.1.3-Darwin-universal/bin/../lib/clang-runtimes/arm-none-eabi/armv8.1m.main_hard_fpdp_nomve_exn_rtti/lib/libc.a(memcpy.c.o):(.debug_addr)
      34       34        c     1         /Applications/Renesas e2 studio with RA FSP v6.0.0/toolchains/LLVM-ET-Arm-18.1.3-Darwin-universal/bin/../lib/clang-runtimes/arm-none-eabi/armv8.1m.main_hard_fpdp_nomve_exn_rtti/lib/libc.a(memset.c.o):(.debug_addr)
       0        0       40     1 .debug_aranges
       0        0       20     1         /Applications/Renesas e2 studio with RA FSP v6.0.0/toolchains/LLVM-ET-Arm-18.1.3-Darwin-universal/bin/../lib/clang-runtimes/arm-none-eabi/armv8.1m.main_hard_fpdp_nomve_exn_rtti/lib/libc.a(libc_picolib_machine_arm_read_tp.S.o):(.debug_aranges)
      20       20       20     1         /Applications/Renesas e2 studio with RA FSP v6.0.0/toolchains/LLVM-ET-Arm-18.1.3-Darwin-universal/bin/../lib/clang-runtimes/arm-none-eabi/armv8.1m.main_hard_fpdp_nomve_exn_rtti/lib/libc.a(strlen.S.o):(.debug_aranges)
       0        0     1ce0     4 .symtab
       0        0     1ce0     4         <internal>:(.symtab)
       0        0      c15     1 .shstrtab
       0        0      c15     1         <internal>:(.shstrtab)
       0        0     2526     1 .strtab
       0        0     2526     1         <internal>:(.strtab)

Cross Reference Table

Symbol                                            File
_SEGGER_RTT                                       ./src/SEGGER_RTT/SEGGER_RTT.o
__aeabi_memclr4                                   /Applications/Renesas e2 studio with RA FSP v6.0.0/toolchains/LLVM-ET-Arm-18.1.3-Darwin-universal/bin/../lib/clang-runtimes/arm-none-eabi/armv8.1m.main_hard_fpdp_nomve_exn_rtti/lib/libc.a(bzero.c.o)
                                                  ./src/SEGGER_RTT/SEGGER_RTT.o
                                                  ./ra/fsp/src/bsp/cmsis/Device/RENESAS/Source/system.o
__aeabi_memcpy                                    /Applications/Renesas e2 studio with RA FSP v6.0.0/toolchains/LLVM-ET-Arm-18.1.3-Darwin-universal/bin/../lib/clang-runtimes/arm-none-eabi/armv8.1m.main_hard_fpdp_nomve_exn_rtti/lib/libc.a(memcpy.c.o)
                                                  ./src/SEGGER_RTT/SEGGER_RTT.o
                                                  /Applications/Renesas e2 studio with RA FSP v6.0.0/toolchains/LLVM-ET-Arm-18.1.3-Darwin-universal/bin/../lib/clang-runtimes/arm-none-eabi/armv8.1m.main_hard_fpdp_nomve_exn_rtti/lib/libc.a(libc_picolib_inittls.c.o)
SEGGER_RTT_WriteNoLock                            ./src/SEGGER_RTT/SEGGER_RTT.o
SEGGER_RTT_Write                                  ./src/SEGGER_RTT/SEGGER_RTT.o
                                                  ./src/SEGGER_RTT/SEGGER_RTT_printf.o
SEGGER_RTT_vprintf                                ./src/SEGGER_RTT/SEGGER_RTT_printf.o
SEGGER_RTT_printf                                 ./src/SEGGER_RTT/SEGGER_RTT_printf.o
                                                  ./src/hal_entry.o
                                                  ./src/icu_ep.o
hal_entry                                         ./src/hal_entry.o
                                                  ./ra_gen/main.o
g_bsp_leds                                        ./ra/board/ra8p1_ek/board_leds.o
                                                  ./src/hal_entry.o
R_FSP_VersionGet                                  ./ra/fsp/src/bsp/mcu/all/bsp_common.o
                                                  ./src/hal_entry.o
icu_init                                          ./src/icu_ep.o
                                                  ./src/hal_entry.o
icu_enable                                        ./src/icu_ep.o
                                                  ./src/hal_entry.o
icu_deinit                                        ./src/icu_ep.o
                                                  ./src/hal_entry.o
g_sw_press                                        ./src/icu_ep.o
                                                  ./src/hal_entry.o
g_ioport_ctrl                                     ./ra_gen/common_data.o
                                                  ./src/hal_entry.o
R_IOPORT_PinRead                                  ./ra/fsp/src/r_ioport/r_ioport.o
                                                  ./src/hal_entry.o
R_IOPORT_PinWrite                                 ./ra/fsp/src/r_ioport/r_ioport.o
                                                  ./src/hal_entry.o
R_BSP_WarmStart                                   ./src/hal_entry.o
                                                  ./ra/fsp/src/bsp/cmsis/Device/RENESAS/Source/system.o
g_bsp_pin_cfg                                     ./ra_gen/pin_data.o
                                                  ./src/hal_entry.o
                                                  ./ra_gen/common_data.o
R_IOPORT_Open                                     ./ra/fsp/src/r_ioport/r_ioport.o
                                                  ./src/hal_entry.o
g_external_irq_ctrl                               ./ra_gen/common_data.o
                                                  ./src/icu_ep.o
g_external_irq_cfg                                ./ra_gen/common_data.o
                                                  ./src/icu_ep.o
R_ICU_ExternalIrqOpen                             ./ra/fsp/src/r_icu/r_icu.o
                                                  ./src/icu_ep.o
R_ICU_ExternalIrqEnable                           ./ra/fsp/src/r_icu/r_icu.o
                                                  ./src/icu_ep.o
R_ICU_ExternalIrqClose                            ./ra/fsp/src/r_icu/r_icu.o
                                                  ./src/icu_ep.o
irq_ep_callback                                   ./src/icu_ep.o
                                                  ./ra_gen/common_data.o
g_external_irq_ext_cfg                            ./ra_gen/common_data.o
main                                              ./ra_gen/main.o
                                                  ./ra/fsp/src/bsp/cmsis/Device/RENESAS/Source/startup.o
g_bsp_pin_cfg_data                                ./ra_gen/pin_data.o
g_vector_table                                    ./ra_gen/vector_data.o
r_icu_isr                                         ./ra/fsp/src/r_icu/r_icu.o
                                                  ./ra_gen/vector_data.o
g_interrupt_event_link_select                     ./ra_gen/vector_data.o
                                                  ./ra/fsp/src/bsp/mcu/all/bsp_irq.o
g_protect_pfswe_counter                           ./ra/fsp/src/bsp/mcu/all/bsp_io.o
                                                  ./ra/fsp/src/r_ioport/r_ioport.o
R_BSP_SoftwareDelay                               ./ra/fsp/src/bsp/mcu/all/bsp_delay.o
                                                  ./ra/fsp/src/r_ioport/r_ioport.o
                                                  ./ra/fsp/src/bsp/mcu/all/bsp_clocks.o
R_BSP_RegisterProtectDisable                      ./ra/fsp/src/bsp/mcu/all/bsp_register_protection.o
                                                  ./ra/fsp/src/r_ioport/r_ioport.o
                                                  ./ra/fsp/src/bsp/mcu/all/bsp_clocks.o
                                                  ./ra/fsp/src/bsp/mcu/all/bsp_sdram.o
                                                  ./ra/fsp/src/bsp/cmsis/Device/RENESAS/Source/system.o
R_BSP_RegisterProtectEnable                       ./ra/fsp/src/bsp/mcu/all/bsp_register_protection.o
                                                  ./ra/fsp/src/r_ioport/r_ioport.o
                                                  ./ra/fsp/src/bsp/mcu/all/bsp_clocks.o
                                                  ./ra/fsp/src/bsp/mcu/all/bsp_sdram.o
                                                  ./ra/fsp/src/bsp/cmsis/Device/RENESAS/Source/system.o
gp_renesas_isr_context                            ./ra/fsp/src/bsp/mcu/all/bsp_irq.o
                                                  ./ra/fsp/src/r_icu/r_icu.o
__sdram_noinit_nocache$$Base                      fsp_gen.lld:404
                                                  ./ra/fsp/src/bsp/mcu/ra8p1/bsp_linker.o
__sdram_zero_nocache$$Limit                       fsp_gen.lld:416
                                                  ./ra/fsp/src/bsp/mcu/ra8p1/bsp_linker.o
__ospi0_cs0_noinit_nocache$$Base                  fsp_gen.lld:454
                                                  ./ra/fsp/src/bsp/mcu/ra8p1/bsp_linker.o
__ospi0_cs0_zero_nocache$$Limit                   fsp_gen.lld:466
                                                  ./ra/fsp/src/bsp/mcu/ra8p1/bsp_linker.o
__ospi1_cs0_noinit_nocache$$Base                  fsp_gen.lld:504
                                                  ./ra/fsp/src/bsp/mcu/ra8p1/bsp_linker.o
__ospi1_cs0_zero_nocache$$Limit                   fsp_gen.lld:516
                                                  ./ra/fsp/src/bsp/mcu/ra8p1/bsp_linker.o
__ram_noinit_nocache$$Base                        fsp_gen.lld:622
                                                  ./ra/fsp/src/bsp/mcu/ra8p1/bsp_linker.o
__ram_zero_nocache$$Limit                         fsp_gen.lld:634
                                                  ./ra/fsp/src/bsp/mcu/ra8p1/bsp_linker.o
g_init_info                                       ./ra/fsp/src/bsp/mcu/ra8p1/bsp_linker.o
                                                  ./ra/fsp/src/bsp/cmsis/Device/RENESAS/Source/system.o
__sdram_zero_nocache$$Base                        fsp_gen.lld:412
                                                  ./ra/fsp/src/bsp/mcu/ra8p1/bsp_linker.o
__sdram_zero$$Base                                fsp_gen.lld:429
                                                  ./ra/fsp/src/bsp/mcu/ra8p1/bsp_linker.o
__sdram_zero$$Limit                               fsp_gen.lld:432
                                                  ./ra/fsp/src/bsp/mcu/ra8p1/bsp_linker.o
__ospi0_cs0_zero_nocache$$Base                    fsp_gen.lld:462
                                                  ./ra/fsp/src/bsp/mcu/ra8p1/bsp_linker.o
__ospi0_cs0_zero$$Base                            fsp_gen.lld:479
                                                  ./ra/fsp/src/bsp/mcu/ra8p1/bsp_linker.o
__ospi0_cs0_zero$$Limit                           fsp_gen.lld:482
                                                  ./ra/fsp/src/bsp/mcu/ra8p1/bsp_linker.o
[...]
__sdram_from_data_flash$$Load                     fsp_gen.lld:279
                                                  ./ra/fsp/src/bsp/mcu/ra8p1/bsp_linker.o
__sdram_from_flash$$Base                          fsp_gen.lld:394
                                                  ./ra/fsp/src/bsp/mcu/ra8p1/bsp_linker.o
__sdram_from_flash$$Limit                         fsp_gen.lld:399
                                                  ./ra/fsp/src/bsp/mcu/ra8p1/bsp_linker.o
__sdram_from_flash$$Load                          fsp_gen.lld:394
                                                  ./ra/fsp/src/bsp/mcu/ra8p1/bsp_linker.o
__ospi0_cs0_from_ospi0_cs1$$Base                  fsp_gen.lld:65
                                                  ./ra/fsp/src/bsp/mcu/ra8p1/bsp_linker.o
__ospi0_cs0_from_ospi0_cs1$$Limit                 fsp_gen.lld:70
                                                  ./ra/fsp/src/bsp/mcu/ra8p1/bsp_linker.o
__ospi0_cs0_from_ospi0_cs1$$Load                  fsp_gen.lld:65
                                                  ./ra/fsp/src/bsp/mcu/ra8p1/bsp_linker.o
__ospi0_cs0_from_ospi1_cs1$$Base                  fsp_gen.lld:191
                                                  ./ra/fsp/src/bsp/mcu/ra8p1/bsp_linker.o
__ospi0_cs0_from_ospi1_cs1$$Limit                 fsp_gen.lld:196
                                                  ./ra/fsp/src/bsp/mcu/ra8p1/bsp_linker.o
__ospi0_cs0_from_ospi1_cs1$$Load                  fsp_gen.lld:191
                                                  ./ra/fsp/src/bsp/mcu/ra8p1/bsp_linker.o
__ospi0_cs0_from_data_flash$$Base                 fsp_gen.lld:291
                                                  ./ra/fsp/src/bsp/mcu/ra8p1/bsp_linker.o
__ospi0_cs0_from_data_flash$$Limit                fsp_gen.lld:296
                                                  ./ra/fsp/src/bsp/mcu/ra8p1/bsp_linker.o
__ospi0_cs0_from_data_flash$$Load                 fsp_gen.lld:291
                                                  ./ra/fsp/src/bsp/mcu/ra8p1/bsp_linker.o
__ospi0_cs0_from_flash$$Base                      fsp_gen.lld:444
                                                  ./ra/fsp/src/bsp/mcu/ra8p1/bsp_linker.o
__ospi0_cs0_from_flash$$Limit                     fsp_gen.lld:449
                                                  ./ra/fsp/src/bsp/mcu/ra8p1/bsp_linker.o
__ospi0_cs0_from_flash$$Load                      fsp_gen.lld:444
                                                  ./ra/fsp/src/bsp/mcu/ra8p1/bsp_linker.o
__ospi1_cs0_from_ospi0_cs1$$Base                  fsp_gen.lld:82
                                                  ./ra/fsp/src/bsp/mcu/ra8p1/bsp_linker.o
__ospi1_cs0_from_ospi0_cs1$$Limit                 fsp_gen.lld:87
                                                  ./ra/fsp/src/bsp/mcu/ra8p1/bsp_linker.o
__ospi1_cs0_from_ospi0_cs1$$Load                  fsp_gen.lld:82
                                                  ./ra/fsp/src/bsp/mcu/ra8p1/bsp_linker.o
__ospi1_cs0_from_ospi1_cs1$$Base                  fsp_gen.lld:203
                                                  ./ra/fsp/src/bsp/mcu/ra8p1/bsp_linker.o
__ospi1_cs0_from_ospi1_cs1$$Limit                 fsp_gen.lld:208
                                                  ./ra/fsp/src/bsp/mcu/ra8p1/bsp_linker.o
__ospi1_cs0_from_ospi1_cs1$$Load                  fsp_gen.lld:203
                                                  ./ra/fsp/src/bsp/mcu/ra8p1/bsp_linker.o
__ospi1_cs0_from_data_flash$$Base                 fsp_gen.lld:303
                                                  ./ra/fsp/src/bsp/mcu/ra8p1/bsp_linker.o
__ospi1_cs0_from_data_flash$$Limit                fsp_gen.lld:308
                                                  ./ra/fsp/src/bsp/mcu/ra8p1/bsp_linker.o
__ospi1_cs0_from_data_flash$$Load                 fsp_gen.lld:303
                                                  ./ra/fsp/src/bsp/mcu/ra8p1/bsp_linker.o
__ospi1_cs0_from_flash$$Base                      fsp_gen.lld:494
                                                  ./ra/fsp/src/bsp/mcu/ra8p1/bsp_linker.o
__ospi1_cs0_from_flash$$Limit                     fsp_gen.lld:499
                                                  ./ra/fsp/src/bsp/mcu/ra8p1/bsp_linker.o
__ospi1_cs0_from_flash$$Load                      fsp_gen.lld:494
                                                  ./ra/fsp/src/bsp/mcu/ra8p1/bsp_linker.o
__itcm_from_ospi0_cs1$$Base                       fsp_gen.lld:99
                                                  ./ra/fsp/src/bsp/mcu/ra8p1/bsp_linker.o
__itcm_from_ospi0_cs1$$Limit                      fsp_gen.lld:104
                                                  ./ra/fsp/src/bsp/mcu/ra8p1/bsp_linker.o
__itcm_from_ospi0_cs1$$Load                       fsp_gen.lld:99
                                                  ./ra/fsp/src/bsp/mcu/ra8p1/bsp_linker.o
__itcm_from_ospi1_cs1$$Base                       fsp_gen.lld:215
                                                  ./ra/fsp/src/bsp/mcu/ra8p1/bsp_linker.o
__itcm_from_ospi1_cs1$$Limit                      fsp_gen.lld:220
                                                  ./ra/fsp/src/bsp/mcu/ra8p1/bsp_linker.o
__itcm_from_ospi1_cs1$$Load                       fsp_gen.lld:215
                                                  ./ra/fsp/src/bsp/mcu/ra8p1/bsp_linker.o
__itcm_from_data_flash$$Base                      fsp_gen.lld:315
                                                  ./ra/fsp/src/bsp/mcu/ra8p1/bsp_linker.o
__itcm_from_data_flash$$Limit                     fsp_gen.lld:320
                                                  ./ra/fsp/src/bsp/mcu/ra8p1/bsp_linker.o
__itcm_from_data_flash$$Load                      fsp_gen.lld:315
                                                  ./ra/fsp/src/bsp/mcu/ra8p1/bsp_linker.o
__itcm_from_flash$$Base                           fsp_gen.lld:544
                                                  ./ra/fsp/src/bsp/mcu/ra8p1/bsp_linker.o
__itcm_from_flash$$Limit                          fsp_gen.lld:549
                                                  ./ra/fsp/src/bsp/mcu/ra8p1/bsp_linker.o
__itcm_from_flash$$Load                           fsp_gen.lld:544
                                                  ./ra/fsp/src/bsp/mcu/ra8p1/bsp_linker.o
__dtcm_from_ospi0_cs1$$Base                       fsp_gen.lld:116
                                                  ./ra/fsp/src/bsp/mcu/ra8p1/bsp_linker.o
__dtcm_from_ospi0_cs1$$Limit                      fsp_gen.lld:121
                                                  ./ra/fsp/src/bsp/mcu/ra8p1/bsp_linker.o
__dtcm_from_ospi0_cs1$$Load                       fsp_gen.lld:116
                                                  ./ra/fsp/src/bsp/mcu/ra8p1/bsp_linker.o
__dtcm_from_ospi1_cs1$$Base                       fsp_gen.lld:227
                                                  ./ra/fsp/src/bsp/mcu/ra8p1/bsp_linker.o
__dtcm_from_ospi1_cs1$$Limit                      fsp_gen.lld:232
                                                  ./ra/fsp/src/bsp/mcu/ra8p1/bsp_linker.o
__dtcm_from_ospi1_cs1$$Load                       fsp_gen.lld:227
                                                  ./ra/fsp/src/bsp/mcu/ra8p1/bsp_linker.o
__dtcm_from_data_flash$$Base                      fsp_gen.lld:327
                                                  ./ra/fsp/src/bsp/mcu/ra8p1/bsp_linker.o
__dtcm_from_data_flash$$Limit                     fsp_gen.lld:332
                                                  ./ra/fsp/src/bsp/mcu/ra8p1/bsp_linker.o
__dtcm_from_data_flash$$Load                      fsp_gen.lld:327
                                                  ./ra/fsp/src/bsp/mcu/ra8p1/bsp_linker.o
__dtcm_from_flash$$Base                           fsp_gen.lld:577
                                                  ./ra/fsp/src/bsp/mcu/ra8p1/bsp_linker.o
__dtcm_from_flash$$Limit                          fsp_gen.lld:582
                                                  ./ra/fsp/src/bsp/mcu/ra8p1/bsp_linker.o
__dtcm_from_flash$$Load                           fsp_gen.lld:577
                                                  ./ra/fsp/src/bsp/mcu/ra8p1/bsp_linker.o
__ram_from_ospi0_cs1$$Base                        fsp_gen.lld:139
                                                  ./ra/fsp/src/bsp/mcu/ra8p1/bsp_linker.o
__ram_from_ospi0_cs1$$Limit                       fsp_gen.lld:144
                                                  ./ra/fsp/src/bsp/mcu/ra8p1/bsp_linker.o
__ram_from_ospi0_cs1$$Load                        fsp_gen.lld:139
                                                  ./ra/fsp/src/bsp/mcu/ra8p1/bsp_linker.o
__ram_from_ospi1_cs1$$Base                        fsp_gen.lld:239
                                                  ./ra/fsp/src/bsp/mcu/ra8p1/bsp_linker.o
__ram_from_ospi1_cs1$$Limit                       fsp_gen.lld:244
                                                  ./ra/fsp/src/bsp/mcu/ra8p1/bsp_linker.o
__ram_from_ospi1_cs1$$Load                        fsp_gen.lld:239
                                                  ./ra/fsp/src/bsp/mcu/ra8p1/bsp_linker.o
__ram_from_data_flash$$Base                       fsp_gen.lld:339
                                                  ./ra/fsp/src/bsp/mcu/ra8p1/bsp_linker.o
__ram_from_data_flash$$Limit                      fsp_gen.lld:344
                                                  ./ra/fsp/src/bsp/mcu/ra8p1/bsp_linker.o
__ram_from_data_flash$$Load                       fsp_gen.lld:339
                                                  ./ra/fsp/src/bsp/mcu/ra8p1/bsp_linker.o
__ram_from_flash$$Base                            fsp_gen.lld:610
                                                  ./ra/fsp/src/bsp/mcu/ra8p1/bsp_linker.o
__ram_from_flash$$Limit                           fsp_gen.lld:617
                                                  ./ra/fsp/src/bsp/mcu/ra8p1/bsp_linker.o
__ram_from_flash$$Load                            fsp_gen.lld:610
                                                  ./ra/fsp/src/bsp/mcu/ra8p1/bsp_linker.o
__ram_tdata$$Base                                 fsp_gen.lld:659
                                                  ./ra/fsp/src/bsp/mcu/ra8p1/bsp_linker.o
__ram_tdata$$Limit                                fsp_gen.lld:663
                                                  ./ra/fsp/src/bsp/mcu/ra8p1/bsp_linker.o
__ram_tdata$$Load                                 fsp_gen.lld:659
                                                  ./ra/fsp/src/bsp/mcu/ra8p1/bsp_linker.o
SystemCoreClockUpdate                             ./ra/fsp/src/bsp/mcu/all/bsp_clocks.o
                                                  ./ra/fsp/src/bsp/cmsis/Device/RENESAS/Source/system.o
SystemCoreClock                                   ./ra/fsp/src/bsp/cmsis/Device/RENESAS/Source/system.o
                                                  ./ra/fsp/src/bsp/mcu/all/bsp_clocks.o
                                                  ./ra/fsp/src/bsp/mcu/all/bsp_delay.o
bsp_clock_init                                    ./ra/fsp/src/bsp/mcu/all/bsp_clocks.o
                                                  ./ra/fsp/src/bsp/cmsis/Device/RENESAS/Source/system.o
R_BSP_SubClockStabilizeWaitAfterReset             ./ra/fsp/src/bsp/mcu/all/bsp_clocks.o
R_BSP_Init_RTC                                    ./ra/fsp/src/bsp/mcu/all/bsp_clocks.o
                                                  ./ra/fsp/src/bsp/cmsis/Device/RENESAS/Source/system.o
bsp_init                                          ./ra/board/ra8p1_ek/board_init.o
                                                  ./ra/fsp/src/bsp/mcu/all/bsp_common.o
                                                  ./ra/fsp/src/bsp/cmsis/Device/RENESAS/Source/system.o
bsp_prv_software_delay_loop                       ./ra/fsp/src/bsp/mcu/all/bsp_delay.o
g_bsp_group_irq_sources                           ./ra/fsp/src/bsp/mcu/all/bsp_group_irq.o
NMI_Handler                                       ./ra/fsp/src/bsp/mcu/all/bsp_group_irq.o
                                                  ./ra/fsp/src/bsp/cmsis/Device/RENESAS/Source/startup.o
bsp_irq_cfg                                       ./ra/fsp/src/bsp/mcu/all/bsp_irq.o
                                                  ./ra/fsp/src/bsp/cmsis/Device/RENESAS/Source/system.o
g_protect_counters                                ./ra/fsp/src/bsp/mcu/all/bsp_register_protection.o
Reset_Handler                                     ./ra/fsp/src/bsp/cmsis/Device/RENESAS/Source/startup.o
SystemInit                                        ./ra/fsp/src/bsp/cmsis/Device/RENESAS/Source/system.o
                                                  ./ra/fsp/src/bsp/cmsis/Device/RENESAS/Source/startup.o
Default_Handler                                   ./ra/fsp/src/bsp/cmsis/Device/RENESAS/Source/startup.o
g_main_stack                                      ./ra/fsp/src/bsp/cmsis/Device/RENESAS/Source/startup.o
                                                  ./ra/fsp/src/bsp/cmsis/Device/RENESAS/Source/system.o
__Vectors                                         ./ra/fsp/src/bsp/cmsis/Device/RENESAS/Source/startup.o
                                                  ./ra/fsp/src/bsp/cmsis/Device/RENESAS/Source/system.o
HardFault_Handler                                 ./ra/fsp/src/bsp/cmsis/Device/RENESAS/Source/startup.o
MemManage_Handler                                 ./ra/fsp/src/bsp/cmsis/Device/RENESAS/Source/startup.o
BusFault_Handler                                  ./ra/fsp/src/bsp/cmsis/Device/RENESAS/Source/startup.o
UsageFault_Handler                                ./ra/fsp/src/bsp/cmsis/Device/RENESAS/Source/startup.o
SecureFault_Handler                               ./ra/fsp/src/bsp/cmsis/Device/RENESAS/Source/startup.o
SVC_Handler                                       ./ra/fsp/src/bsp/cmsis/Device/RENESAS/Source/startup.o
DebugMon_Handler                                  ./ra/fsp/src/bsp/cmsis/Device/RENESAS/Source/startup.o
PendSV_Handler                                    ./ra/fsp/src/bsp/cmsis/Device/RENESAS/Source/startup.o
SysTick_Handler                                   ./ra/fsp/src/bsp/cmsis/Device/RENESAS/Source/startup.o
__aeabi_memcpy4                                   /Applications/Renesas e2 studio with RA FSP v6.0.0/toolchains/LLVM-ET-Arm-18.1.3-Darwin-universal/bin/../lib/clang-runtimes/arm-none-eabi/armv8.1m.main_hard_fpdp_nomve_exn_rtti/lib/libc.a(memcpy.c.o)
                                                  ./ra/fsp/src/bsp/cmsis/Device/RENESAS/Source/system.o
__tls_base                                        fsp_gen.lld:1024
                                                  ./ra/fsp/src/bsp/cmsis/Device/RENESAS/Source/system.o
_init_tls                                         /Applications/Renesas e2 studio with RA FSP v6.0.0/toolchains/LLVM-ET-Arm-18.1.3-Darwin-universal/bin/../lib/clang-runtimes/arm-none-eabi/armv8.1m.main_hard_fpdp_nomve_exn_rtti/lib/libc.a(libc_picolib_inittls.c.o)
                                                  ./ra/fsp/src/bsp/cmsis/Device/RENESAS/Source/system.o
_set_tls                                          /Applications/Renesas e2 studio with RA FSP v6.0.0/toolchains/LLVM-ET-Arm-18.1.3-Darwin-universal/bin/../lib/clang-runtimes/arm-none-eabi/armv8.1m.main_hard_fpdp_nomve_exn_rtti/lib/libc.a(libc_picolib_machine_arm_tls.c.o)
                                                  ./ra/fsp/src/bsp/cmsis/Device/RENESAS/Source/system.o
__init_array_end                                  fsp_gen.lld:739
                                                  ./ra/fsp/src/bsp/cmsis/Device/RENESAS/Source/system.o
__init_array_start                                fsp_gen.lld:736
                                                  ./ra/fsp/src/bsp/cmsis/Device/RENESAS/Source/system.o
__aeabi_memclr                                    /Applications/Renesas e2 studio with RA FSP v6.0.0/toolchains/LLVM-ET-Arm-18.1.3-Darwin-universal/bin/../lib/clang-runtimes/arm-none-eabi/armv8.1m.main_hard_fpdp_nomve_exn_rtti/lib/libc.a(bzero.c.o)
                                                  /Applications/Renesas e2 studio with RA FSP v6.0.0/toolchains/LLVM-ET-Arm-18.1.3-Darwin-universal/bin/../lib/clang-runtimes/arm-none-eabi/armv8.1m.main_hard_fpdp_nomve_exn_rtti/lib/libc.a(libc_picolib_inittls.c.o)
__tdata_source                                    fsp_gen.lld:1025
                                                  /Applications/Renesas e2 studio with RA FSP v6.0.0/toolchains/LLVM-ET-Arm-18.1.3-Darwin-universal/bin/../lib/clang-runtimes/arm-none-eabi/armv8.1m.main_hard_fpdp_nomve_exn_rtti/lib/libc.a(libc_picolib_inittls.c.o)
__tdata_size                                      fsp_gen.lld:1026
                                                  /Applications/Renesas e2 studio with RA FSP v6.0.0/toolchains/LLVM-ET-Arm-18.1.3-Darwin-universal/bin/../lib/clang-runtimes/arm-none-eabi/armv8.1m.main_hard_fpdp_nomve_exn_rtti/lib/libc.a(libc_picolib_inittls.c.o)
__tbss_offset                                     fsp_gen.lld:1027
                                                  /Applications/Renesas e2 studio with RA FSP v6.0.0/toolchains/LLVM-ET-Arm-18.1.3-Darwin-universal/bin/../lib/clang-runtimes/arm-none-eabi/armv8.1m.main_hard_fpdp_nomve_exn_rtti/lib/libc.a(libc_picolib_inittls.c.o)
__tbss_size                                       fsp_gen.lld:1028
                                                  /Applications/Renesas e2 studio with RA FSP v6.0.0/toolchains/LLVM-ET-Arm-18.1.3-Darwin-universal/bin/../lib/clang-runtimes/arm-none-eabi/armv8.1m.main_hard_fpdp_nomve_exn_rtti/lib/libc.a(libc_picolib_inittls.c.o)
__arm32_tls_tcb_offset                            fsp_gen.lld:1029
                                                  /Applications/Renesas e2 studio with RA FSP v6.0.0/toolchains/LLVM-ET-Arm-18.1.3-Darwin-universal/bin/../lib/clang-runtimes/arm-none-eabi/armv8.1m.main_hard_fpdp_nomve_exn_rtti/lib/libc.a(libc_picolib_machine_arm_tls.c.o)
__tls                                             /Applications/Renesas e2 studio with RA FSP v6.0.0/toolchains/LLVM-ET-Arm-18.1.3-Darwin-universal/bin/../lib/clang-runtimes/arm-none-eabi/armv8.1m.main_hard_fpdp_nomve_exn_rtti/lib/libc.a(libc_picolib_machine_arm_read_tp.S.o)
                                                  /Applications/Renesas e2 studio with RA FSP v6.0.0/toolchains/LLVM-ET-Arm-18.1.3-Darwin-universal/bin/../lib/clang-runtimes/arm-none-eabi/armv8.1m.main_hard_fpdp_nomve_exn_rtti/lib/libc.a(libc_picolib_machine_arm_tls.c.o)
bzero                                             /Applications/Renesas e2 studio with RA FSP v6.0.0/toolchains/LLVM-ET-Arm-18.1.3-Darwin-universal/bin/../lib/clang-runtimes/arm-none-eabi/armv8.1m.main_hard_fpdp_nomve_exn_rtti/lib/libc.a(bzero.c.o)
memset                                            /Applications/Renesas e2 studio with RA FSP v6.0.0/toolchains/LLVM-ET-Arm-18.1.3-Darwin-universal/bin/../lib/clang-runtimes/arm-none-eabi/armv8.1m.main_hard_fpdp_nomve_exn_rtti/lib/libc.a(memset.c.o)
                                                  /Applications/Renesas e2 studio with RA FSP v6.0.0/toolchains/LLVM-ET-Arm-18.1.3-Darwin-universal/bin/../lib/clang-runtimes/arm-none-eabi/armv8.1m.main_hard_fpdp_nomve_exn_rtti/lib/libc.a(bzero.c.o)
__aeabi_memclr8                                   /Applications/Renesas e2 studio with RA FSP v6.0.0/toolchains/LLVM-ET-Arm-18.1.3-Darwin-universal/bin/../lib/clang-runtimes/arm-none-eabi/armv8.1m.main_hard_fpdp_nomve_exn_rtti/lib/libc.a(bzero.c.o)
memcpy                                            /Applications/Renesas e2 studio with RA FSP v6.0.0/toolchains/LLVM-ET-Arm-18.1.3-Darwin-universal/bin/../lib/clang-runtimes/arm-none-eabi/armv8.1m.main_hard_fpdp_nomve_exn_rtti/lib/libc.a(memcpy.c.o)
__aeabi_memcpy8                                   /Applications/Renesas e2 studio with RA FSP v6.0.0/toolchains/LLVM-ET-Arm-18.1.3-Darwin-universal/bin/../lib/clang-runtimes/arm-none-eabi/armv8.1m.main_hard_fpdp_nomve_exn_rtti/lib/libc.a(memcpy.c.o)
