Archive member included to satisfy reference by file (symbol)

/Applications/Renesas e2 studio with RA FSP v6.0.0/toolchains/arm-gnu-toolchain-13.2.Rel1-darwin-arm64-arm-none-eabi/bin/../lib/gcc/arm-none-eabi/13.2.1/thumb/v8-m.main+dp/hard/libgcc.a(_aeabi_ldivmod.o)
                              ./ra/tes/dave2d/src/dave_context.o (__aeabi_ldivmod)
/Applications/Renesas e2 studio with RA FSP v6.0.0/toolchains/arm-gnu-toolchain-13.2.Rel1-darwin-arm64-arm-none-eabi/bin/../lib/gcc/arm-none-eabi/13.2.1/thumb/v8-m.main+dp/hard/libgcc.a(_udivmoddi4.o)
                              /Applications/Renesas e2 studio with RA FSP v6.0.0/toolchains/arm-gnu-toolchain-13.2.Rel1-darwin-arm64-arm-none-eabi/bin/../lib/gcc/arm-none-eabi/13.2.1/thumb/v8-m.main+dp/hard/libgcc.a(_aeabi_ldivmod.o) (__udivmoddi4)
/Applications/Renesas e2 studio with RA FSP v6.0.0/toolchains/arm-gnu-toolchain-13.2.Rel1-darwin-arm64-arm-none-eabi/bin/../lib/gcc/arm-none-eabi/13.2.1/thumb/v8-m.main+dp/hard/libgcc.a(_dvmd_tls.o)
                              /Applications/Renesas e2 studio with RA FSP v6.0.0/toolchains/arm-gnu-toolchain-13.2.Rel1-darwin-arm64-arm-none-eabi/bin/../lib/gcc/arm-none-eabi/13.2.1/thumb/v8-m.main+dp/hard/libgcc.a(_aeabi_ldivmod.o) (__aeabi_ldiv0)
/Applications/Renesas e2 studio with RA FSP v6.0.0/toolchains/arm-gnu-toolchain-13.2.Rel1-darwin-arm64-arm-none-eabi/bin/../lib/gcc/arm-none-eabi/13.2.1/../../../../arm-none-eabi/lib/thumb/v8-m.main+dp/hard/libg_nano.a(libc_a-exit.o)
                              /Applications/Renesas e2 studio with RA FSP v6.0.0/toolchains/arm-gnu-toolchain-13.2.Rel1-darwin-arm64-arm-none-eabi/bin/../lib/gcc/arm-none-eabi/13.2.1/../../../../arm-none-eabi/lib/thumb/v8-m.main+dp/hard/crt0.o (exit)
/Applications/Renesas e2 studio with RA FSP v6.0.0/toolchains/arm-gnu-toolchain-13.2.Rel1-darwin-arm64-arm-none-eabi/bin/../lib/gcc/arm-none-eabi/13.2.1/../../../../arm-none-eabi/lib/thumb/v8-m.main+dp/hard/libg_nano.a(libc_a-sprintf.o)
                              ./src/board_cfg_switch.o (sprintf)
/Applications/Renesas e2 studio with RA FSP v6.0.0/toolchains/arm-gnu-toolchain-13.2.Rel1-darwin-arm64-arm-none-eabi/bin/../lib/gcc/arm-none-eabi/13.2.1/../../../../arm-none-eabi/lib/thumb/v8-m.main+dp/hard/libg_nano.a(libc_a-rand.o)
                              ./src/menu_ext.o (srand)
/Applications/Renesas e2 studio with RA FSP v6.0.0/toolchains/arm-gnu-toolchain-13.2.Rel1-darwin-arm64-arm-none-eabi/bin/../lib/gcc/arm-none-eabi/13.2.1/../../../../arm-none-eabi/lib/thumb/v8-m.main+dp/hard/libg_nano.a(libc_a-findfp.o)
                              /Applications/Renesas e2 studio with RA FSP v6.0.0/toolchains/arm-gnu-toolchain-13.2.Rel1-darwin-arm64-arm-none-eabi/bin/../lib/gcc/arm-none-eabi/13.2.1/../../../../arm-none-eabi/lib/thumb/v8-m.main+dp/hard/libg_nano.a(libc_a-exit.o) (__stdio_exit_handler)
/Applications/Renesas e2 studio with RA FSP v6.0.0/toolchains/arm-gnu-toolchain-13.2.Rel1-darwin-arm64-arm-none-eabi/bin/../lib/gcc/arm-none-eabi/13.2.1/../../../../arm-none-eabi/lib/thumb/v8-m.main+dp/hard/libg_nano.a(libc_a-fwalk.o)
                              /Applications/Renesas e2 studio with RA FSP v6.0.0/toolchains/arm-gnu-toolchain-13.2.Rel1-darwin-arm64-arm-none-eabi/bin/../lib/gcc/arm-none-eabi/13.2.1/../../../../arm-none-eabi/lib/thumb/v8-m.main+dp/hard/libg_nano.a(libc_a-findfp.o) (_fwalk_sglue)
/Applications/Renesas e2 studio with RA FSP v6.0.0/toolchains/arm-gnu-toolchain-13.2.Rel1-darwin-arm64-arm-none-eabi/bin/../lib/gcc/arm-none-eabi/13.2.1/../../../../arm-none-eabi/lib/thumb/v8-m.main+dp/hard/libg_nano.a(libc_a-memset.o)
                              /Applications/Renesas e2 studio with RA FSP v6.0.0/toolchains/arm-gnu-toolchain-13.2.Rel1-darwin-arm64-arm-none-eabi/bin/../lib/gcc/arm-none-eabi/13.2.1/../../../../arm-none-eabi/lib/thumb/v8-m.main+dp/hard/crt0.o (memset)
/Applications/Renesas e2 studio with RA FSP v6.0.0/toolchains/arm-gnu-toolchain-13.2.Rel1-darwin-arm64-arm-none-eabi/bin/../lib/gcc/arm-none-eabi/13.2.1/../../../../arm-none-eabi/lib/thumb/v8-m.main+dp/hard/libg_nano.a(libc_a-impure.o)
                              /Applications/Renesas e2 studio with RA FSP v6.0.0/toolchains/arm-gnu-toolchain-13.2.Rel1-darwin-arm64-arm-none-eabi/bin/../lib/gcc/arm-none-eabi/13.2.1/../../../../arm-none-eabi/lib/thumb/v8-m.main+dp/hard/libg_nano.a(libc_a-sprintf.o) (_impure_ptr)
/Applications/Renesas e2 studio with RA FSP v6.0.0/toolchains/arm-gnu-toolchain-13.2.Rel1-darwin-arm64-arm-none-eabi/bin/../lib/gcc/arm-none-eabi/13.2.1/../../../../arm-none-eabi/lib/thumb/v8-m.main+dp/hard/libg_nano.a(libc_a-errno.o)
                              ./ra/fsp/src/bsp/mcu/all/bsp_sbrk.o (__errno)
/Applications/Renesas e2 studio with RA FSP v6.0.0/toolchains/arm-gnu-toolchain-13.2.Rel1-darwin-arm64-arm-none-eabi/bin/../lib/gcc/arm-none-eabi/13.2.1/../../../../arm-none-eabi/lib/thumb/v8-m.main+dp/hard/libg_nano.a(libc_a-init.o)
[...]
Memory Configuration

Name             Origin             Length             Attributes
RAM              0x22000000         0x001d4000         xrw
FLASH            0x02000000         0x00100000         xr
DATA_FLASH       0x27000000         0x00000000         xr
SDRAM            0x68000000         0x08000000         xrw
OSPI0_CS0        0x80000000         0x10000000         xrw
OSPI0_CS1        0x90000000         0x10000000         xr
OSPI1_CS0        0x70000000         0x08000000         xrw
OSPI1_CS1        0x78000000         0x08000000         xr
OPTION_SETTING_OFS0 0x02c9f040         0x00000004         r
OPTION_SETTING_OFS2 0x02c9f044         0x00000004         r
OPTION_SETTING_SAS 0x02c9f074         0x00000004         r
OPTION_SETTING_OFS1 0x12c9f4c0         0x00000004         r
OPTION_SETTING_OFS1_SEC 0x02c9f0c0         0x00000004         r
OPTION_SETTING_OFS1_SEL 0x02c9f120         0x00000004         r
OPTION_SETTING_OFS3 0x12c9f4c4         0x00000004         r
OPTION_SETTING_OFS3_SEC 0x02c9f0c4         0x00000004         r
OPTION_SETTING_OFS3_SEL 0x02c9f124         0x00000004         r
OPTION_SETTING_BPS 0x12c9f600         0x00000080         r
OPTION_SETTING_BPS_SEC 0x02c9f200         0x00000080         r
OPTION_SETTING_OTP_PBPS_SEC 0x02e07700         0x00000080         r
OPTION_SETTING_OTP_PBPS 0x12e07780         0x00000080         r
ITCM             0x00000000         0x00020000         xrw
DTCM             0x20000000         0x00020000         xrw
*default*        0x00000000         0xffffffff

Linker script and memory map

LOAD /Applications/Renesas e2 studio with RA FSP v6.0.0/toolchains/arm-gnu-toolchain-13.2.Rel1-darwin-arm64-arm-none-eabi/bin/../lib/gcc/arm-none-eabi/13.2.1/thumb/v8-m.main+dp/hard/crti.o
LOAD /Applications/Renesas e2 studio with RA FSP v6.0.0/toolchains/arm-gnu-toolchain-13.2.Rel1-darwin-arm64-arm-none-eabi/bin/../lib/gcc/arm-none-eabi/13.2.1/thumb/v8-m.main+dp/hard/crtbegin.o
LOAD /Applications/Renesas e2 studio with RA FSP v6.0.0/toolchains/arm-gnu-toolchain-13.2.Rel1-darwin-arm64-arm-none-eabi/bin/../lib/gcc/arm-none-eabi/13.2.1/../../../../arm-none-eabi/lib/thumb/v8-m.main+dp/hard/crt0.o
START GROUP
LOAD ./src/images/user_font_title/A.o
LOAD ./src/images/user_font_title/B.o
LOAD ./src/images/user_font_title/C.o
LOAD ./src/images/user_font_title/D.o
LOAD ./src/images/user_font_title/E.o
LOAD ./src/images/user_font_title/F.o
LOAD ./src/images/user_font_title/G.o
LOAD ./src/images/user_font_title/H.o
LOAD ./src/images/user_font_title/I.o
LOAD ./src/images/user_font_title/J.o
LOAD ./src/images/user_font_title/K.o
LOAD ./src/images/user_font_title/L.o
LOAD ./src/images/user_font_title/M.o
LOAD ./src/images/user_font_title/MINUS.o
LOAD ./src/images/user_font_title/N.o
LOAD ./src/images/user_font_title/O.o
LOAD ./src/images/user_font_title/P.o
LOAD ./src/images/user_font_title/Q.o
LOAD ./src/images/user_font_title/R.o
LOAD ./src/images/user_font_title/S.o
LOAD ./src/images/user_font_title/SPACE.o
LOAD ./src/images/user_font_title/T.o
LOAD ./src/images/user_font_title/U.o
LOAD ./src/images/user_font_title/UNDERSCORE.o
LOAD ./src/images/user_font_title/V.o
LOAD ./src/images/user_font_title/W.o
LOAD ./src/images/user_font_title/X.o
LOAD ./src/images/user_font_title/Y.o
LOAD ./src/images/user_font_title/Z.o
LOAD ./src/images/user_font_title/user_font_title_if.o
LOAD ./src/images/user_font_body/uc/A.o
LOAD ./src/images/user_font_body/uc/B.o
LOAD ./src/images/user_font_body/uc/C.o
LOAD ./src/images/user_font_body/uc/D.o
LOAD ./src/images/user_font_body/uc/E.o
LOAD ./src/images/user_font_body/uc/F.o
LOAD ./src/images/user_font_body/uc/G.o
LOAD ./src/images/user_font_body/uc/H.o
LOAD ./src/images/user_font_body/uc/I.o
LOAD ./src/images/user_font_body/uc/J.o
LOAD ./src/images/user_font_body/uc/K.o
LOAD ./src/images/user_font_body/uc/L.o
LOAD ./src/images/user_font_body/uc/M.o
LOAD ./src/images/user_font_body/uc/N.o
LOAD ./src/images/user_font_body/uc/O.o
LOAD ./src/images/user_font_body/uc/P.o
LOAD ./src/images/user_font_body/uc/Q.o
LOAD ./src/images/user_font_body/uc/R.o
LOAD ./src/images/user_font_body/uc/S.o
LOAD ./src/images/user_font_body/uc/T.o
LOAD ./src/images/user_font_body/uc/U.o
LOAD ./src/images/user_font_body/uc/V.o
LOAD ./src/images/user_font_body/uc/W.o
LOAD ./src/images/user_font_body/uc/X.o
LOAD ./src/images/user_font_body/uc/Y.o
LOAD ./src/images/user_font_body/uc/Z.o
LOAD ./src/images/user_font_body/lc/a.o
LOAD ./src/images/user_font_body/lc/b.o
LOAD ./src/images/user_font_body/lc/c.o
LOAD ./src/images/user_font_body/lc/d.o
LOAD ./src/images/user_font_body/lc/e.o
LOAD ./src/images/user_font_body/lc/f.o
LOAD ./src/images/user_font_body/lc/g.o
LOAD ./src/images/user_font_body/lc/h.o
LOAD ./src/images/user_font_body/lc/i.o
LOAD ./src/images/user_font_body/lc/j.o
LOAD ./src/images/user_font_body/lc/k.o
LOAD ./src/images/user_font_body/lc/l.o
LOAD ./src/images/user_font_body/lc/m.o
LOAD ./src/images/user_font_body/lc/n.o
LOAD ./src/images/user_font_body/lc/o.o
LOAD ./src/images/user_font_body/lc/p.o
LOAD ./src/images/user_font_body/lc/q.o
LOAD ./src/images/user_font_body/lc/r.o
LOAD ./src/images/user_font_body/lc/s.o
LOAD ./src/images/user_font_body/lc/t.o
LOAD ./src/images/user_font_body/lc/u.o
LOAD ./src/images/user_font_body/lc/v.o
LOAD ./src/images/user_font_body/lc/w.o
LOAD ./src/images/user_font_body/lc/x.o
LOAD ./src/images/user_font_body/lc/y.o
LOAD ./src/images/user_font_body/lc/z.o
LOAD ./src/images/user_font_body/0.o
LOAD ./src/images/user_font_body/1.o
LOAD ./src/images/user_font_body/2.o
LOAD ./src/images/user_font_body/3.o
LOAD ./src/images/user_font_body/4.o
LOAD ./src/images/user_font_body/5.o
LOAD ./src/images/user_font_body/6.o
LOAD ./src/images/user_font_body/7.o
LOAD ./src/images/user_font_body/8.o
LOAD ./src/images/user_font_body/9.o
LOAD ./src/images/user_font_body/AND.o
LOAD ./src/images/user_font_body/CLOSED_CURVED.o
LOAD ./src/images/user_font_body/CLOSED_SQUARE.o
LOAD ./src/images/user_font_body/COLON.o
LOAD ./src/images/user_font_body/COMMA.o
LOAD ./src/images/user_font_body/DEGREES.o
LOAD ./src/images/user_font_body/FULL_STOP.o
LOAD ./src/images/user_font_body/MINUS.o
LOAD ./src/images/user_font_body/OPEN_CURVED.o
LOAD ./src/images/user_font_body/OPEN_SQUARE.o
LOAD ./src/images/user_font_body/PERCENT.o
LOAD ./src/images/user_font_body/SLASH.o
LOAD ./src/images/user_font_body/SPACE.o
LOAD ./src/images/user_font_body/UNDERSCORE.o
LOAD ./src/images/user_font_body/user_font_body_if.o
LOAD ./src/images/overlays/menu_overlay.o
LOAD ./src/images/backgrounds/user_led_background_1024x600.o
LOAD ./src/images/backgrounds/welcome_screen_1024x600.o
LOAD ./src/blinky_thread_entry.o
LOAD ./src/board_cfg_switch.o
LOAD ./src/board_greenpak.o
LOAD ./src/board_hw_cfg.o
LOAD ./src/board_i2c_master.o
LOAD ./src/board_mon_thread_entry.o
LOAD ./src/board_sdram.o
LOAD ./src/camera_thread_entry.o
LOAD ./src/common_init.o
LOAD ./src/common_utils.o
LOAD ./src/display_thread_entry.o
LOAD ./src/hal_entry.o
LOAD ./src/jlink_console.o
LOAD ./src/main_menu_thread_entry.o
LOAD ./src/menu_ext.o
LOAD ./src/menu_kis.o
LOAD ./src/menu_lcd.o
LOAD ./src/menu_led.o
LOAD ./src/menu_main.o
LOAD ./src/menu_ns.o
LOAD ./src/ospi_b_commands.o
LOAD ./src/ospi_b_ep.o
LOAD ./src/ospi_commands.o
LOAD ./src/ov5640.o
LOAD ./src/touch_FT5316.o
LOAD ./src/tp_thread_entry.o
LOAD ./ra_gen/blinky_thread.o
LOAD ./ra_gen/board_mon_thread.o
LOAD ./ra_gen/camera_thread.o
LOAD ./ra_gen/common_data.o
LOAD ./ra_gen/display_thread.o
LOAD ./ra_gen/hal_data.o
LOAD ./ra_gen/main.o
LOAD ./ra_gen/main_menu_thread.o
LOAD ./ra_gen/pin_data.o
LOAD ./ra_gen/tp_thread.o
LOAD ./ra_gen/vector_data.o
LOAD ./ra/tes/dave2d/src/dave_64bitoperation.o
LOAD ./ra/tes/dave2d/src/dave_base.o
LOAD ./ra/tes/dave2d/src/dave_blit.o
LOAD ./ra/tes/dave2d/src/dave_box.o
LOAD ./ra/tes/dave2d/src/dave_circle.o
LOAD ./ra/tes/dave2d/src/dave_context.o
LOAD ./ra/tes/dave2d/src/dave_curve.o
LOAD ./ra/tes/dave2d/src/dave_dlist.o
LOAD ./ra/tes/dave2d/src/dave_driver.o
LOAD ./ra/tes/dave2d/src/dave_edge.o
LOAD ./ra/tes/dave2d/src/dave_errorcodes.o
LOAD ./ra/tes/dave2d/src/dave_gradient.o
LOAD ./ra/tes/dave2d/src/dave_hardware.o
LOAD ./ra/tes/dave2d/src/dave_line.o
LOAD ./ra/tes/dave2d/src/dave_math.o
LOAD ./ra/tes/dave2d/src/dave_memory.o
LOAD ./ra/tes/dave2d/src/dave_pattern.o
LOAD ./ra/tes/dave2d/src/dave_perfcount.o
LOAD ./ra/tes/dave2d/src/dave_polyline.o
LOAD ./ra/tes/dave2d/src/dave_quad.o
LOAD ./ra/tes/dave2d/src/dave_rbuffer.o
LOAD ./ra/tes/dave2d/src/dave_render.o
LOAD ./ra/tes/dave2d/src/dave_texture.o
LOAD ./ra/tes/dave2d/src/dave_triangle.o
LOAD ./ra/tes/dave2d/src/dave_utility.o
LOAD ./ra/tes/dave2d/src/dave_viewport.o
LOAD ./ra/tes/dave2d/src/dave_wedge.o
LOAD ./ra/fsp/src/rm_freertos_port/port.o
LOAD ./ra/fsp/src/r_vin/r_vin.o
LOAD ./ra/fsp/src/r_sci_b_uart/r_sci_b_uart.o
LOAD ./ra/fsp/src/r_ospi_b/r_ospi_b.o
LOAD ./ra/fsp/src/r_mipi_phy/r_mipi_phy.o
LOAD ./ra/fsp/src/r_mipi_csi/r_mipi_csi.o
LOAD ./ra/fsp/src/r_ioport/r_ioport.o
LOAD ./ra/fsp/src/r_iic_master/r_iic_master.o
LOAD ./ra/fsp/src/r_icu/r_icu.o
LOAD ./ra/fsp/src/r_gpt/r_gpt.o
LOAD ./ra/fsp/src/r_glcdc/r_glcdc.o
LOAD ./ra/fsp/src/r_drw/r_drw_base.o
LOAD ./ra/fsp/src/r_drw/r_drw_irq.o
LOAD ./ra/fsp/src/r_drw/r_drw_memory.o
LOAD ./ra/fsp/src/r_adc_b/r_adc_b.o
LOAD ./ra/fsp/src/bsp/mcu/ra8p1/bsp_linker.o
LOAD ./ra/fsp/src/bsp/mcu/all/bsp_clocks.o
LOAD ./ra/fsp/src/bsp/mcu/all/bsp_common.o
LOAD ./ra/fsp/src/bsp/mcu/all/bsp_delay.o
LOAD ./ra/fsp/src/bsp/mcu/all/bsp_group_irq.o
LOAD ./ra/fsp/src/bsp/mcu/all/bsp_guard.o
LOAD ./ra/fsp/src/bsp/mcu/all/bsp_io.o
LOAD ./ra/fsp/src/bsp/mcu/all/bsp_ipc.o
LOAD ./ra/fsp/src/bsp/mcu/all/bsp_irq.o
LOAD ./ra/fsp/src/bsp/mcu/all/bsp_macl.o
LOAD ./ra/fsp/src/bsp/mcu/all/bsp_register_protection.o
LOAD ./ra/fsp/src/bsp/mcu/all/bsp_sbrk.o
LOAD ./ra/fsp/src/bsp/mcu/all/bsp_sdram.o
LOAD ./ra/fsp/src/bsp/mcu/all/bsp_security.o
LOAD ./ra/fsp/src/bsp/cmsis/Device/RENESAS/Source/startup.o
LOAD ./ra/fsp/src/bsp/cmsis/Device/RENESAS/Source/system.o
LOAD ./ra/board/ra8p1_ek/board_init.o
LOAD ./ra/board/ra8p1_ek/board_leds.o
LOAD ./ra/aws/FreeRTOS/FreeRTOS/Source/portable/MemMang/heap_4.o
LOAD ./ra/aws/FreeRTOS/FreeRTOS/Source/event_groups.o
LOAD ./ra/aws/FreeRTOS/FreeRTOS/Source/list.o
LOAD ./ra/aws/FreeRTOS/FreeRTOS/Source/queue.o
LOAD ./ra/aws/FreeRTOS/FreeRTOS/Source/stream_buffer.o
LOAD ./ra/aws/FreeRTOS/FreeRTOS/Source/tasks.o
LOAD ./ra/aws/FreeRTOS/FreeRTOS/Source/timers.o
END GROUP
START GROUP
LOAD /Applications/Renesas e2 studio with RA FSP v6.0.0/toolchains/arm-gnu-toolchain-13.2.Rel1-darwin-arm64-arm-none-eabi/bin/../lib/gcc/arm-none-eabi/13.2.1/thumb/v8-m.main+dp/hard/libgcc.a
LOAD /Applications/Renesas e2 studio with RA FSP v6.0.0/toolchains/arm-gnu-toolchain-13.2.Rel1-darwin-arm64-arm-none-eabi/bin/../lib/gcc/arm-none-eabi/13.2.1/../../../../arm-none-eabi/lib/thumb/v8-m.main+dp/hard/libg_nano.a
LOAD /Applications/Renesas e2 studio with RA FSP v6.0.0/toolchains/arm-gnu-toolchain-13.2.Rel1-darwin-arm64-arm-none-eabi/bin/../lib/gcc/arm-none-eabi/13.2.1/../../../../arm-none-eabi/lib/thumb/v8-m.main+dp/hard/libc_nano.a
END GROUP
START GROUP
LOAD /Applications/Renesas e2 studio with RA FSP v6.0.0/toolchains/arm-gnu-toolchain-13.2.Rel1-darwin-arm64-arm-none-eabi/bin/../lib/gcc/arm-none-eabi/13.2.1/thumb/v8-m.main+dp/hard/libgcc.a
LOAD /Applications/Renesas e2 studio with RA FSP v6.0.0/toolchains/arm-gnu-toolchain-13.2.Rel1-darwin-arm64-arm-none-eabi/bin/../lib/gcc/arm-none-eabi/13.2.1/../../../../arm-none-eabi/lib/thumb/v8-m.main+dp/hard/libc_nano.a
END GROUP
LOAD /Applications/Renesas e2 studio with RA FSP v6.0.0/toolchains/arm-gnu-toolchain-13.2.Rel1-darwin-arm64-arm-none-eabi/bin/../lib/gcc/arm-none-eabi/13.2.1/thumb/v8-m.main+dp/hard/crtend.o
LOAD /Applications/Renesas e2 studio with RA FSP v6.0.0/toolchains/arm-gnu-toolchain-13.2.Rel1-darwin-arm64-arm-none-eabi/bin/../lib/gcc/arm-none-eabi/13.2.1/thumb/v8-m.main+dp/hard/crtn.o
                0x22000000                        RAM_START = 0x22000000
                0x001d4000                        RAM_LENGTH = 0x1d4000
                0x02000000                        FLASH_START = 0x2000000
                0x00100000                        FLASH_LENGTH = 0x100000
                0x27000000                        DATA_FLASH_START = 0x27000000
                0x00000000                        DATA_FLASH_LENGTH = 0x0
                0x68000000                        SDRAM_START = 0x68000000
                0x08000000                        SDRAM_LENGTH = 0x8000000
                0x80000000                        OSPI0_CS0_START = 0x80000000
                0x10000000                        OSPI0_CS0_LENGTH = 0x10000000
                0x90000000                        OSPI0_CS1_START = 0x90000000
                0x10000000                        OSPI0_CS1_LENGTH = 0x10000000
                0x70000000                        OSPI1_CS0_START = 0x70000000
                0x08000000                        OSPI1_CS0_LENGTH = 0x8000000
                0x78000000                        OSPI1_CS1_START = 0x78000000
                0x08000000                        OSPI1_CS1_LENGTH = 0x8000000
                0x02c9f040                        OPTION_SETTING_OFS0_START = 0x2c9f040
                0x00000004                        OPTION_SETTING_OFS0_LENGTH = 0x4
                0x02c9f044                        OPTION_SETTING_OFS2_START = 0x2c9f044
                0x00000004                        OPTION_SETTING_OFS2_LENGTH = 0x4
                0x02c9f074                        OPTION_SETTING_SAS_START = 0x2c9f074
                0x00000004                        OPTION_SETTING_SAS_LENGTH = 0x4
                0x12c9f4c0                        OPTION_SETTING_OFS1_START = 0x12c9f4c0
                0x00000004                        OPTION_SETTING_OFS1_LENGTH = 0x4
                0x02c9f0c0                        OPTION_SETTING_OFS1_SEC_START = 0x2c9f0c0
                0x00000004                        OPTION_SETTING_OFS1_SEC_LENGTH = 0x4
                0x02c9f120                        OPTION_SETTING_OFS1_SEL_START = 0x2c9f120
                0x00000004                        OPTION_SETTING_OFS1_SEL_LENGTH = 0x4
                0x12c9f4c4                        OPTION_SETTING_OFS3_START = 0x12c9f4c4
                0x00000004                        OPTION_SETTING_OFS3_LENGTH = 0x4
                0x02c9f0c4                        OPTION_SETTING_OFS3_SEC_START = 0x2c9f0c4
                0x00000004                        OPTION_SETTING_OFS3_SEC_LENGTH = 0x4
                0x02c9f124                        OPTION_SETTING_OFS3_SEL_START = 0x2c9f124
                0x00000004                        OPTION_SETTING_OFS3_SEL_LENGTH = 0x4
                0x12c9f600                        OPTION_SETTING_BPS_START = 0x12c9f600
                0x00000080                        OPTION_SETTING_BPS_LENGTH = 0x80
                0x02c9f200                        OPTION_SETTING_BPS_SEC_START = 0x2c9f200
                0x00000080                        OPTION_SETTING_BPS_SEC_LENGTH = 0x80
                0x02e07700                        OPTION_SETTING_OTP_PBPS_SEC_START = 0x2e07700
                0x00000080                        OPTION_SETTING_OTP_PBPS_SEC_LENGTH = 0x80
                0x12e07780                        OPTION_SETTING_OTP_PBPS_START = 0x12e07780
                0x00000080                        OPTION_SETTING_OTP_PBPS_LENGTH = 0x80
                0x00000000                        ITCM_START = 0x0
                0x00020000                        ITCM_LENGTH = 0x20000
                0x20000000                        DTCM_START = 0x20000000
                0x00020000                        DTCM_LENGTH = 0x20000
START GROUP
LOAD /Applications/Renesas e2 studio with RA FSP v6.0.0/toolchains/arm-gnu-toolchain-13.2.Rel1-darwin-arm64-arm-none-eabi/bin/../lib/gcc/arm-none-eabi/13.2.1/thumb/v8-m.main+dp/hard/libgcc.a
LOAD /Applications/Renesas e2 studio with RA FSP v6.0.0/toolchains/arm-gnu-toolchain-13.2.Rel1-darwin-arm64-arm-none-eabi/bin/../lib/gcc/arm-none-eabi/13.2.1/../../../../arm-none-eabi/lib/thumb/v8-m.main+dp/hard/libc.a
LOAD /Applications/Renesas e2 studio with RA FSP v6.0.0/toolchains/arm-gnu-toolchain-13.2.Rel1-darwin-arm64-arm-none-eabi/bin/../lib/gcc/arm-none-eabi/13.2.1/../../../../arm-none-eabi/lib/thumb/v8-m.main+dp/hard/libm.a
END GROUP

.ospi0_cs1.startof
                0x90000000        0x0
                0x90000000                        __ddsc_OSPI0_CS1_START = .

.sdram.startof  0x68000000        0x0
                0x68000000                        __ddsc_SDRAM_START = .

__sdram_from_ospi0_cs1$$
                0x68000000        0x0 load address 0x90000000
                0x68000000                        __sdram_from_ospi0_cs1$$Base = .
                0x90000000                        __sdram_from_ospi0_cs1$$Load = LOADADDR (__sdram_from_ospi0_cs1$$)
 *(.sdram_from_ospi0_cs1)
 *(.sdram_code_from_ospi0_cs1)
                0x68000000                        __sdram_from_ospi0_cs1$$Limit = .

.ospi0_cs0.startof
                0x80000000        0x0
                0x80000000                        __ddsc_OSPI0_CS0_START = .

__ospi0_cs0_from_ospi0_cs1$$
                0x80000000        0x0 load address 0x90000000
                0x80000000                        __ospi0_cs0_from_ospi0_cs1$$Base = .
                0x90000000                        __ospi0_cs0_from_ospi0_cs1$$Load = LOADADDR (__ospi0_cs0_from_ospi0_cs1$$)
 *(.ospi0_cs0_from_ospi0_cs1)
 *(.ospi0_cs0_code_from_ospi0_cs1)
                0x80000000                        __ospi0_cs0_from_ospi0_cs1$$Limit = .

.ospi1_cs0.startof
                0x70000000        0x0
                0x70000000                        __ddsc_OSPI1_CS0_START = .

__ospi1_cs0_from_ospi0_cs1$$
                0x70000000        0x0 load address 0x90000000
                0x70000000                        __ospi1_cs0_from_ospi0_cs1$$Base = .
                0x90000000                        __ospi1_cs0_from_ospi0_cs1$$Load = LOADADDR (__ospi1_cs0_from_ospi0_cs1$$)
 *(.ospi1_cs0_from_ospi0_cs1)
 *(.ospi1_cs0_code_from_ospi0_cs1)
                0x70000000                        __ospi1_cs0_from_ospi0_cs1$$Limit = .

.itcm.startof   0x00000000        0x0
                0x00000000                        __ddsc_ITCM_START = .

__itcm_from_ospi0_cs1$$
                0x00000000        0x0 load address 0x90000000
                0x00000000                        __itcm_from_ospi0_cs1$$Base = .
                0x90000000                        __itcm_from_ospi0_cs1$$Load = LOADADDR (__itcm_from_ospi0_cs1$$)
 *(.itcm_from_ospi0_cs1)
 *(.itcm_code_from_ospi0_cs1)
                0x00000000                        __itcm_from_ospi0_cs1$$Limit = .

.dtcm.startof   0x20000000        0x0
                0x20000000                        __ddsc_DTCM_START = .

__dtcm_from_ospi0_cs1$$
                0x20000000        0x0 load address 0x90000000
                0x20000000                        __dtcm_from_ospi0_cs1$$Base = .
                0x90000000                        __dtcm_from_ospi0_cs1$$Load = LOADADDR (__dtcm_from_ospi0_cs1$$)
 *(.dtcm_from_ospi0_cs1)
 *(.dtcm_code_from_ospi0_cs1)
                0x20000000                        __dtcm_from_ospi0_cs1$$Limit = .

.ram.startof    0x22000000        0x0
                0x22000000                        __ddsc_RAM_START = .

__ram_dtc_vector$$
                0x22000000        0x0
                0x22000000                        __ram_dtc_vector$$Base = .
 *(.fsp_dtc_vector_table)
                0x22000000                        __ram_dtc_vector$$Limit = .

__ram_from_ospi0_cs1$$
                0x22000000        0x0 load address 0x90000000
                0x22000000                        __ram_from_ospi0_cs1$$Base = .
                0x90000000                        __ram_from_ospi0_cs1$$Load = LOADADDR (__ram_from_ospi0_cs1$$)
 *(.ram_from_ospi0_cs1)
 *(.ram_code_from_ospi0_cs1)
                0x22000000                        __ram_from_ospi0_cs1$$Limit = .

__ospi0_cs1_readonly$$
                0x90000000   0x4b0048
                0x90000000                        __ospi0_cs1_readonly$$Base = .
 *(.ospi0_cs1)
 .ospi0_cs1     0x90000000   0x258008 ./src/images/backgrounds/user_led_background_1024x600.o
                0x90000000                g_ref_001_user_led_background
 *fill*         0x90258008       0x38 
 .ospi0_cs1     0x90258040   0x258008 ./src/images/backgrounds/welcome_screen_1024x600.o
                0x90258040                g_ref_000_welcome_screen
 *(.ospi0_cs1_code)
                0x904b0048                        __ospi0_cs1_readonly$$Limit = .

__ospi0_cs1_noinit$$
                0x904b0048        0x0
                0x904b0048                        __ospi0_cs1_noinit$$Base = .
 *(.ospi0_cs1_noinit)
                0x904b0048                        __ospi0_cs1_noinit$$Limit = .

.ospi0_cs1.endof
                0x904b0200        0x0
                0x904b0200                        __ddsc_OSPI0_CS1_END = .

.ospi1_cs1.startof
                0x78000000        0x0
                0x78000000                        __ddsc_OSPI1_CS1_START = .

__sdram_from_ospi1_cs1$$
                0x68000000        0x0 load address 0x78000000
                0x68000000                        __sdram_from_ospi1_cs1$$Base = .
                0x78000000                        __sdram_from_ospi1_cs1$$Load = LOADADDR (__sdram_from_ospi1_cs1$$)
 *(.sdram_from_ospi1_cs1)
 *(.sdram_code_from_ospi1_cs1)
                0x68000000                        __sdram_from_ospi1_cs1$$Limit = .

__ospi0_cs0_from_ospi1_cs1$$
                0x80000000        0x0 load address 0x78000000
                0x80000000                        __ospi0_cs0_from_ospi1_cs1$$Base = .
                0x78000000                        __ospi0_cs0_from_ospi1_cs1$$Load = LOADADDR (__ospi0_cs0_from_ospi1_cs1$$)
 *(.ospi0_cs0_from_ospi1_cs1)
 *(.ospi0_cs0_code_from_ospi1_cs1)
                0x80000000                        __ospi0_cs0_from_ospi1_cs1$$Limit = .

__ospi1_cs0_from_ospi1_cs1$$
                0x70000000        0x0 load address 0x78000000
                0x70000000                        __ospi1_cs0_from_ospi1_cs1$$Base = .
                0x78000000                        __ospi1_cs0_from_ospi1_cs1$$Load = LOADADDR (__ospi1_cs0_from_ospi1_cs1$$)
 *(.ospi1_cs0_from_ospi1_cs1)
 *(.ospi1_cs0_code_from_ospi1_cs1)
                0x70000000                        __ospi1_cs0_from_ospi1_cs1$$Limit = .

__itcm_from_ospi1_cs1$$
                0x00000000        0x0 load address 0x78000000
                0x00000000                        __itcm_from_ospi1_cs1$$Base = .
                0x78000000                        __itcm_from_ospi1_cs1$$Load = LOADADDR (__itcm_from_ospi1_cs1$$)
 *(.itcm_from_ospi1_cs1)
 *(.itcm_code_from_ospi1_cs1)
                0x00000000                        __itcm_from_ospi1_cs1$$Limit = .

__dtcm_from_ospi1_cs1$$
                0x20000000        0x0 load address 0x78000000
                0x20000000                        __dtcm_from_ospi1_cs1$$Base = .
                0x78000000                        __dtcm_from_ospi1_cs1$$Load = LOADADDR (__dtcm_from_ospi1_cs1$$)
 *(.dtcm_from_ospi1_cs1)
 *(.dtcm_code_from_ospi1_cs1)
                0x20000000                        __dtcm_from_ospi1_cs1$$Limit = .

__ram_from_ospi1_cs1$$
                0x22000000        0x0 load address 0x78000000
                0x22000000                        __ram_from_ospi1_cs1$$Base = .
                0x78000000                        __ram_from_ospi1_cs1$$Load = LOADADDR (__ram_from_ospi1_cs1$$)
 *(.ram_from_ospi1_cs1)
 *(.ram_code_from_ospi1_cs1)
                0x22000000                        __ram_from_ospi1_cs1$$Limit = .

__ospi1_cs1_readonly$$
                0x78000000        0x0
                0x78000000                        __ospi1_cs1_readonly$$Base = .
 *(.ospi1_cs1)
 *(.ospi1_cs1_code)
                0x78000000                        __ospi1_cs1_readonly$$Limit = .

__ospi1_cs1_noinit$$
                0x78000000        0x0
                0x78000000                        __ospi1_cs1_noinit$$Base = .
 *(.ospi1_cs1_noinit)
                0x78000000                        __ospi1_cs1_noinit$$Limit = .

.ospi1_cs1.endof
                0x78000000        0x0
                0x78000000                        __ddsc_OSPI1_CS1_END = .

.data_flash.startof
                0x27000000        0x0
                0x27000000                        __ddsc_DATA_FLASH_START = .

__sdram_from_data_flash$$
                0x68000000        0x0 load address 0x27000000
                0x68000000                        __sdram_from_data_flash$$Base = .
                0x27000000                        __sdram_from_data_flash$$Load = LOADADDR (__sdram_from_data_flash$$)
 *(.sdram_from_data_flash)
 *(.sdram_code_from_data_flash)
                0x68000000                        __sdram_from_data_flash$$Limit = .

__ospi0_cs0_from_data_flash$$
                0x80000000        0x0 load address 0x27000000
                0x80000000                        __ospi0_cs0_from_data_flash$$Base = .
                0x27000000                        __ospi0_cs0_from_data_flash$$Load = LOADADDR (__ospi0_cs0_from_data_flash$$)
 *(.ospi0_cs0_from_data_flash)
 *(.ospi0_cs0_code_from_data_flash)
                0x80000000                        __ospi0_cs0_from_data_flash$$Limit = .

__ospi1_cs0_from_data_flash$$
                0x70000000        0x0 load address 0x27000000
                0x70000000                        __ospi1_cs0_from_data_flash$$Base = .
                0x27000000                        __ospi1_cs0_from_data_flash$$Load = LOADADDR (__ospi1_cs0_from_data_flash$$)
 *(.ospi1_cs0_from_data_flash)
 *(.ospi1_cs0_code_from_data_flash)
                0x70000000                        __ospi1_cs0_from_data_flash$$Limit = .

__itcm_from_data_flash$$
                0x00000000        0x0 load address 0x27000000
                0x00000000                        __itcm_from_data_flash$$Base = .
                0x27000000                        __itcm_from_data_flash$$Load = LOADADDR (__itcm_from_data_flash$$)
 *(.itcm_from_data_flash)
 *(.itcm_code_from_data_flash)
                0x00000000                        __itcm_from_data_flash$$Limit = .

__dtcm_from_data_flash$$
                0x20000000        0x0 load address 0x27000000
                0x20000000                        __dtcm_from_data_flash$$Base = .
                0x27000000                        __dtcm_from_data_flash$$Load = LOADADDR (__dtcm_from_data_flash$$)
 *(.dtcm_from_data_flash)
 *(.dtcm_code_from_data_flash)
                0x20000000                        __dtcm_from_data_flash$$Limit = .

__ram_from_data_flash$$
                0x22000000        0x0 load address 0x27000000
                0x22000000                        __ram_from_data_flash$$Base = .
                0x27000000                        __ram_from_data_flash$$Load = LOADADDR (__ram_from_data_flash$$)
 *(.ram_from_data_flash)
 *(.ram_code_from_data_flash)
                0x22000000                        __ram_from_data_flash$$Limit = .

__data_flash_readonly$$
                0x27000000        0x0
                0x27000000                        __data_flash_readonly$$Base = .
 *(.data_flash)
 *(.data_flash_code)
                0x27000000                        __data_flash_readonly$$Limit = .

__data_flash_noinit$$
                0x27000000        0x0
                0x27000000                        __data_flash_noinit$$Base = .
 *(.data_flash_noinit)
                0x27000000                        __data_flash_noinit$$Limit = .

.data_flash.endof
                0x27000000        0x0
                0x27000000                        __ddsc_DATA_FLASH_END = .

.flash.startof  0x02000000        0x0
                0x02000000                        __ddsc_FLASH_START = .

__flash_vectors$$
                0x02000000       0xec
                0x02000000                        __flash_vectors$$Base = .
                0x02000000                        _VECTORS = .
 *(.fixed_vectors)
 .fixed_vectors
                0x02000000       0x40 ./ra/fsp/src/bsp/cmsis/Device/RENESAS/Source/startup.o
                0x02000000                __Vectors
 *(.application_vectors)
 .application_vectors
                0x02000040       0xac ./ra_gen/vector_data.o
                0x02000040                g_vector_table
                0x020000ec                        __flash_vectors$$Limit = .

.eh_frame       0x020000ec        0x0
 .eh_frame      0x020000ec        0x0 /Applications/Renesas e2 studio with RA FSP v6.0.0/toolchains/arm-gnu-toolchain-13.2.Rel1-darwin-arm64-arm-none-eabi/bin/../lib/gcc/arm-none-eabi/13.2.1/thumb/v8-m.main+dp/hard/crtbegin.o

__flash_noinit$$
                0x020000ec        0x0
                0x020000ec                        __flash_noinit$$Base = .
 *(.flash_noinit)
                0x020000ec                        __flash_noinit$$Limit = .

__sdram_from_flash$$
                0x68000000        0x0 load address 0x020000ec
                0x68000000                        __sdram_from_flash$$Base = .
                0x020000ec                        __sdram_from_flash$$Load = LOADADDR (__sdram_from_flash$$)
 *(.sdram_from_flash)
 *(.sdram_code_from_flash)
                0x68000000                        __sdram_from_flash$$Limit = .

__sdram_noinit_nocache$$
                0x68000000        0x0 load address 0x02000100
                0x68000000                        __sdram_noinit_nocache$$Base = .
 *(.sdram_noinit_nocache)
                0x68000000                        __sdram_noinit_nocache$$Limit = .

__sdram_zero_nocache$$
                0x68000000        0x0 load address 0x020000ec
                0x68000000                        __sdram_zero_nocache$$Base = .
 *(.sdram_nocache)
                0x68000000                        . = ALIGN (0x20)
                0x68000000                        __sdram_zero_nocache$$Limit = .

__sdram_noinit$$
                0x68000000   0x4fb000 load address 0x020000ec
                0x68000000                        __sdram_noinit$$Base = .
 *(.sdram_noinit)
 .sdram_noinit  0x68000000   0x4fb000 ./ra_gen/common_data.o
                0x68000000                vin_image_buffer_1
                0x680a8c00                vin_image_buffer_2
                0x68151800                vin_image_buffer_3
                0x681fa400                fb_background
                0x682a3000                fb_foreground
                0x684fb000                        __sdram_noinit$$Limit = .

__sdram_zero$$  0x684fb000   0xbb80c1 load address 0x020000ec
                0x684fb000                        __sdram_zero$$Base = .
 *(.sdram)
 .sdram         0x684fb000   0x708041 ./src/display_thread_entry.o
                0x684fb000                sdram_buffer
                0x68753000                user_clean_background
                0x689ab040                SDRAM_pixel_data
 *fill*         0x68c03041       0x3f 
 .sdram         0x68c03080   0x4b0041 ./src/main_menu_thread_entry.o
                0x68c03080                g_sdram_buffer_welcome
                0x68e5b0c0                g_sdram_buffer_led
                0x690b30c1                        __sdram_zero$$Limit = .

.sdram.endof    0x690b3200        0x0
                0x690b3200                        __ddsc_SDRAM_END = .

__ospi0_cs0_from_flash$$
                0x80000000        0x0 load address 0x020000ec
                0x80000000                        __ospi0_cs0_from_flash$$Base = .
                0x020000ec                        __ospi0_cs0_from_flash$$Load = LOADADDR (__ospi0_cs0_from_flash$$)
 *(.ospi0_cs0_from_flash)
 *(.ospi0_cs0_code_from_flash)
                0x80000000                        __ospi0_cs0_from_flash$$Limit = .

__ospi0_cs0_noinit_nocache$$
                0x80000000        0x0 load address 0x02000100
                0x80000000                        __ospi0_cs0_noinit_nocache$$Base = .
 *(.ospi0_cs0_noinit_nocache)
                0x80000000                        __ospi0_cs0_noinit_nocache$$Limit = .

__ospi0_cs0_zero_nocache$$
                0x80000000        0x0 load address 0x020000ec
                0x80000000                        __ospi0_cs0_zero_nocache$$Base = .
 *(.ospi0_cs0_nocache)
                0x80000000                        . = ALIGN (0x20)
                0x80000000                        __ospi0_cs0_zero_nocache$$Limit = .

__ospi0_cs0_noinit$$
                0x80000000        0x0 load address 0x020000ec
                0x80000000                        __ospi0_cs0_noinit$$Base = .
 *(.ospi0_cs0_noinit)
                0x80000000                        __ospi0_cs0_noinit$$Limit = .

__ospi0_cs0_zero$$
                0x80000000        0x0 load address 0x020000ec
                0x80000000                        __ospi0_cs0_zero$$Base = .
 *(.ospi0_cs0)
                0x80000000                        __ospi0_cs0_zero$$Limit = .

.ospi0_cs0.endof
                0x80000000        0x0
                0x80000000                        __ddsc_OSPI0_CS0_END = .

__ospi1_cs0_from_flash$$
                0x70000000        0x0 load address 0x020000ec
                0x70000000                        __ospi1_cs0_from_flash$$Base = .
                0x020000ec                        __ospi1_cs0_from_flash$$Load = LOADADDR (__ospi1_cs0_from_flash$$)
 *(.ospi1_cs0_from_flash)
 *(.ospi1_cs0_code_from_flash)
                0x70000000                        __ospi1_cs0_from_flash$$Limit = .

__ospi1_cs0_noinit_nocache$$
                0x70000000        0x0 load address 0x02000100
                0x70000000                        __ospi1_cs0_noinit_nocache$$Base = .
 *(.ospi1_cs0_noinit_nocache)
                0x70000000                        __ospi1_cs0_noinit_nocache$$Limit = .

__ospi1_cs0_zero_nocache$$
                0x70000000        0x0 load address 0x020000ec
                0x70000000                        __ospi1_cs0_zero_nocache$$Base = .
 *(.ospi1_cs0_nocache)
                0x70000000                        . = ALIGN (0x20)
                0x70000000                        __ospi1_cs0_zero_nocache$$Limit = .

__ospi1_cs0_noinit$$
                0x70000000        0x0 load address 0x020000ec
                0x70000000                        __ospi1_cs0_noinit$$Base = .
 *(.ospi1_cs0_noinit)
                0x70000000                        __ospi1_cs0_noinit$$Limit = .

__ospi1_cs0_zero$$
                0x70000000        0x0 load address 0x020000ec
                0x70000000                        __ospi1_cs0_zero$$Base = .
 *(.ospi1_cs0)
                0x70000000                        __ospi1_cs0_zero$$Limit = .

.ospi1_cs0.endof
                0x70000000        0x0
                0x70000000                        __ddsc_OSPI1_CS0_END = .

__itcm_from_flash$$
                0x00000000        0x0 load address 0x020000ec
                0x00000000                        __itcm_from_flash$$Base = .
                0x020000ec                        __itcm_from_flash$$Load = LOADADDR (__itcm_from_flash$$)
 *(.itcm_from_flash)
 *(.itcm_code_from_flash)
                0x00000000                        __itcm_from_flash$$Limit = .

__itcm_noinit$$
                0x00000000        0x0 load address 0x020000ec
                0x00000000                        __itcm_noinit$$Base = .
 *(.itcm_noinit)
                0x00000000                        __itcm_noinit$$Limit = .

__itcm_zero$$   0x00000000        0x0 load address 0x020000ec
                0x00000000                        __itcm_zero$$Base = .
 *(.itcm)
                0x00000000                        __itcm_zero$$Limit = .

.itcm.endof     0x00000000        0x0
                0x00000000                        __ddsc_ITCM_END = .

__dtcm_from_flash$$
                0x20000000        0x0 load address 0x020000ec
                0x20000000                        __dtcm_from_flash$$Base = .
                0x020000ec                        __dtcm_from_flash$$Load = LOADADDR (__dtcm_from_flash$$)
 *(.dtcm_from_flash)
 *(.dtcm_code_from_flash)
                0x20000000                        __dtcm_from_flash$$Limit = .

__dtcm_noinit$$
                0x20000000        0x0 load address 0x020000ec
                0x20000000                        __dtcm_noinit$$Base = .
 *(.dtcm_noinit)
                0x20000000                        __dtcm_noinit$$Limit = .

__dtcm_zero$$   0x20000000        0x0 load address 0x020000ec
                0x20000000                        __dtcm_zero$$Base = .
 *(.dtcm)
                0x20000000                        __dtcm_zero$$Limit = .

.dtcm.endof     0x20000000        0x0
                0x20000000                        __ddsc_DTCM_END = .

__ram_from_flash$$
                0x22000000     0x3ae8 load address 0x020000ec
                0x22000000                        __ram_from_flash$$Base = .
                0x020000ec                        __ram_from_flash$$Load = LOADADDR (__ram_from_flash$$)
 *(.ram_from_flash)
 *(.ram_code_from_flash)
 *(.data*)
 .data.user_font_title_tbl
                0x22000000       0x80 ./src/images/user_font_title/user_font_title_if.o
 .data.g_user_font_body_uc_tbl
                0x22000080       0x80 ./src/images/user_font_body/user_font_body_if.o
 .data.g_user_font_body_lc_tbl
                0x22000100       0x80 ./src/images/user_font_body/user_font_body_if.o
 .data.g_user_font_body_num_tbl
                0x22000180       0x80 ./src/images/user_font_body/user_font_body_if.o
 .data.g_usb_configured
                0x22000200        0x1 ./src/board_mon_thread_entry.o
                0x22000200                g_usb_configured
 *fill*         0x22000201        0x3 
 .data.g_pwm_dcs
                0x22000204        0xc ./src/board_mon_thread_entry.o
                0x22000204                g_pwm_dcs
 .data.g_pwm_rates
                0x22000210        0xc ./src/board_mon_thread_entry.o
                0x22000210                g_pwm_rates
 .data.g_pwm_dcs_data
                0x2200021c        0x3 ./src/board_mon_thread_entry.o
                0x2200021c                g_pwm_dcs_data
 *fill*         0x2200021f        0x1 
 .data.g_pwm_rates_data
                0x22000220        0x3 ./src/board_mon_thread_entry.o
                0x22000220                g_pwm_rates_data
 *fill*         0x22000223        0x1 
 .data.s_temperature_read_interval
                0x22000224        0x4 ./src/board_mon_thread_entry.o
 .data.s_sys_clock_div
                0x22000228        0x1 ./src/camera_thread_entry.o
 .data.s_mipi_clock_div
                0x22000229        0x1 ./src/camera_thread_entry.o
 .data.s_pll_multiplier
                0x2200022a        0x1 ./src/camera_thread_entry.o
 .data.s_pll_root_div
                0x2200022b        0x1 ./src/camera_thread_entry.o
 .data.pll_pre_div
                0x2200022c        0x1 ./src/camera_thread_entry.o
 .data.pclk_root_div
                0x2200022d        0x1 ./src/camera_thread_entry.o
 .data.sclk2x_root_div
                0x2200022e        0x1 ./src/camera_thread_entry.o
 .data.sclk_root_div
                0x2200022f        0x1 ./src/camera_thread_entry.o
 .data.g_pclka_mhz
                0x22000230        0x4 ./src/camera_thread_entry.o
 .data.g_show_getting_started_page
                0x22000234        0x4 ./src/common_init.o
                0x22000234                g_show_getting_started_page
 .data.s_duty   0x22000238        0x4 ./src/common_init.o
 .data.s_irq_pins
                0x2200023c        0x8 ./src/common_init.o
 .data.s_pwm_pins
                0x22000244        0x8 ./src/common_init.o
 .data.blink_on.0
                0x2200024c        0x4 ./src/common_init.o
 .data.g_vr_size
                0x22000250        0x2 ./src/display_thread_entry.o
                0x22000250                g_vr_size
 .data.g_hz_size
                0x22000252        0x2 ./src/display_thread_entry.o
                0x22000252                g_hz_size
 .data.g_current_backgroud
                0x22000254       0x18 ./src/display_thread_entry.o
                0x22000254                g_current_backgroud
 .data.g_update_fps_text
                0x2200026c        0x1 ./src/display_thread_entry.o
 *fill*         0x2200026d        0x3 
 .data.gs_page  0x22000270      0xd44 ./src/display_thread_entry.o
                0x22000270                gs_page
 .data.origin_x
                0x22000fb4        0x2 ./src/display_thread_entry.o
                0x22000fb4                origin_x
 .data.box_x    0x22000fb6        0x2 ./src/display_thread_entry.o
                0x22000fb6                box_x
 .data.box_y    0x22000fb8        0x2 ./src/display_thread_entry.o
                0x22000fb8                box_y
 *fill*         0x22000fba        0x2 
 .data.s_echo_enable
                0x22000fbc        0x4 ./src/jlink_console.o
 .data.s_test_remain
                0x22000fc0        0x4 ./src/menu_ext.o
 .data.s_data_size
                0x22000fc4        0x4 ./src/menu_ext.o
 .data.g_ext_page
                0x22000fc8      0xd44 ./src/menu_ext.o
                0x22000fc8                g_ext_page
 .data.g_kis_page
                0x22001d0c      0xd44 ./src/menu_kis.o
                0x22001d0c                g_kis_page
 .data.g_led_screen_details
                0x22002a50       0xf0 ./src/menu_led.o
                0x22002a50                g_led_screen_details
 .data.s_led_red_on
                0x22002b40        0x4 ./src/menu_led.o
 .data.s_led_grn_on
                0x22002b44        0x4 ./src/menu_led.o
 .data.s_led_blu_on
                0x22002b48        0x4 ./src/menu_led.o
 .data.reset_counter
                0x22002b4c        0x4 ./src/menu_led.o
 .data.s_brightness_scale_factor
                0x22002b50        0x8 ./src/menu_led.o
 .data.s_blu_led_backup_angle
                0x22002b58        0x8 ./src/menu_led.o
 .data.s_blu_led_backup_intensity
                0x22002b60        0x8 ./src/menu_led.o
 .data.g_selected_menu
                0x22002b68        0x1 ./src/menu_main.o
                0x22002b68                g_selected_menu
 .data.g_next_menu_selection
                0x22002b69        0x1 ./src/menu_main.o
                0x22002b69                g_next_menu_selection
 *fill*         0x22002b6a        0x2 
 .data.s_menu_items
                0x22002b6c       0x30 ./src/menu_main.o
 .data.s_menu_items_nd
                0x22002b9c       0x20 ./src/menu_main.o
 .data.s_demo_selected
                0x22002bbc        0x4 ./src/menu_main.o
 .data.g_ns_page
                0x22002bc0      0xd44 ./src/menu_ns.o
                0x22002bc0                g_ns_page
 *fill*         0x22003904        0x4 
 .data.g_ospi_b_direct_transfer
                0x22003908       0xc0 ./src/ospi_b_commands.o
                0x22003908                g_ospi_b_direct_transfer
 .data.g_ft5316_i2c_address
                0x220039c8        0x1 ./src/touch_FT5316.o
                0x220039c8                g_ft5316_i2c_address
 *fill*         0x220039c9        0x3 
 .data.g_display_set
                0x220039cc        0x4 ./src/tp_thread_entry.o
                0x220039cc                g_display_set
 .data.hb_menu  0x220039d0       0x10 ./src/tp_thread_entry.o
                0x220039d0                hb_menu
 .data.hb_cancel
                0x220039e0       0x10 ./src/tp_thread_entry.o
                0x220039e0                hb_cancel
 .data.menu_cancel
                0x220039f0       0x10 ./src/tp_thread_entry.o
                0x220039f0                menu_cancel
 .data.kis_demo
                0x22003a00       0x10 ./src/tp_thread_entry.o
                0x22003a00                kis_demo
 .data.gs_demo  0x22003a10       0x10 ./src/tp_thread_entry.o
                0x22003a10                gs_demo
 .data.led_demo
                0x22003a20       0x10 ./src/tp_thread_entry.o
                0x22003a20                led_demo
 .data.lcd_demo
                0x22003a30       0x10 ./src/tp_thread_entry.o
                0x22003a30                lcd_demo
 .data.ns_demo  0x22003a40       0x10 ./src/tp_thread_entry.o
                0x22003a40                ns_demo
 .data.g_ospi0_timing_settings
                0x22003a50        0x7 ./ra_gen/hal_data.o
 *fill*         0x22003a57        0x1 
 .data.g_jlink_console_baud_setting
                0x22003a58        0x4 ./ra_gen/hal_data.o
                0x22003a58                g_jlink_console_baud_setting
 .data.g_clut_data_latched
                0x22003a5c        0x2 ./ra/fsp/src/r_glcdc/r_glcdc.o
 *fill*         0x22003a5e        0x2 
 .data.g_tcon_lut
                0x22003a60       0x10 ./ra/fsp/src/r_glcdc/r_glcdc.o
 .data.g_format_lut
                0x22003a70        0x8 ./ra/fsp/src/r_glcdc/r_glcdc.o
 .data.g_pixsize_lut
                0x22003a78       0x10 ./ra/fsp/src/r_glcdc/r_glcdc.o
 .data.g_outset_lut
                0x22003a88        0x4 ./ra/fsp/src/r_glcdc/r_glcdc.o
 .data.g_pdtha_lut
                0x22003a8c        0x4 ./ra/fsp/src/r_glcdc/r_glcdc.o
 .data.clut_hw.0
                0x22003a90        0x8 ./ra/fsp/src/r_glcdc/r_glcdc.o
 .data._impure_ptr
                0x22003a98        0x4 /Applications/Renesas e2 studio with RA FSP v6.0.0/toolchains/arm-gnu-toolchain-13.2.Rel1-darwin-arm64-arm-none-eabi/bin/../lib/gcc/arm-none-eabi/13.2.1/../../../../arm-none-eabi/lib/thumb/v8-m.main+dp/hard/libg_nano.a(libc_a-impure.o)
                0x22003a98                _impure_ptr
 .data._impure_data
                0x22003a9c       0x4c /Applications/Renesas e2 studio with RA FSP v6.0.0/toolchains/arm-gnu-toolchain-13.2.Rel1-darwin-arm64-arm-none-eabi/bin/../lib/gcc/arm-none-eabi/13.2.1/../../../../arm-none-eabi/lib/thumb/v8-m.main+dp/hard/libg_nano.a(libc_a-impure.o)
                0x22003a9c                _impure_data
 *(vtable)
                0x22003ae8                        __ram_from_flash$$Limit = .

.tm_clone_table
                0x22003ae8        0x0 load address 0x02003bd4
 .tm_clone_table
                0x22003ae8        0x0 /Applications/Renesas e2 studio with RA FSP v6.0.0/toolchains/arm-gnu-toolchain-13.2.Rel1-darwin-arm64-arm-none-eabi/bin/../lib/gcc/arm-none-eabi/13.2.1/thumb/v8-m.main+dp/hard/crtbegin.o
 .tm_clone_table
                0x22003ae8        0x0 /Applications/Renesas e2 studio with RA FSP v6.0.0/toolchains/arm-gnu-toolchain-13.2.Rel1-darwin-arm64-arm-none-eabi/bin/../lib/gcc/arm-none-eabi/13.2.1/thumb/v8-m.main+dp/hard/crtend.o

.igot.plt       0x22003ae8        0x0 load address 0x02003bd4
 .igot.plt      0x22003ae8        0x0 /Applications/Renesas e2 studio with RA FSP v6.0.0/toolchains/arm-gnu-toolchain-13.2.Rel1-darwin-arm64-arm-none-eabi/bin/../lib/gcc/arm-none-eabi/13.2.1/thumb/v8-m.main+dp/hard/crtbegin.o

__ram_noinit_nocache$$
                0x22003b00        0x0 load address 0x02003be0
                0x22003b00                        __ram_noinit_nocache$$Base = .
 *(.ram_noinit_nocache)
                0x22003b00                        __ram_noinit_nocache$$Limit = .

__ram_zero_nocache$$
                0x22003ae8       0x18 load address 0x02003bd4
                0x22003ae8                        __ram_zero_nocache$$Base = .
 *(.ram_nocache)
                0x22003b00                        . = ALIGN (0x20)
 *fill*         0x22003ae8       0x18 
                0x22003b00                        __ram_zero_nocache$$Limit = .

__ram_noinit$$  0x22003b00      0x62c load address 0x02003bd4
                0x22003b00                        __ram_noinit$$Base = .
 *(.bss.g_heap)
 .bss.g_heap    0x22003b00      0x200 ./ra/fsp/src/bsp/cmsis/Device/RENESAS/Source/startup.o
                0x22003b00                g_heap
 *(.bss.g_main_stack)
 .bss.g_main_stack
                0x22003d00      0x400 ./ra/fsp/src/bsp/cmsis/Device/RENESAS/Source/startup.o
                0x22003d00                g_main_stack
 *(.ram_noinit)
 .ram_noinit    0x22004100       0x2c ./ra/fsp/src/bsp/mcu/all/bsp_clocks.o
 *(.noinit)
                0x2200412c                        __ram_noinit$$Limit = .

__ram_zero$$    0x2200412c    0x93730 load address 0x02003bd4
                0x2200412c                        __ram_zero$$Base = .
 *(.ram)
 *(.bss*)
 .bss.completed.1
                0x2200412c        0x1 /Applications/Renesas e2 studio with RA FSP v6.0.0/toolchains/arm-gnu-toolchain-13.2.Rel1-darwin-arm64-arm-none-eabi/bin/../lib/gcc/arm-none-eabi/13.2.1/thumb/v8-m.main+dp/hard/crtbegin.o
 *fill*         0x2200412d        0x3 
 .bss.object.0  0x22004130       0x18 /Applications/Renesas e2 studio with RA FSP v6.0.0/toolchains/arm-gnu-toolchain-13.2.Rel1-darwin-arm64-arm-none-eabi/bin/../lib/gcc/arm-none-eabi/13.2.1/thumb/v8-m.main+dp/hard/crtbegin.o
 .bss.s_bg_height
                0x22004148        0x2 ./src/images/user_font_title/user_font_title_if.o
 .bss.s_bg_width
                0x2200414a        0x2 ./src/images/user_font_title/user_font_title_if.o
 .bss.s_bg_height
                0x2200414c        0x2 ./src/images/user_font_body/user_font_body_if.o
 .bss.s_bg_width
                0x2200414e        0x2 ./src/images/user_font_body/user_font_body_if.o
 .bss.g_switch_warning_str
                0x22004150      0x100 ./src/board_cfg_switch.o
                0x22004150                g_switch_warning_str
 .bss.g_greenpak_warning_str
                0x22004250      0x100 ./src/board_greenpak.o
                0x22004250                g_greenpak_warning_str
 .bss.g_board_status
                0x22004350       0x18 ./src/board_mon_thread_entry.o
                0x22004350                g_board_status
 .bss.g_sw1_updated
                0x22004368        0x4 ./src/board_mon_thread_entry.o
                0x22004368                g_sw1_updated
 .bss.g_sw2_updated
                0x2200436c        0x4 ./src/board_mon_thread_entry.o
                0x2200436c                g_sw2_updated
 .bss.s_ux_bits
                0x22004370        0x4 ./src/board_mon_thread_entry.o
 .bss.s_adc_data
                0x22004374        0x2 ./src/board_mon_thread_entry.o
 .bss.s_old_adc_data
                0x22004376        0x2 ./src/board_mon_thread_entry.o
 .bss.is_initialised
                0x22004378        0x4 ./src/board_sdram.o
 .bss.g_pclka_hz
                0x2200437c        0x4 ./src/camera_thread_entry.o
 .bss.g_pclka_period_ns
                0x22004380        0x4 ./src/camera_thread_entry.o
 .bss.camera_state_determined
                0x22004384        0x4 ./src/camera_thread_entry.o
 .bss.s_camera_detected
                0x22004388        0x4 ./src/camera_thread_entry.o
 .bss.sys_clk_hz
                0x2200438c        0x4 ./src/camera_thread_entry.o
 .bss.mipi_clk_hz
                0x22004390        0x4 ./src/camera_thread_entry.o
 .bss.xw        0x22004394        0x4 ./src/camera_thread_entry.o
                0x22004394                xw
 .bss.xh        0x22004398        0x4 ./src/camera_thread_entry.o
                0x22004398                xh
 .bss.g_adc_info_rtn
                0x2200439c       0x18 ./src/common_init.o
                0x2200439c                g_adc_info_rtn
 .bss.b_system_up
                0x220043b4        0x4 ./src/common_init.o
 .bss.g_overlay_selected
                0x220043b8        0x4 ./src/common_utils.o
                0x220043b8                g_overlay_selected
 .bss.g_buffer_size
                0x220043bc        0x4 ./src/display_thread_entry.o
                0x220043bc                g_buffer_size
 .bss.g_p_single_buffer
                0x220043c0        0x4 ./src/display_thread_entry.o
                0x220043c0                g_p_single_buffer
 .bss.g_p_double_buffer
                0x220043c4        0x4 ./src/display_thread_entry.o
                0x220043c4                g_p_double_buffer
 .bss.g_vsync_flag
                0x220043c8        0x4 ./src/display_thread_entry.o
 .bss.s_drw_buf
                0x220043cc        0x1 ./src/display_thread_entry.o
 *fill*         0x220043cd        0x3 
 .bss.renderbuffer
                0x220043d0        0x4 ./src/display_thread_entry.o
 .bss.gp_camera_buffer
                0x220043d4        0x4 ./src/display_thread_entry.o
 .bss.g_transfer_done
                0x220043d8        0x4 ./src/jlink_console.o
                0x220043d8                g_transfer_done
 .bss.g_receive_done
                0x220043dc        0x4 ./src/jlink_console.o
                0x220043dc                g_receive_done
 .bss.s_configured
                0x220043e0        0x4 ./src/jlink_console.o
 .bss.s_out_of_band_received
                0x220043e4      0x400 ./src/jlink_console.o
 .bss.s_g_out_of_band_index
                0x220047e4        0x4 ./src/jlink_console.o
 .bss.s_rx_buf  0x220047e8        0x1 ./src/jlink_console.o
 *fill*         0x220047e9        0x3 
 .bss.s_print_buffer
                0x220047ec      0x400 ./src/main_menu_thread_entry.o
 .bss.s_read_block
                0x22004bec    0x10000 ./src/menu_ext.o
 .bss.s_print_buffer
                0x22014bec      0x400 ./src/menu_ext.o
 .bss.g_test_data
                0x22014fec       0x40 ./src/menu_ext.o
 .bss.s_test_current_block
                0x2201502c        0x4 ./src/menu_ext.o
 .bss.s_test_current_sub
                0x22015030        0x4 ./src/menu_ext.o
 .bss.s_block_sz_str
                0x22015034        0x5 ./src/menu_ext.o
 *fill*         0x22015039        0x3 
 .bss.g_counter
                0x2201503c        0x4 ./src/menu_ext.o
 .bss.s_print_buffer
                0x22015040      0x400 ./src/menu_kis.o
 .bss.tp_array  0x22015440      0x258 ./src/menu_lcd.o
 .bss.lcd_touch_ready
                0x22015698        0x4 ./src/menu_lcd.o
 .bss.s_print_buffer
                0x2201569c      0x400 ./src/menu_lcd.o
 .bss.s_red_control
                0x22015a9c        0x4 ./src/menu_led.o
 .bss.s_grn_control
                0x22015aa0        0x4 ./src/menu_led.o
 .bss.s_blu_control
                0x22015aa4        0x4 ./src/menu_led.o
 .bss.s_led_pulse_red
                0x22015aa8        0x4 ./src/menu_led.o
 .bss.s_led_pulse_grn
                0x22015aac        0x4 ./src/menu_led.o
 .bss.s_led_pulse_blu
                0x22015ab0        0x4 ./src/menu_led.o
 .bss.counter   0x22015ab4        0x4 ./src/menu_led.o
 .bss.red_brightness_sc
                0x22015ab8        0x4 ./src/menu_led.o
 .bss.green_brightness_sc
                0x22015abc        0x4 ./src/menu_led.o
 .bss.blue_brightness_sc
                0x22015ac0        0x4 ./src/menu_led.o
 .bss.s_print_buffer
                0x22015ac4      0x400 ./src/menu_led.o
 .bss.g_request_initialise
                0x22015ec4        0x4 ./src/menu_main.o
                0x22015ec4                g_request_initialise
 .bss.g_camera_welcome_message_str
                0x22015ec8       0x50 ./src/menu_main.o
                0x22015ec8                g_camera_welcome_message_str
 .bss.g_menu_limit
                0x22015f18        0x1 ./src/menu_main.o
 *fill*         0x22015f19        0x3 
 .bss.s_print_buffer
                0x22015f1c      0x400 ./src/menu_main.o
 .bss.initialised
                0x2201631c        0x4 ./src/menu_main.o
 .bss.s_print_buffer
                0x22016320      0x400 ./src/menu_ns.o
 .bss.s_touch_panel_int
                0x22016720        0x4 ./src/touch_FT5316.o
 .bss.s_irq19_valid
                0x22016724        0x4 ./src/touch_FT5316.o
 .bss.s_tp_data
                0x22016728       0x30 ./src/tp_thread_entry.o
 .bss.g_tp_copy_data
                0x22016758       0x30 ./src/tp_thread_entry.o
 .bss.s_output_enabled
                0x22016788        0x4 ./src/tp_thread_entry.o
 .bss.s_ts_enabled
                0x2201678c        0x4 ./src/tp_thread_entry.o
 .bss.s_detected_status
                0x22016790        0x1 ./src/tp_thread_entry.o
 .bss.was_pressed.1
                0x22016791        0x1 ./src/tp_thread_entry.o
 .bss.touch_event.0
                0x22016792        0x1 ./src/tp_thread_entry.o
 *fill*         0x22016793        0x1 
 .bss.blinky_thread_memory
                0x22016794       0x70 ./ra_gen/blinky_thread.o
 .bss.blinky_thread
                0x22016804        0x4 ./ra_gen/blinky_thread.o
                0x22016804                blinky_thread
 .bss.board_mon_thread_memory
                0x22016808       0x70 ./ra_gen/board_mon_thread.o
 .bss.board_mon_thread
                0x22016878        0x4 ./ra_gen/board_mon_thread.o
                0x22016878                board_mon_thread
 .bss.camera_thread_memory
                0x2201687c       0x70 ./ra_gen/camera_thread.o
 .bss.camera_thread
                0x220168ec        0x4 ./ra_gen/camera_thread.o
                0x220168ec                camera_thread
 .bss.g_mipi_phy0_ctrl
                0x220168f0        0x8 ./ra_gen/common_data.o
                0x220168f0                g_mipi_phy0_ctrl
 .bss.g_mipi_csi0_ctrl
                0x220168f8       0x14 ./ra_gen/common_data.o
                0x220168f8                g_mipi_csi0_ctrl
 .bss.g_vin0_ctrl
                0x2201690c       0x14 ./ra_gen/common_data.o
                0x2201690c                g_vin0_ctrl
 .bss.gp_d2_handle
                0x22016920        0x4 ./ra_gen/common_data.o
                0x22016920                gp_d2_handle
 .bss.g_plcd_display_ctrl
                0x22016924       0x10 ./ra_gen/common_data.o
                0x22016924                g_plcd_display_ctrl
 .bss.g_external_irq19_ctrl
                0x22016934       0x10 ./ra_gen/common_data.o
                0x22016934                g_external_irq19_ctrl
 .bss.g_external_irq12ds_ctrl
                0x22016944       0x10 ./ra_gen/common_data.o
                0x22016944                g_external_irq12ds_ctrl
 .bss.g_external_irq13ds_ctrl
                0x22016954       0x10 ./ra_gen/common_data.o
                0x22016954                g_external_irq13ds_ctrl
 .bss.g_ioport_ctrl
                0x22016964        0x8 ./ra_gen/common_data.o
                0x22016964                g_ioport_ctrl
 .bss.g_update_console_event
                0x2201696c        0x4 ./ra_gen/common_data.o
                0x2201696c                g_update_console_event
 .bss.g_update_console_event_memory
                0x22016970       0x1c ./ra_gen/common_data.o
                0x22016970                g_update_console_event_memory
 .bss.g_update_display_event
                0x2201698c        0x4 ./ra_gen/common_data.o
                0x2201698c                g_update_display_event
 .bss.g_update_display_event_memory
                0x22016990       0x1c ./ra_gen/common_data.o
                0x22016990                g_update_display_event_memory
 .bss.g_irq_binary_semaphore
                0x220169ac        0x4 ./ra_gen/common_data.o
                0x220169ac                g_irq_binary_semaphore
 .bss.g_irq_binary_semaphore_memory
                0x220169b0       0x48 ./ra_gen/common_data.o
                0x220169b0                g_irq_binary_semaphore_memory
 .bss.g_i2c_event_group
                0x220169f8        0x4 ./ra_gen/common_data.o
                0x220169f8                g_i2c_event_group
 .bss.g_i2c_event_group_memory
                0x220169fc       0x1c ./ra_gen/common_data.o
                0x220169fc                g_i2c_event_group_memory
 .bss.display_thread_memory
                0x22016a18       0x70 ./ra_gen/display_thread.o
 .bss.display_thread
                0x22016a88        0x4 ./ra_gen/display_thread.o
                0x22016a88                display_thread
 .bss.led_brightness_timer_ctrl
                0x22016a8c       0x20 ./ra_gen/hal_data.o
                0x22016a8c                led_brightness_timer_ctrl
 .bss.led_pulse_timer_ctrl
                0x22016aac       0x20 ./ra_gen/hal_data.o
                0x22016aac                led_pulse_timer_ctrl
 .bss.g_blinker_blue_ctrl
                0x22016acc       0x20 ./ra_gen/hal_data.o
                0x22016acc                g_blinker_blue_ctrl
 .bss.g_gpt_blue_ctrl
                0x22016aec       0x20 ./ra_gen/hal_data.o
                0x22016aec                g_gpt_blue_ctrl
 .bss.g_adc_ctrl
                0x22016b0c       0x28 ./ra_gen/hal_data.o
                0x22016b0c                g_adc_ctrl
 .bss.g_memory_performance_ctrl
                0x22016b34       0x20 ./ra_gen/hal_data.o
                0x22016b34                g_memory_performance_ctrl
 .bss.g_ospi0_ctrl
                0x22016b54       0x14 ./ra_gen/hal_data.o
                0x22016b54                g_ospi0_ctrl
 .bss.g_jlink_console_ctrl
                0x22016b68       0x30 ./ra_gen/hal_data.o
                0x22016b68                g_jlink_console_ctrl
 .bss.g_timer_camera_xclk_ctrl
                0x22016b98       0x20 ./ra_gen/hal_data.o
                0x22016b98                g_timer_camera_xclk_ctrl
 .bss.g_board_i2c_master_ctrl
                0x22016bb8       0x40 ./ra_gen/hal_data.o
                0x22016bb8                g_board_i2c_master_ctrl
 .bss.g_fsp_common_thread_count
                0x22016bf8        0x4 ./ra_gen/main.o
                0x22016bf8                g_fsp_common_thread_count
 .bss.g_fsp_common_initialized
                0x22016bfc        0x1 ./ra_gen/main.o
                0x22016bfc                g_fsp_common_initialized
 *fill*         0x22016bfd        0x3 
 .bss.g_fsp_common_initialized_semaphore
                0x22016c00        0x4 ./ra_gen/main.o
                0x22016c00                g_fsp_common_initialized_semaphore
 .bss.g_fsp_common_initialized_semaphore_memory
                0x22016c04       0x48 ./ra_gen/main.o
                0x22016c04                g_fsp_common_initialized_semaphore_memory
 .bss.xIdleTaskTCB.0
                0x22016c4c       0x70 ./ra_gen/main.o
 .bss.uxIdleTaskStack.1
                0x22016cbc      0x200 ./ra_gen/main.o
 .bss.xTimerTaskTCB.2
                0x22016ebc       0x70 ./ra_gen/main.o
 .bss.uxTimerTaskStack.3
                0x22016f2c      0x200 ./ra_gen/main.o
 .bss.main_menu_thread_memory
                0x2201712c       0x70 ./ra_gen/main_menu_thread.o
 .bss.main_menu_thread
                0x2201719c        0x4 ./ra_gen/main_menu_thread.o
                0x2201719c                main_menu_thread
 .bss.tp_thread_memory
                0x220171a0       0x70 ./ra_gen/tp_thread.o
 .bss.tp_thread
                0x22017210        0x4 ./ra_gen/tp_thread.o
                0x22017210                tp_thread
 .bss.g_devicechain
                0x22017214        0x4 ./ra/tes/dave2d/src/dave_driver.o
 .bss.uxCriticalNesting
                0x22017218        0x4 ./ra/fsp/src/rm_freertos_port/port.o
 .bss.g_mask_level_before_disable
                0x2201721c        0x4 ./ra/fsp/src/rm_freertos_port/port.o
 .bss.g_ospi_b_channels_open_flags
                0x22017220        0x4 ./ra/fsp/src/r_ospi_b/r_ospi_b.o
 .bss.g_ctrl_blk
                0x22017224        0xc ./ra/fsp/src/r_glcdc/r_glcdc.o
 .bss.g_fade_pending
                0x22017230        0x8 ./ra/fsp/src/r_glcdc/r_glcdc.o
 .bss.g_frame_ctr
                0x22017238        0x4 ./ra/fsp/src/r_glcdc/r_glcdc.o
 .bss.device_d2d
                0x2201723c        0x8 ./ra/fsp/src/r_drw/r_drw_base.o
 .bss.g_d1_queryirq_sem
                0x22017244        0x4 ./ra/fsp/src/r_drw/r_drw_irq.o
 .bss.g_d1_queryirq_sem_data
                0x22017248       0x48 ./ra/fsp/src/r_drw/r_drw_irq.o
 .bss.g_bsp_group_irq_sources
                0x22017290       0x54 ./ra/fsp/src/bsp/mcu/all/bsp_group_irq.o
                0x22017290                g_bsp_group_irq_sources
 .bss.g_protect_pfswe_counter
                0x220172e4        0x4 ./ra/fsp/src/bsp/mcu/all/bsp_io.o
                0x220172e4                g_protect_pfswe_counter
 .bss.gp_renesas_isr_context
                0x220172e8       0xac ./ra/fsp/src/bsp/mcu/all/bsp_irq.o
                0x220172e8                gp_renesas_isr_context
 .bss.g_protect_counters
                0x22017394        0x8 ./ra/fsp/src/bsp/mcu/all/bsp_register_protection.o
                0x22017394                g_protect_counters
 .bss.current_block_offset.0
                0x2201739c        0x4 ./ra/fsp/src/bsp/mcu/all/bsp_sbrk.o
 .bss.SystemCoreClock
                0x220173a0        0x4 ./ra/fsp/src/bsp/cmsis/Device/RENESAS/Source/system.o
                0x220173a0                SystemCoreClock
 .bss.ucHeap    0x220173a4    0x80000 ./ra/aws/FreeRTOS/FreeRTOS/Source/portable/MemMang/heap_4.o
 .bss.xStart    0x220973a4        0x8 ./ra/aws/FreeRTOS/FreeRTOS/Source/portable/MemMang/heap_4.o
 .bss.pxEnd     0x220973ac        0x4 ./ra/aws/FreeRTOS/FreeRTOS/Source/portable/MemMang/heap_4.o
 .bss.xFreeBytesRemaining
                0x220973b0        0x4 ./ra/aws/FreeRTOS/FreeRTOS/Source/portable/MemMang/heap_4.o
 .bss.xMinimumEverFreeBytesRemaining
                0x220973b4        0x4 ./ra/aws/FreeRTOS/FreeRTOS/Source/portable/MemMang/heap_4.o
 .bss.xNumberOfSuccessfulAllocations
                0x220973b8        0x4 ./ra/aws/FreeRTOS/FreeRTOS/Source/portable/MemMang/heap_4.o
 .bss.xNumberOfSuccessfulFrees
                0x220973bc        0x4 ./ra/aws/FreeRTOS/FreeRTOS/Source/portable/MemMang/heap_4.o
 .bss.xQueueRegistry
                0x220973c0       0x50 ./ra/aws/FreeRTOS/FreeRTOS/Source/queue.o
                0x220973c0                xQueueRegistry
 .bss.pxCurrentTCB
                0x22097410        0x4 ./ra/aws/FreeRTOS/FreeRTOS/Source/tasks.o
                0x22097410                pxCurrentTCB
 .bss.pxReadyTasksLists
                0x22097414      0x140 ./ra/aws/FreeRTOS/FreeRTOS/Source/tasks.o
 .bss.xDelayedTaskList1
                0x22097554       0x14 ./ra/aws/FreeRTOS/FreeRTOS/Source/tasks.o
 .bss.xDelayedTaskList2
                0x22097568       0x14 ./ra/aws/FreeRTOS/FreeRTOS/Source/tasks.o
 .bss.pxDelayedTaskList
                0x2209757c        0x4 ./ra/aws/FreeRTOS/FreeRTOS/Source/tasks.o
 .bss.pxOverflowDelayedTaskList
                0x22097580        0x4 ./ra/aws/FreeRTOS/FreeRTOS/Source/tasks.o
 .bss.xPendingReadyList
                0x22097584       0x14 ./ra/aws/FreeRTOS/FreeRTOS/Source/tasks.o
 .bss.xTasksWaitingTermination
                0x22097598       0x14 ./ra/aws/FreeRTOS/FreeRTOS/Source/tasks.o
 .bss.uxDeletedTasksWaitingCleanUp
                0x220975ac        0x4 ./ra/aws/FreeRTOS/FreeRTOS/Source/tasks.o
 .bss.xSuspendedTaskList
                0x220975b0       0x14 ./ra/aws/FreeRTOS/FreeRTOS/Source/tasks.o
 .bss.uxCurrentNumberOfTasks
                0x220975c4        0x4 ./ra/aws/FreeRTOS/FreeRTOS/Source/tasks.o
 .bss.xTickCount
                0x220975c8        0x4 ./ra/aws/FreeRTOS/FreeRTOS/Source/tasks.o
 .bss.uxTopReadyPriority
                0x220975cc        0x4 ./ra/aws/FreeRTOS/FreeRTOS/Source/tasks.o
 .bss.xSchedulerRunning
                0x220975d0        0x4 ./ra/aws/FreeRTOS/FreeRTOS/Source/tasks.o
 .bss.xPendedTicks
                0x220975d4        0x4 ./ra/aws/FreeRTOS/FreeRTOS/Source/tasks.o
 .bss.xYieldPendings
                0x220975d8        0x4 ./ra/aws/FreeRTOS/FreeRTOS/Source/tasks.o
 .bss.xNumOfOverflows
                0x220975dc        0x4 ./ra/aws/FreeRTOS/FreeRTOS/Source/tasks.o
 .bss.uxTaskNumber
                0x220975e0        0x4 ./ra/aws/FreeRTOS/FreeRTOS/Source/tasks.o
 .bss.xNextTaskUnblockTime
                0x220975e4        0x4 ./ra/aws/FreeRTOS/FreeRTOS/Source/tasks.o
 .bss.xIdleTaskHandles
                0x220975e8        0x4 ./ra/aws/FreeRTOS/FreeRTOS/Source/tasks.o
 .bss.uxSchedulerSuspended
                0x220975ec        0x4 ./ra/aws/FreeRTOS/FreeRTOS/Source/tasks.o
 .bss.xActiveTimerList1
                0x220975f0       0x14 ./ra/aws/FreeRTOS/FreeRTOS/Source/timers.o
 .bss.xActiveTimerList2
                0x22097604       0x14 ./ra/aws/FreeRTOS/FreeRTOS/Source/timers.o
 .bss.pxCurrentTimerList
                0x22097618        0x4 ./ra/aws/FreeRTOS/FreeRTOS/Source/timers.o
 .bss.pxOverflowTimerList
                0x2209761c        0x4 ./ra/aws/FreeRTOS/FreeRTOS/Source/timers.o
 .bss.xTimerQueue
                0x22097620        0x4 ./ra/aws/FreeRTOS/FreeRTOS/Source/timers.o
 .bss.xTimerTaskHandle
                0x22097624        0x4 ./ra/aws/FreeRTOS/FreeRTOS/Source/timers.o
 .bss.xLastTime.7
                0x22097628        0x4 ./ra/aws/FreeRTOS/FreeRTOS/Source/timers.o
 .bss.ucStaticTimerQueueStorage.5
                0x2209762c       0xa0 ./ra/aws/FreeRTOS/FreeRTOS/Source/timers.o
 .bss.xStaticTimerQueue.4
                0x220976cc       0x48 ./ra/aws/FreeRTOS/FreeRTOS/Source/timers.o
 .bss.__sf      0x22097714      0x138 /Applications/Renesas e2 studio with RA FSP v6.0.0/toolchains/arm-gnu-toolchain-13.2.Rel1-darwin-arm64-arm-none-eabi/bin/../lib/gcc/arm-none-eabi/13.2.1/../../../../arm-none-eabi/lib/thumb/v8-m.main+dp/hard/libg_nano.a(libc_a-findfp.o)
                0x22097714                __sf
 .bss.__lock___malloc_recursive_mutex
                0x2209784c        0x1 /Applications/Renesas e2 studio with RA FSP v6.0.0/toolchains/arm-gnu-toolchain-13.2.Rel1-darwin-arm64-arm-none-eabi/bin/../lib/gcc/arm-none-eabi/13.2.1/../../../../arm-none-eabi/lib/thumb/v8-m.main+dp/hard/libg_nano.a(libc_a-lock.o)
                0x2209784c                __lock___malloc_recursive_mutex
 *fill*         0x2209784d        0x3 
 .bss.__malloc_sbrk_start
                0x22097850        0x4 /Applications/Renesas e2 studio with RA FSP v6.0.0/toolchains/arm-gnu-toolchain-13.2.Rel1-darwin-arm64-arm-none-eabi/bin/../lib/gcc/arm-none-eabi/13.2.1/../../../../arm-none-eabi/lib/thumb/v8-m.main+dp/hard/libg_nano.a(libc_a-mallocr.o)
                0x22097850                __malloc_sbrk_start
 .bss.__malloc_free_list
                0x22097854        0x4 /Applications/Renesas e2 studio with RA FSP v6.0.0/toolchains/arm-gnu-toolchain-13.2.Rel1-darwin-arm64-arm-none-eabi/bin/../lib/gcc/arm-none-eabi/13.2.1/../../../../arm-none-eabi/lib/thumb/v8-m.main+dp/hard/libg_nano.a(libc_a-mallocr.o)
                0x22097854                __malloc_free_list
 .bss.errno     0x22097858        0x4 /Applications/Renesas e2 studio with RA FSP v6.0.0/toolchains/arm-gnu-toolchain-13.2.Rel1-darwin-arm64-arm-none-eabi/bin/../lib/gcc/arm-none-eabi/13.2.1/../../../../arm-none-eabi/lib/thumb/v8-m.main+dp/hard/libg_nano.a(libc_a-reent.o)
                0x22097858                errno
                0x2209785c                        __ram_zero$$Limit = .

__ram_thread_stack$$
                0x22097860     0x65a0 load address 0x02003bd8
                0x22097860                        __ram_thread_stack$$Base = .
 *(.stack?*)
 .stack.blinky_thread
                0x22097860      0x200 ./ra_gen/blinky_thread.o
 .stack.board_mon_thread
                0x22097a60      0x400 ./ra_gen/board_mon_thread.o
 .stack.camera_thread
                0x22097e60     0x2800 ./ra_gen/camera_thread.o
 .stack.display_thread
                0x2209a660      0x800 ./ra_gen/display_thread.o
 .stack.main_menu_thread
                0x2209ae60     0x1fa0 ./ra_gen/main_menu_thread.o
 .stack.tp_thread
                0x2209ce00     0x1000 ./ra_gen/tp_thread.o
                0x2209de00                        __ram_thread_stack$$Limit = .

.ram.endof      0x2209e000        0x0
                0x2209e000                        __ddsc_RAM_END = .

.ram.flat_nsc   0x2209e000        0x0
                0x2209e000                        __sau_ddsc_RAM_NSC = .

__flash_readonly$$
                0x02003bd8    0xc8630
                0x02003bd8                        __flash_readonly$$Base = .
 *(.flash)
 *(.flash_code)
 *(.text*)
 .text.deregister_tm_clones
                0x02003bd8       0x1c /Applications/Renesas e2 studio with RA FSP v6.0.0/toolchains/arm-gnu-toolchain-13.2.Rel1-darwin-arm64-arm-none-eabi/bin/../lib/gcc/arm-none-eabi/13.2.1/thumb/v8-m.main+dp/hard/crtbegin.o
 .text.register_tm_clones
                0x02003bf4       0x28 /Applications/Renesas e2 studio with RA FSP v6.0.0/toolchains/arm-gnu-toolchain-13.2.Rel1-darwin-arm64-arm-none-eabi/bin/../lib/gcc/arm-none-eabi/13.2.1/thumb/v8-m.main+dp/hard/crtbegin.o
 .text.__do_global_dtors_aux
                0x02003c1c       0x28 /Applications/Renesas e2 studio with RA FSP v6.0.0/toolchains/arm-gnu-toolchain-13.2.Rel1-darwin-arm64-arm-none-eabi/bin/../lib/gcc/arm-none-eabi/13.2.1/thumb/v8-m.main+dp/hard/crtbegin.o
 .text.frame_dummy
                0x02003c44       0x24 /Applications/Renesas e2 studio with RA FSP v6.0.0/toolchains/arm-gnu-toolchain-13.2.Rel1-darwin-arm64-arm-none-eabi/bin/../lib/gcc/arm-none-eabi/13.2.1/thumb/v8-m.main+dp/hard/crtbegin.o
 .text.user_font_title_load
                0x02003c68       0x28 ./src/images/user_font_title/user_font_title_if.o
 .text.select_bitmap
                0x02003c90       0xbc ./src/images/user_font_title/user_font_title_if.o
 .text.draw_bitmap
                0x02003d4c       0xbc ./src/images/user_font_title/user_font_title_if.o
 .text.user_font_title_draw_line
                0x02003e08       0x58 ./src/images/user_font_title/user_font_title_if.o
                0x02003e08                user_font_title_draw_line
 .text.user_font_body_load
                0x02003e60       0x28 ./src/images/user_font_body/user_font_body_if.o
 .text.select_bitmap
                0x02003e88      0x1ac ./src/images/user_font_body/user_font_body_if.o
 .text.draw_bitmap
                0x02004034       0xbc ./src/images/user_font_body/user_font_body_if.o
 .text.user_font_body_draw_line
                0x020040f0       0x58 ./src/images/user_font_body/user_font_body_if.o
                0x020040f0                user_font_body_draw_line
 .text.blinky_thread_entry
                0x02004148       0x12 ./src/blinky_thread_entry.o
                0x02004148                blinky_thread_entry
 *fill*         0x0200415a        0x2 
 .text.board_cfg_switch_init
                0x0200415c       0x8c ./src/board_cfg_switch.o
                0x0200415c                board_cfg_switch_init
 .text.switch_set_status_msg
                0x020041e8       0x38 ./src/board_cfg_switch.o
                0x020041e8                switch_set_status_msg
 .text.board_cfg_switch_funct_on
                0x02004220       0x60 ./src/board_cfg_switch.o
                0x02004220                board_cfg_switch_funct_on
 .text.switch_read_block
                0x02004280       0x4c ./src/board_cfg_switch.o
 .text.board_greenpak_init
                0x020042cc      0x17c ./src/board_greenpak.o
                0x020042cc                board_greenpak_init
 .text.R_FSP_CurrentIrqGet
                0x02004448       0x2c ./src/board_i2c_master.o
 .text.R_BSP_IrqStatusClear
                0x02004474       0x40 ./src/board_i2c_master.o
 .text.board_i2c_master_wait_complete
                0x020044b4       0x54 ./src/board_i2c_master.o
                0x020044b4                board_i2c_master_wait_complete
 .text.wr_sensor_reg8_8
                0x02004508       0x44 ./src/board_i2c_master.o
                0x02004508                wr_sensor_reg8_8
 .text.rd_sensor_reg8_8
                0x0200454c       0x6c ./src/board_i2c_master.o
                0x0200454c                rd_sensor_reg8_8
 .text.wr_sensor_reg16_8
                0x020045b8       0x4e ./src/board_i2c_master.o
                0x020045b8                wr_sensor_reg16_8
 .text.rd_sensor_reg16_8
                0x02004606       0x68 ./src/board_i2c_master.o
                0x02004606                rd_sensor_reg16_8
 *fill*         0x0200466e        0x2 
 .text.board_i2c_master_callback
                0x02004670       0x90 ./src/board_i2c_master.o
                0x02004670                board_i2c_master_callback
 .text.R_BSP_PinWrite
                0x02004700       0x68 ./src/board_mon_thread_entry.o
 .text.R_BSP_PinAccessEnable
                0x02004768       0x60 ./src/board_mon_thread_entry.o
 .text.R_BSP_PinAccessDisable
                0x020047c8       0x68 ./src/board_mon_thread_entry.o
 .text.board_mon_thread_entry
                0x02004830       0xd0 ./src/board_mon_thread_entry.o
                0x02004830                board_mon_thread_entry
 .text.button_irq12_ds_callback
                0x02004900       0xcc ./src/board_mon_thread_entry.o
                0x02004900                button_irq12_ds_callback
 .text.button_irq13_ds_callback
                0x020049cc       0xcc ./src/board_mon_thread_entry.o
                0x020049cc                button_irq13_ds_callback
 .text.test_temperature_change
                0x02004a98      0x214 ./src/board_mon_thread_entry.o
 .text.is_sdram_initialised
                0x02004cac       0x20 ./src/board_sdram.o
                0x02004cac                is_sdram_initialised
 .text.bsp_sdram_init
                0x02004ccc      0x184 ./src/board_sdram.o
                0x02004ccc                bsp_sdram_init
 .text.R_FSP_SystemClockHzGet
                0x02004e50       0xc8 ./src/camera_thread_entry.o
 .text.R_BSP_PinAccessEnable
                0x02004f18       0x60 ./src/camera_thread_entry.o
 .text.R_BSP_PinAccessDisable
                0x02004f78       0x68 ./src/camera_thread_entry.o
 .text.camera_thread_entry
                0x02004fe0      0x154 ./src/camera_thread_entry.o
                0x02004fe0                camera_thread_entry
 .text.check_ov5640_camera_connected
                0x02005134       0x24 ./src/camera_thread_entry.o
                0x02005134                check_ov5640_camera_connected
 .text.ov5640_set_mipi_virtual_channel
                0x02005158       0x3e ./src/camera_thread_entry.o
                0x02005158                ov5640_set_mipi_virtual_channel
 .text.ov5640_stream_on
                0x02005196       0x12 ./src/camera_thread_entry.o
 .text.ov5640_stream_off
                0x020051a8       0x12 ./src/camera_thread_entry.o
 *fill*         0x020051ba        0x2 
 .text.ov5640_init
                0x020051bc      0xd78 ./src/camera_thread_entry.o
                0x020051bc                ov5640_init
 .text.vin0_callback
                0x02005f34       0x4c ./src/camera_thread_entry.o
                0x02005f34                vin0_callback
 .text.mipi_csi0_callback
                0x02005f80       0x78 ./src/camera_thread_entry.o
                0x02005f80                mipi_csi0_callback
 .text.ov5640_configure_clocks
                0x02005ff8      0x26c ./src/camera_thread_entry.o
 .text.R_BSP_PinWrite
                0x02006264       0x68 ./src/common_init.o
 .text.R_BSP_PinAccessEnable
                0x020062cc       0x60 ./src/common_init.o
 .text.R_BSP_PinAccessDisable
                0x0200632c       0x68 ./src/common_init.o
 .text.common_init
                0x02006394      0x120 ./src/common_init.o
                0x02006394                common_init
 .text.led_duty_cycle_update
                0x020064b4       0x50 ./src/common_init.o
                0x020064b4                led_duty_cycle_update
 .text.gpt_blinker_blue_callback
                0x02006504       0x50 ./src/common_init.o
                0x02006504                gpt_blinker_blue_callback
 .text.adc_initialize
                0x02006554       0x68 ./src/common_init.o
 .text.icu_initialize
                0x020065bc       0x70 ./src/common_init.o
 .text.gpt_initialize
                0x0200662c      0x110 ./src/common_init.o
 .text.system_up
                0x0200673c       0x18 ./src/common_init.o
                0x0200673c                system_up
 .text.tolowerstr
                0x02006754       0x6c ./src/common_utils.o
                0x02006754                tolowerstr
 .text.toupperstr
                0x020067c0       0x6c ./src/common_utils.o
                0x020067c0                toupperstr
 .text.R_BSP_PinAccessEnable
                0x0200682c       0x60 ./src/display_thread_entry.o
 .text.R_BSP_PinAccessDisable
                0x0200688c       0x68 ./src/display_thread_entry.o
 .text.graphics_reset_blit_buffer
                0x020068f4       0x98 ./src/display_thread_entry.o
                0x020068f4                graphics_reset_blit_buffer
 .text.display_next_buffer_set
                0x0200698c       0x20 ./src/display_thread_entry.o
                0x0200698c                display_next_buffer_set
 .text.display_thread_entry
                0x020069ac      0x24c ./src/display_thread_entry.o
                0x020069ac                display_thread_entry
 .text.call_user_draw
                0x02006bf8      0x11c ./src/display_thread_entry.o
                0x02006bf8                call_user_draw
 .text.draw_overlay
                0x02006d14       0x94 ./src/display_thread_entry.o
 .text.draw_background
                0x02006da8       0x44 ./src/display_thread_entry.o
 .text.set_background
                0x02006dec       0x58 ./src/display_thread_entry.o
 .text.draw_menu_icon
                0x02006e44      0x290 ./src/display_thread_entry.o
 .text.draw_exit_icon
                0x020070d4      0x208 ./src/display_thread_entry.o
 .text.initialise_primary_display
                0x020072dc       0xc4 ./src/display_thread_entry.o
 .text.set_gs_page
                0x020073a0       0x18 ./src/display_thread_entry.o
                0x020073a0                set_gs_page
 .text.set_display_image_text
                0x020073b8       0xac ./src/display_thread_entry.o
 .text.graphics_wait_vsync
                0x02007464       0x28 ./src/display_thread_entry.o
                0x02007464                graphics_wait_vsync
 .text.graphics_get_draw_buffer
                0x0200748c       0x28 ./src/display_thread_entry.o
                0x0200748c                graphics_get_draw_buffer
 .text.graphics_get_back_buffer
                0x020074b4       0x38 ./src/display_thread_entry.o
                0x020074b4                graphics_get_back_buffer
 .text.dsp_set_background
                0x020074ec      0x144 ./src/display_thread_entry.o
                0x020074ec                dsp_set_background
 .text.glcdc_vsync_isr
                0x02007630       0x40 ./src/display_thread_entry.o
                0x02007630                glcdc_vsync_isr
 .text.R_BSP_WarmStart
                0x02007670       0x30 ./src/hal_entry.o
                0x02007670                R_BSP_WarmStart
 .text.jlink_configured
                0x020076a0       0x20 ./src/jlink_console.o
                0x020076a0                jlink_configured
 .text.jlink_set_mode
                0x020076c0       0x28 ./src/jlink_console.o
                0x020076c0                jlink_set_mode
 .text.jlink_restore_mode
                0x020076e8       0x20 ./src/jlink_console.o
                0x020076e8                jlink_restore_mode
 .text.jlink_console_init
                0x02007708       0x38 ./src/jlink_console.o
                0x02007708                jlink_console_init
 .text.print_to_console
                0x02007740       0x32 ./src/jlink_console.o
                0x02007740                print_to_console
 *fill*         0x02007772        0x2 
 .text.start_key_check
                0x02007774       0x2c ./src/jlink_console.o
                0x02007774                start_key_check
 .text.get_detected_key
                0x020077a0       0x18 ./src/jlink_console.o
                0x020077a0                get_detected_key
 .text.key_pressed
                0x020077b8       0x18 ./src/jlink_console.o
                0x020077b8                key_pressed
 .text.jlink_console_write
                0x020077d0       0x64 ./src/jlink_console.o
 .text.input_from_console
                0x02007834       0x26 ./src/jlink_console.o
                0x02007834                input_from_console
 *fill*         0x0200785a        0x2 
 .text.jlink_console_callback
                0x0200785c       0xa0 ./src/jlink_console.o
                0x0200785c                jlink_console_callback
 .text.main_menu_thread_entry
                0x020078fc      0x11c ./src/main_menu_thread_entry.o
                0x020078fc                main_menu_thread_entry
 .text.R_BSP_PinWrite
                0x02007a18       0x68 ./src/menu_ext.o
 .text.R_BSP_PinAccessEnable
                0x02007a80       0x60 ./src/menu_ext.o
 .text.R_BSP_PinAccessDisable
                0x02007ae0       0x68 ./src/menu_ext.o
 .text.ospi_performance_test
                0x02007b48      0x128 ./src/menu_ext.o
                0x02007b48                ospi_performance_test
 .text.ext_display_menu
                0x02007c70      0x3c8 ./src/menu_ext.o
                0x02007c70                ext_display_menu
 .text.clear_console
                0x02008038       0x14 ./src/menu_ext.o
                0x02008038                clear_console
 .text.wait_for_write
                0x0200804c       0x50 ./src/menu_ext.o
 .text.write_test_opi
                0x0200809c      0x160 ./src/menu_ext.o
 .text.read_test_opi
                0x020081fc      0x140 ./src/menu_ext.o
 .text.validate_user_input
                0x0200833c       0x74 ./src/menu_ext.o
 .text.R_BSP_UniqueIdGet
                0x020083b0       0x14 ./src/menu_kis.o
 .text.kis_display_menu
                0x020083c4      0x3d4 ./src/menu_kis.o
                0x020083c4                kis_display_menu
 .text.lcd_display_menu
                0x02008798      0x268 ./src/menu_lcd.o
                0x02008798                lcd_display_menu
 .text.menu_lcd_update_screen
                0x02008a00       0xa8 ./src/menu_lcd.o
                0x02008a00                menu_lcd_update_screen
 .text.get_brightness
                0x02008aa8       0xd0 ./src/menu_led.o
 .text.angle    0x02008b78      0x13c ./src/menu_led.o
 .text.map_tp_to_hitbox
                0x02008cb4      0x13c ./src/menu_led.o
 .text.angle_to_frequency
                0x02008df0       0x60 ./src/menu_led.o
 .text.led_display_menu
                0x02008e50      0x474 ./src/menu_led.o
                0x02008e50                led_display_menu
 .text.close_led_timers
                0x020092c4       0x38 ./src/menu_led.o
 .text.configure_led
                0x020092fc      0x1c0 ./src/menu_led.o
                0x020092fc                configure_led
 *fill*         0x020094bc        0x4 
 .text.map_angle_to_screen
                0x020094c0      0x218 ./src/menu_led.o
 .text.menu_led_update_screen
                0x020096d8      0x27c ./src/menu_led.o
                0x020096d8                menu_led_update_screen
 .text.led_blink_processor
                0x02009954      0x114 ./src/menu_led.o
 .text.led_brightness_processor
                0x02009a68      0x190 ./src/menu_led.o
 .text.led_brightness_timer_callback
                0x02009bf8       0x14 ./src/menu_led.o
                0x02009bf8                led_brightness_timer_callback
 .text.led_pulse_timer_callback
                0x02009c0c       0x14 ./src/menu_led.o
                0x02009c0c                led_pulse_timer_callback
 .text.main_display_menu
                0x02009c20      0x3d0 ./src/menu_main.o
                0x02009c20                main_display_menu
 .text.set_selected_menu_demo
                0x02009ff0       0x20 ./src/menu_main.o
                0x02009ff0                set_selected_menu_demo
 .text.get_selected_menu_demo
                0x0200a010       0x20 ./src/menu_main.o
                0x0200a010                get_selected_menu_demo
 .text.ns_display_menu
                0x0200a030      0x1a4 ./src/menu_ns.o
                0x0200a030                ns_display_menu
 .text.ospi_b_write_enable
                0x0200a1d4       0xac ./src/ospi_b_ep.o
 .text.ospi_b_init
                0x0200a280      0x158 ./src/ospi_b_ep.o
                0x0200a280                ospi_b_init
 .text.ospi_b_set_protocol_to_spi
                0x0200a3d8       0x60 ./src/ospi_b_ep.o
                0x0200a3d8                ospi_b_set_protocol_to_spi
 .text.ospi_b_set_protocol_to_opi
                0x0200a438       0xa8 ./src/ospi_b_ep.o
                0x0200a438                ospi_b_set_protocol_to_opi
 .text.R_BSP_PinWrite
                0x0200a4e0       0x68 ./src/ov5640.o
 .text.R_BSP_PinAccessEnable
                0x0200a548       0x60 ./src/ov5640.o
 .text.R_BSP_PinAccessDisable
                0x0200a5a8       0x68 ./src/ov5640.o
 .text.ov5640_write_reg
                0x0200a610       0x48 ./src/ov5640.o
                0x0200a610                ov5640_write_reg
 .text.ov5640_read_reg
                0x0200a658       0x34 ./src/ov5640.o
                0x0200a658                ov5640_read_reg
 .text.ov5640_hw_init
                0x0200a68c       0x2c ./src/ov5640.o
                0x0200a68c                ov5640_hw_init
 .text.ov5640_exit_power_down
                0x0200a6b8       0x5c ./src/ov5640.o
                0x0200a6b8                ov5640_exit_power_down
 .text.ov5640_hw_reset
                0x0200a714       0x40 ./src/ov5640.o
                0x0200a714                ov5640_hw_reset
 .text.ov5640_sw_reset
                0x0200a754       0x44 ./src/ov5640.o
                0x0200a754                ov5640_sw_reset
 .text.touch_panel_reset
                0x0200a798       0x48 ./src/touch_FT5316.o
                0x0200a798                touch_panel_reset
 .text.touch_panel_configure
                0x0200a7e0        0xe ./src/touch_FT5316.o
                0x0200a7e0                touch_panel_configure
 *fill*         0x0200a7ee        0x2 
 .text.read_ft5316_tp_status
                0x0200a7f0       0x38 ./src/touch_FT5316.o
                0x0200a7f0                read_ft5316_tp_status
 .text.read_reg8
                0x0200a828       0x4c ./src/touch_FT5316.o
                0x0200a828                read_reg8
 .text.irq19_tp_callback
                0x0200a874       0x60 ./src/touch_FT5316.o
                0x0200a874                irq19_tp_callback
 .text.process_menu_detection
                0x0200a8d4      0x304 ./src/tp_thread_entry.o
                0x0200a8d4                process_menu_detection
 .text.tp_thread_entry
                0x0200abd8       0x60 ./src/tp_thread_entry.o
                0x0200abd8                tp_thread_entry
 .text.tp_thread_enable_ts
                0x0200ac38       0x24 ./src/tp_thread_entry.o
 .text.tp_thread_disable_ts
                0x0200ac5c       0x24 ./src/tp_thread_entry.o
 .text.ts_configured
                0x0200ac80       0x24 ./src/tp_thread_entry.o
                0x0200ac80                ts_configured
 .text.ts_thread_enable_output
                0x0200aca4       0x20 ./src/tp_thread_entry.o
                0x0200aca4                ts_thread_enable_output
 .text.touchpad_init
                0x0200acc4       0x6c ./src/tp_thread_entry.o
 .text.touchpad_is_pressed
                0x0200ad30       0x5c ./src/tp_thread_entry.o
 .text.touchpad_get_xy
                0x0200ad8c      0x13c ./src/tp_thread_entry.o
 .text.touchpad_read
                0x0200aec8       0x8c ./src/tp_thread_entry.o
 .text.touchpad_get_copy
                0x0200af54       0x28 ./src/tp_thread_entry.o
                0x0200af54                touchpad_get_copy
 .text.blinky_thread_create
                0x0200af7c       0x64 ./ra_gen/blinky_thread.o
                0x0200af7c                blinky_thread_create
 .text.blinky_thread_func
                0x0200afe0       0x1a ./ra_gen/blinky_thread.o
 *fill*         0x0200affa        0x2 
 .text.board_mon_thread_create
                0x0200affc       0x68 ./ra_gen/board_mon_thread.o
                0x0200affc                board_mon_thread_create
 .text.board_mon_thread_func
                0x0200b064       0x1a ./ra_gen/board_mon_thread.o
 *fill*         0x0200b07e        0x2 
 .text.camera_thread_create
                0x0200b080       0x68 ./ra_gen/camera_thread.o
                0x0200b080                camera_thread_create
 .text.camera_thread_func
                0x0200b0e8       0x1a ./ra_gen/camera_thread.o
 *fill*         0x0200b102        0x2 
 .text.g_common_init
                0x0200b104       0xb8 ./ra_gen/common_data.o
                0x0200b104                g_common_init
 .text.display_thread_create
                0x0200b1bc       0x68 ./ra_gen/display_thread.o
                0x0200b1bc                display_thread_create
 .text.display_thread_func
                0x0200b224       0x1a ./ra_gen/display_thread.o
 .text.g_hal_init
                0x0200b23e        0xc ./ra_gen/hal_data.o
                0x0200b23e                g_hal_init
 .text.rtos_startup_err_callback_internal
                0x0200b24a       0x18 ./ra_gen/main.o
                0x0200b24a                rtos_startup_err_callback_internal
                0x0200b24a                rtos_startup_err_callback
 *fill*         0x0200b262        0x2 
 .text.rtos_startup_common_init
                0x0200b264       0x94 ./ra_gen/main.o
                0x0200b264                rtos_startup_common_init
 .text.main     0x0200b2f8       0x68 ./ra_gen/main.o
                0x0200b2f8                main
 .text.vApplicationGetIdleTaskMemory
                0x0200b360       0x34 ./ra_gen/main.o
                0x0200b360                vApplicationGetIdleTaskMemory
 .text.vApplicationGetTimerTaskMemory
                0x0200b394       0x34 ./ra_gen/main.o
                0x0200b394                vApplicationGetTimerTaskMemory
 .text.main_menu_thread_create
                0x0200b3c8       0x68 ./ra_gen/main_menu_thread.o
                0x0200b3c8                main_menu_thread_create
 .text.main_menu_thread_func
                0x0200b430       0x1a ./ra_gen/main_menu_thread.o
 *fill*         0x0200b44a        0x2 
 .text.tp_thread_create
                0x0200b44c       0x68 ./ra_gen/tp_thread.o
                0x0200b44c                tp_thread_create
 .text.tp_thread_func
                0x0200b4b4       0x1a ./ra_gen/tp_thread.o
 .text.d2_seterr
                0x0200b4ce       0x22 ./ra/tes/dave2d/src/dave_blit.o
 .text.d2_setblitsrc
                0x0200b4f0       0xce ./ra/tes/dave2d/src/dave_blit.o
                0x0200b4f0                d2_setblitsrc
 *fill*         0x0200b5be        0x2 
 .text.d2_blitcopy
                0x0200b5c0      0x72c ./ra/tes/dave2d/src/dave_blit.o
                0x0200b5c0                d2_blitcopy
 .text.d2_add2dlist_intern
                0x0200bcec       0x5a ./ra/tes/dave2d/src/dave_box.o
 *fill*         0x0200bd46        0x2 
 .text.d2_renderbox_inline
                0x0200bd48      0x444 ./ra/tes/dave2d/src/dave_box.o
                0x0200bd48                d2_renderbox_inline
 .text.d2_clearbox_intern
                0x0200c18c      0x320 ./ra/tes/dave2d/src/dave_box.o
 .text.d2_renderbox_intern
                0x0200c4ac       0x3e ./ra/tes/dave2d/src/dave_box.o
                0x0200c4ac                d2_renderbox_intern
 .text.d2_renderbox_solid